<?xml version="1.0" encoding="ISO-8859-1" ?>
<link_info>
   <banner>TI ARM Linker PC v18.1.3.LTS</banner>
   <copyright>Copyright (c) 1996-2017 Texas Instruments Incorporated</copyright>
   <link_time>0x5bd05ec5</link_time>
   <link_errors>0x0</link_errors>
   <output_file>Ej1_PWM-Servo.out</output_file>
   <entry_point>
      <name>_c_int00_noargs</name>
      <address>0x2da1</address>
   </entry_point>
   <input_file_list>
      <input_file id="fl-2">
         <path>.\</path>
         <kind>object</kind>
         <file>Ej1_PWM-Servo.obj</file>
         <name>Ej1_PWM-Servo.obj</name>
      </input_file>
      <input_file id="fl-3">
         <path>.\</path>
         <kind>object</kind>
         <file>tm4c123gh6pm_startup_ccs.obj</file>
         <name>tm4c123gh6pm_startup_ccs.obj</name>
      </input_file>
      <input_file id="fl-4">
         <path>.\driverlib\</path>
         <kind>object</kind>
         <file>adc.obj</file>
         <name>adc.obj</name>
      </input_file>
      <input_file id="fl-5">
         <path>.\driverlib\</path>
         <kind>object</kind>
         <file>aes.obj</file>
         <name>aes.obj</name>
      </input_file>
      <input_file id="fl-6">
         <path>.\driverlib\</path>
         <kind>object</kind>
         <file>buttons.obj</file>
         <name>buttons.obj</name>
      </input_file>
      <input_file id="fl-7">
         <path>.\driverlib\</path>
         <kind>object</kind>
         <file>can.obj</file>
         <name>can.obj</name>
      </input_file>
      <input_file id="fl-8">
         <path>.\driverlib\</path>
         <kind>object</kind>
         <file>comp.obj</file>
         <name>comp.obj</name>
      </input_file>
      <input_file id="fl-9">
         <path>.\driverlib\</path>
         <kind>object</kind>
         <file>cpu.obj</file>
         <name>cpu.obj</name>
      </input_file>
      <input_file id="fl-a">
         <path>.\driverlib\</path>
         <kind>object</kind>
         <file>crc.obj</file>
         <name>crc.obj</name>
      </input_file>
      <input_file id="fl-b">
         <path>.\driverlib\</path>
         <kind>object</kind>
         <file>des.obj</file>
         <name>des.obj</name>
      </input_file>
      <input_file id="fl-c">
         <path>.\driverlib\</path>
         <kind>object</kind>
         <file>eeprom.obj</file>
         <name>eeprom.obj</name>
      </input_file>
      <input_file id="fl-d">
         <path>.\driverlib\</path>
         <kind>object</kind>
         <file>emac.obj</file>
         <name>emac.obj</name>
      </input_file>
      <input_file id="fl-e">
         <path>.\driverlib\</path>
         <kind>object</kind>
         <file>epi.obj</file>
         <name>epi.obj</name>
      </input_file>
      <input_file id="fl-f">
         <path>.\driverlib\</path>
         <kind>object</kind>
         <file>epi_workaround_ccs.obj</file>
         <name>epi_workaround_ccs.obj</name>
      </input_file>
      <input_file id="fl-10">
         <path>.\driverlib\</path>
         <kind>object</kind>
         <file>flash.obj</file>
         <name>flash.obj</name>
      </input_file>
      <input_file id="fl-11">
         <path>.\driverlib\</path>
         <kind>object</kind>
         <file>fpu.obj</file>
         <name>fpu.obj</name>
      </input_file>
      <input_file id="fl-12">
         <path>.\driverlib\</path>
         <kind>object</kind>
         <file>gpio.obj</file>
         <name>gpio.obj</name>
      </input_file>
      <input_file id="fl-13">
         <path>.\driverlib\</path>
         <kind>object</kind>
         <file>hibernate.obj</file>
         <name>hibernate.obj</name>
      </input_file>
      <input_file id="fl-14">
         <path>.\driverlib\</path>
         <kind>object</kind>
         <file>i2c.obj</file>
         <name>i2c.obj</name>
      </input_file>
      <input_file id="fl-15">
         <path>.\driverlib\</path>
         <kind>object</kind>
         <file>interrupt.obj</file>
         <name>interrupt.obj</name>
      </input_file>
      <input_file id="fl-16">
         <path>.\driverlib\</path>
         <kind>object</kind>
         <file>lcd.obj</file>
         <name>lcd.obj</name>
      </input_file>
      <input_file id="fl-17">
         <path>.\driverlib\</path>
         <kind>object</kind>
         <file>mpu.obj</file>
         <name>mpu.obj</name>
      </input_file>
      <input_file id="fl-18">
         <path>.\driverlib\</path>
         <kind>object</kind>
         <file>onewire.obj</file>
         <name>onewire.obj</name>
      </input_file>
      <input_file id="fl-19">
         <path>.\driverlib\</path>
         <kind>object</kind>
         <file>pwm.obj</file>
         <name>pwm.obj</name>
      </input_file>
      <input_file id="fl-1a">
         <path>.\driverlib\</path>
         <kind>object</kind>
         <file>qei.obj</file>
         <name>qei.obj</name>
      </input_file>
      <input_file id="fl-1b">
         <path>.\driverlib\</path>
         <kind>object</kind>
         <file>shamd5.obj</file>
         <name>shamd5.obj</name>
      </input_file>
      <input_file id="fl-1c">
         <path>.\driverlib\</path>
         <kind>object</kind>
         <file>ssi.obj</file>
         <name>ssi.obj</name>
      </input_file>
      <input_file id="fl-1d">
         <path>.\driverlib\</path>
         <kind>object</kind>
         <file>sw_crc.obj</file>
         <name>sw_crc.obj</name>
      </input_file>
      <input_file id="fl-1e">
         <path>.\driverlib\</path>
         <kind>object</kind>
         <file>sysctl.obj</file>
         <name>sysctl.obj</name>
      </input_file>
      <input_file id="fl-1f">
         <path>.\driverlib\</path>
         <kind>object</kind>
         <file>sysexc.obj</file>
         <name>sysexc.obj</name>
      </input_file>
      <input_file id="fl-20">
         <path>.\driverlib\</path>
         <kind>object</kind>
         <file>systick.obj</file>
         <name>systick.obj</name>
      </input_file>
      <input_file id="fl-21">
         <path>.\driverlib\</path>
         <kind>object</kind>
         <file>timer.obj</file>
         <name>timer.obj</name>
      </input_file>
      <input_file id="fl-22">
         <path>.\driverlib\</path>
         <kind>object</kind>
         <file>uart.obj</file>
         <name>uart.obj</name>
      </input_file>
      <input_file id="fl-23">
         <path>.\driverlib\</path>
         <kind>object</kind>
         <file>udma.obj</file>
         <name>udma.obj</name>
      </input_file>
      <input_file id="fl-24">
         <path>.\driverlib\</path>
         <kind>object</kind>
         <file>usb.obj</file>
         <name>usb.obj</name>
      </input_file>
      <input_file id="fl-25">
         <path>.\driverlib\</path>
         <kind>object</kind>
         <file>watchdog.obj</file>
         <name>watchdog.obj</name>
      </input_file>
      <input_file id="fl-2d">
         <kind>object</kind>
         <file>&lt;internal&gt;</file>
         <name>&lt;internal&gt;</name>
      </input_file>
      <input_file id="fl-e3">
         <path>C:\Ingenieria\ccsv8\tools\compiler\ti-cgt-arm_18.1.3.LTS\lib\</path>
         <kind>archive</kind>
         <file>rtsv7M4_T_le_v4SPD16_eabi.lib</file>
         <name>fd_div_t2.asm.obj</name>
      </input_file>
      <input_file id="fl-e4">
         <path>C:\Ingenieria\ccsv8\tools\compiler\ti-cgt-arm_18.1.3.LTS\lib\</path>
         <kind>archive</kind>
         <file>rtsv7M4_T_le_v4SPD16_eabi.lib</file>
         <name>fd_tou_t2.asm.obj</name>
      </input_file>
      <input_file id="fl-e5">
         <path>C:\Ingenieria\ccsv8\tools\compiler\ti-cgt-arm_18.1.3.LTS\lib\</path>
         <kind>archive</kind>
         <file>rtsv7M4_T_le_v4SPD16_eabi.lib</file>
         <name>u_tofd_t2.asm.obj</name>
      </input_file>
      <input_file id="fl-e6">
         <path>C:\Ingenieria\ccsv8\tools\compiler\ti-cgt-arm_18.1.3.LTS\lib\</path>
         <kind>archive</kind>
         <file>rtsv7M4_T_le_v4SPD16_eabi.lib</file>
         <name>copy_zero_init.c.obj</name>
      </input_file>
      <input_file id="fl-e7">
         <path>C:\Ingenieria\ccsv8\tools\compiler\ti-cgt-arm_18.1.3.LTS\lib\</path>
         <kind>archive</kind>
         <file>rtsv7M4_T_le_v4SPD16_eabi.lib</file>
         <name>copy_decompress_none.c.obj</name>
      </input_file>
      <input_file id="fl-e8">
         <path>C:\Ingenieria\ccsv8\tools\compiler\ti-cgt-arm_18.1.3.LTS\lib\</path>
         <kind>archive</kind>
         <file>rtsv7M4_T_le_v4SPD16_eabi.lib</file>
         <name>copy_decompress_lzss.c.obj</name>
      </input_file>
      <input_file id="fl-e9">
         <path>C:\Ingenieria\ccsv8\tools\compiler\ti-cgt-arm_18.1.3.LTS\lib\</path>
         <kind>archive</kind>
         <file>rtsv7M4_T_le_v4SPD16_eabi.lib</file>
         <name>boot_cortex_m.c.obj</name>
      </input_file>
      <input_file id="fl-ea">
         <path>C:\Ingenieria\ccsv8\tools\compiler\ti-cgt-arm_18.1.3.LTS\lib\</path>
         <kind>archive</kind>
         <file>rtsv7M4_T_le_v4SPD16_eabi.lib</file>
         <name>memset_t2.asm.obj</name>
      </input_file>
      <input_file id="fl-eb">
         <path>C:\Ingenieria\ccsv8\tools\compiler\ti-cgt-arm_18.1.3.LTS\lib\</path>
         <kind>archive</kind>
         <file>rtsv7M4_T_le_v4SPD16_eabi.lib</file>
         <name>memcpy_t2.asm.obj</name>
      </input_file>
      <input_file id="fl-ec">
         <path>C:\Ingenieria\ccsv8\tools\compiler\ti-cgt-arm_18.1.3.LTS\lib\</path>
         <kind>archive</kind>
         <file>rtsv7M4_T_le_v4SPD16_eabi.lib</file>
         <name>autoinit.c.obj</name>
      </input_file>
      <input_file id="fl-ed">
         <path>C:\Ingenieria\ccsv8\tools\compiler\ti-cgt-arm_18.1.3.LTS\lib\</path>
         <kind>archive</kind>
         <file>rtsv7M4_T_le_v4SPD16_eabi.lib</file>
         <name>pre_init.c.obj</name>
      </input_file>
      <input_file id="fl-ee">
         <path>C:\Ingenieria\ccsv8\tools\compiler\ti-cgt-arm_18.1.3.LTS\lib\</path>
         <kind>archive</kind>
         <file>rtsv7M4_T_le_v4SPD16_eabi.lib</file>
         <name>cpy_tbl.c.obj</name>
      </input_file>
      <input_file id="fl-ef">
         <path>C:\Ingenieria\ccsv8\tools\compiler\ti-cgt-arm_18.1.3.LTS\lib\</path>
         <kind>archive</kind>
         <file>rtsv7M4_T_le_v4SPD16_eabi.lib</file>
         <name>exit.c.obj</name>
      </input_file>
      <input_file id="fl-f0">
         <path>C:\Ingenieria\ccsv8\tools\compiler\ti-cgt-arm_18.1.3.LTS\lib\</path>
         <kind>archive</kind>
         <file>rtsv7M4_T_le_v4SPD16_eabi.lib</file>
         <name>_lock.c.obj</name>
      </input_file>
      <input_file id="fl-f1">
         <path>C:\Ingenieria\ccsv8\tools\compiler\ti-cgt-arm_18.1.3.LTS\lib\</path>
         <kind>archive</kind>
         <file>rtsv7M4_T_le_v4SPD16_eabi.lib</file>
         <name>args_main.c.obj</name>
      </input_file>
   </input_file_list>
   <object_component_list>
      <object_component id="oc-f">
         <name>.intvecs</name>
         <load_address>0x0</load_address>
         <run_address>0x0</run_address>
         <size>0x26c</size>
         <input_file_ref idref="fl-3"/>
      </object_component>
      <object_component id="oc-71">
         <name>.text</name>
         <load_address>0x26c</load_address>
         <run_address>0x26c</run_address>
         <size>0xf80</size>
         <input_file_ref idref="fl-1e"/>
      </object_component>
      <object_component id="oc-77">
         <name>.text</name>
         <load_address>0x11ec</load_address>
         <run_address>0x11ec</run_address>
         <size>0xb94</size>
         <input_file_ref idref="fl-12"/>
      </object_component>
      <object_component id="oc-83">
         <name>.text</name>
         <load_address>0x1d80</load_address>
         <run_address>0x1d80</run_address>
         <size>0x718</size>
         <input_file_ref idref="fl-19"/>
      </object_component>
      <object_component id="oc-98">
         <name>.text</name>
         <load_address>0x2498</load_address>
         <run_address>0x2498</run_address>
         <size>0x3c0</size>
         <input_file_ref idref="fl-15"/>
      </object_component>
      <object_component id="oc-8e">
         <name>.text</name>
         <load_address>0x2858</load_address>
         <run_address>0x2858</run_address>
         <size>0x136</size>
         <input_file_ref idref="fl-e3"/>
      </object_component>
      <object_component id="oc-7d">
         <name>.text</name>
         <load_address>0x2990</load_address>
         <run_address>0x2990</run_address>
         <size>0x128</size>
         <input_file_ref idref="fl-6"/>
      </object_component>
      <object_component id="oc-2a">
         <name>.text</name>
         <load_address>0x2ab8</load_address>
         <run_address>0x2ab8</run_address>
         <size>0x11c</size>
         <input_file_ref idref="fl-2"/>
      </object_component>
      <object_component id="oc-3e">
         <name>.text</name>
         <load_address>0x2bd4</load_address>
         <run_address>0x2bd4</run_address>
         <size>0x9c</size>
         <input_file_ref idref="fl-eb"/>
      </object_component>
      <object_component id="oc-12">
         <name>.text:decompress:lzss:__TI_decompress_lzss</name>
         <load_address>0x2c70</load_address>
         <run_address>0x2c70</run_address>
         <size>0x68</size>
         <input_file_ref idref="fl-e8"/>
      </object_component>
      <object_component id="oc-145">
         <name>.text:__TI_auto_init_nobinit_nopinit:__TI_auto_init_nobinit_nopinit</name>
         <load_address>0x2cd8</load_address>
         <run_address>0x2cd8</run_address>
         <size>0x44</size>
         <input_file_ref idref="fl-ec"/>
      </object_component>
      <object_component id="oc-93">
         <name>.text</name>
         <load_address>0x2d1c</load_address>
         <run_address>0x2d1c</run_address>
         <size>0x44</size>
         <input_file_ref idref="fl-e4"/>
      </object_component>
      <object_component id="oc-e0">
         <name>.text</name>
         <load_address>0x2d60</load_address>
         <run_address>0x2d60</run_address>
         <size>0x3e</size>
         <input_file_ref idref="fl-9"/>
      </object_component>
      <object_component id="oc-5c">
         <name>.text:_c_int00_noargs:_c_int00_noargs</name>
         <load_address>0x2da0</load_address>
         <run_address>0x2da0</run_address>
         <size>0x38</size>
         <input_file_ref idref="fl-e9"/>
      </object_component>
      <object_component id="oc-89">
         <name>.text</name>
         <load_address>0x2dd8</load_address>
         <run_address>0x2dd8</run_address>
         <size>0x20</size>
         <input_file_ref idref="fl-e5"/>
      </object_component>
      <object_component id="oc-4a">
         <name>.text:decompress:ZI:__TI_zero_init_nomemset:__TI_zero_init_nomemset</name>
         <load_address>0x2df8</load_address>
         <run_address>0x2df8</run_address>
         <size>0x12</size>
         <input_file_ref idref="fl-e6"/>
      </object_component>
      <object_component id="oc-18">
         <name>.text:decompress:none:__TI_decompress_none</name>
         <load_address>0x2e0a</load_address>
         <run_address>0x2e0a</run_address>
         <size>0xe</size>
         <input_file_ref idref="fl-e7"/>
      </object_component>
      <object_component id="oc-24">
         <name>.text</name>
         <load_address>0x2e18</load_address>
         <run_address>0x2e18</run_address>
         <size>0xc</size>
         <input_file_ref idref="fl-3"/>
      </object_component>
      <object_component id="oc-ef">
         <name>.text:SysCtlDelay</name>
         <load_address>0x2e24</load_address>
         <run_address>0x2e24</run_address>
         <size>0x6</size>
         <input_file_ref idref="fl-1e"/>
      </object_component>
      <object_component id="oc-cb">
         <name>.text:_system_pre_init</name>
         <load_address>0x2e2a</load_address>
         <run_address>0x2e2a</run_address>
         <size>0x4</size>
         <input_file_ref idref="fl-ed"/>
      </object_component>
      <object_component id="oc-139">
         <name>.text:abort:abort</name>
         <load_address>0x2e2e</load_address>
         <run_address>0x2e2e</run_address>
         <size>0x4</size>
         <input_file_ref idref="fl-ef"/>
      </object_component>
      <object_component id="oc-ec">
         <name>.const:g_pppui32XTALtoVCO</name>
         <load_address>0x2e34</load_address>
         <run_address>0x2e34</run_address>
         <size>0x1b0</size>
         <input_file_ref idref="fl-1e"/>
      </object_component>
      <object_component id="oc-fa">
         <name>.const:g_ppui32GPIOIntMapSnowflake</name>
         <load_address>0x2fe4</load_address>
         <run_address>0x2fe4</run_address>
         <size>0xd8</size>
         <input_file_ref idref="fl-12"/>
      </object_component>
      <object_component id="oc-f7">
         <name>.const:g_ppui32GPIOIntMapBlizzard</name>
         <load_address>0x30bc</load_address>
         <run_address>0x30bc</run_address>
         <size>0xc0</size>
         <input_file_ref idref="fl-12"/>
      </object_component>
      <object_component id="oc-112">
         <name>.const:g_pui32Regs</name>
         <load_address>0x317c</load_address>
         <run_address>0x317c</run_address>
         <size>0x9c</size>
         <input_file_ref idref="fl-15"/>
      </object_component>
      <object_component id="oc-fd">
         <name>.const:g_pui32GPIOBaseAddrs</name>
         <load_address>0x3218</load_address>
         <run_address>0x3218</run_address>
         <size>0x90</size>
         <input_file_ref idref="fl-12"/>
      </object_component>
      <object_component id="oc-e6">
         <name>.const:g_pui32Xtals</name>
         <load_address>0x32a8</load_address>
         <run_address>0x32a8</run_address>
         <size>0x6c</size>
         <input_file_ref idref="fl-1e"/>
      </object_component>
      <object_component id="oc-dd">
         <name>.const:g_sXTALtoMEMTIM</name>
         <load_address>0x3314</load_address>
         <run_address>0x3314</run_address>
         <size>0x30</size>
         <input_file_ref idref="fl-1e"/>
      </object_component>
      <object_component id="oc-10f">
         <name>.const:g_pui32Priority</name>
         <load_address>0x3344</load_address>
         <run_address>0x3344</run_address>
         <size>0x20</size>
         <input_file_ref idref="fl-15"/>
      </object_component>
      <object_component id="oc-118">
         <name>.const:g_pui32Dii16Regs</name>
         <load_address>0x3364</load_address>
         <run_address>0x3364</run_address>
         <size>0x14</size>
         <input_file_ref idref="fl-15"/>
      </object_component>
      <object_component id="oc-115">
         <name>.const:g_pui32EnRegs</name>
         <load_address>0x3378</load_address>
         <run_address>0x3378</run_address>
         <size>0x14</size>
         <input_file_ref idref="fl-15"/>
      </object_component>
      <object_component id="oc-11b">
         <name>.const:g_pui32PendRegs</name>
         <load_address>0x338c</load_address>
         <run_address>0x338c</run_address>
         <size>0x14</size>
         <input_file_ref idref="fl-15"/>
      </object_component>
      <object_component id="oc-11e">
         <name>.const:g_pui32UnpendRegs</name>
         <load_address>0x33a0</load_address>
         <run_address>0x33a0</run_address>
         <size>0x14</size>
         <input_file_ref idref="fl-15"/>
      </object_component>
      <object_component id="oc-e9">
         <name>.const:g_pui32VCOFrequencies</name>
         <load_address>0x33b4</load_address>
         <run_address>0x33b4</run_address>
         <size>0x8</size>
         <input_file_ref idref="fl-1e"/>
      </object_component>
      <object_component id="oc-21d">
         <name>__TI_handler_table</name>
         <load_address>0x33c0</load_address>
         <run_address>0x33c0</run_address>
         <size>0xc</size>
      </object_component>
      <object_component id="oc-21f">
         <name>.cinit..vtable.load</name>
         <load_address>0x33d0</load_address>
         <run_address>0x33d0</run_address>
         <size>0x8</size>
      </object_component>
      <object_component id="oc-220">
         <name>.cinit..data.load</name>
         <load_address>0x33d8</load_address>
         <run_address>0x33d8</run_address>
         <size>0x7</size>
      </object_component>
      <object_component id="oc-21e">
         <name>__TI_cinit_table</name>
         <load_address>0x33e0</load_address>
         <run_address>0x33e0</run_address>
         <size>0x10</size>
      </object_component>
      <object_component id="oc-10c">
         <name>.vtable</name>
         <uninitialized>true</uninitialized>
         <run_address>0x20000000</run_address>
         <size>0x26c</size>
         <input_file_ref idref="fl-15"/>
      </object_component>
      <object_component id="oc-102">
         <name>.data</name>
         <load_address>0x2000026c</load_address>
         <run_address>0x2000026c</run_address>
         <size>0x3</size>
         <input_file_ref idref="fl-6"/>
      </object_component>
      <object_component id="oc-21">
         <name>.stack</name>
         <uninitialized>true</uninitialized>
         <run_address>0x20000270</run_address>
         <size>0x4</size>
         <input_file_ref idref="fl-e9"/>
      </object_component>
      <object_component id="oc-221">
         <name>.stack</name>
         <uninitialized>true</uninitialized>
         <run_address>0x20000270</run_address>
         <size>0x0</size>
      </object_component>
      <object_component id="oc-128">
         <name>.debug_info</name>
         <load_address>0x0</load_address>
         <run_address>0x0</run_address>
         <size>0x5df</size>
         <input_file_ref idref="fl-2"/>
      </object_component>
      <object_component id="oc-2b">
         <name>.debug_info</name>
         <load_address>0x5df</load_address>
         <run_address>0x5df</run_address>
         <size>0x3fe</size>
         <input_file_ref idref="fl-2"/>
      </object_component>
      <object_component id="oc-ab">
         <name>.debug_info</name>
         <load_address>0x9dd</load_address>
         <run_address>0x9dd</run_address>
         <size>0x26b</size>
         <input_file_ref idref="fl-2"/>
      </object_component>
      <object_component id="oc-9f">
         <name>.debug_info</name>
         <load_address>0xc48</load_address>
         <run_address>0xc48</run_address>
         <size>0x8b</size>
         <input_file_ref idref="fl-2"/>
      </object_component>
      <object_component id="oc-123">
         <name>.debug_info</name>
         <load_address>0xcd3</load_address>
         <run_address>0xcd3</run_address>
         <size>0x297</size>
         <input_file_ref idref="fl-2"/>
      </object_component>
      <object_component id="oc-f1">
         <name>.debug_info</name>
         <load_address>0xf6a</load_address>
         <run_address>0xf6a</run_address>
         <size>0xef</size>
         <input_file_ref idref="fl-2"/>
      </object_component>
      <object_component id="oc-a4">
         <name>.debug_info</name>
         <load_address>0x1059</load_address>
         <run_address>0x1059</run_address>
         <size>0xbb</size>
         <input_file_ref idref="fl-2"/>
      </object_component>
      <object_component id="oc-32">
         <name>.debug_info</name>
         <load_address>0x1114</load_address>
         <run_address>0x1114</run_address>
         <size>0x2c0</size>
         <input_file_ref idref="fl-3"/>
      </object_component>
      <object_component id="oc-10">
         <name>.debug_info</name>
         <load_address>0x13d4</load_address>
         <run_address>0x13d4</run_address>
         <size>0xe5</size>
         <input_file_ref idref="fl-3"/>
      </object_component>
      <object_component id="oc-25">
         <name>.debug_info</name>
         <load_address>0x14b9</load_address>
         <run_address>0x14b9</run_address>
         <size>0x261</size>
         <input_file_ref idref="fl-3"/>
      </object_component>
      <object_component id="oc-39">
         <name>.debug_info</name>
         <load_address>0x171a</load_address>
         <run_address>0x171a</run_address>
         <size>0x84</size>
         <input_file_ref idref="fl-3"/>
      </object_component>
      <object_component id="oc-106">
         <name>.debug_info</name>
         <load_address>0x179e</load_address>
         <run_address>0x179e</run_address>
         <size>0x267</size>
         <input_file_ref idref="fl-6"/>
      </object_component>
      <object_component id="oc-103">
         <name>.debug_info</name>
         <load_address>0x1a05</load_address>
         <run_address>0x1a05</run_address>
         <size>0xe7</size>
         <input_file_ref idref="fl-6"/>
      </object_component>
      <object_component id="oc-80">
         <name>.debug_info</name>
         <load_address>0x1aec</load_address>
         <run_address>0x1aec</run_address>
         <size>0x2b4</size>
         <input_file_ref idref="fl-6"/>
      </object_component>
      <object_component id="oc-e2">
         <name>.debug_info</name>
         <load_address>0x1da0</load_address>
         <run_address>0x1da0</run_address>
         <size>0x332</size>
         <input_file_ref idref="fl-9"/>
      </object_component>
      <object_component id="oc-101">
         <name>.debug_info</name>
         <load_address>0x20d2</load_address>
         <run_address>0x20d2</run_address>
         <size>0x356</size>
         <input_file_ref idref="fl-12"/>
      </object_component>
      <object_component id="oc-f8">
         <name>.debug_info</name>
         <load_address>0x2428</load_address>
         <run_address>0x2428</run_address>
         <size>0xf6</size>
         <input_file_ref idref="fl-12"/>
      </object_component>
      <object_component id="oc-fb">
         <name>.debug_info</name>
         <load_address>0x251e</load_address>
         <run_address>0x251e</run_address>
         <size>0xf8</size>
         <input_file_ref idref="fl-12"/>
      </object_component>
      <object_component id="oc-fe">
         <name>.debug_info</name>
         <load_address>0x2616</load_address>
         <run_address>0x2616</run_address>
         <size>0xea</size>
         <input_file_ref idref="fl-12"/>
      </object_component>
      <object_component id="oc-78">
         <name>.debug_info</name>
         <load_address>0x2700</load_address>
         <run_address>0x2700</run_address>
         <size>0x3119</size>
         <input_file_ref idref="fl-12"/>
      </object_component>
      <object_component id="oc-122">
         <name>.debug_info</name>
         <load_address>0x5819</load_address>
         <run_address>0x5819</run_address>
         <size>0x333</size>
         <input_file_ref idref="fl-15"/>
      </object_component>
      <object_component id="oc-110">
         <name>.debug_info</name>
         <load_address>0x5b4c</load_address>
         <run_address>0x5b4c</run_address>
         <size>0xe5</size>
         <input_file_ref idref="fl-15"/>
      </object_component>
      <object_component id="oc-113">
         <name>.debug_info</name>
         <load_address>0x5c31</load_address>
         <run_address>0x5c31</run_address>
         <size>0xdd</size>
         <input_file_ref idref="fl-15"/>
      </object_component>
      <object_component id="oc-116">
         <name>.debug_info</name>
         <load_address>0x5d0e</load_address>
         <run_address>0x5d0e</run_address>
         <size>0xe1</size>
         <input_file_ref idref="fl-15"/>
      </object_component>
      <object_component id="oc-119">
         <name>.debug_info</name>
         <load_address>0x5def</load_address>
         <run_address>0x5def</run_address>
         <size>0xe7</size>
         <input_file_ref idref="fl-15"/>
      </object_component>
      <object_component id="oc-11c">
         <name>.debug_info</name>
         <load_address>0x5ed6</load_address>
         <run_address>0x5ed6</run_address>
         <size>0xe5</size>
         <input_file_ref idref="fl-15"/>
      </object_component>
      <object_component id="oc-11f">
         <name>.debug_info</name>
         <load_address>0x5fbb</load_address>
         <run_address>0x5fbb</run_address>
         <size>0xe9</size>
         <input_file_ref idref="fl-15"/>
      </object_component>
      <object_component id="oc-10d">
         <name>.debug_info</name>
         <load_address>0x60a4</load_address>
         <run_address>0x60a4</run_address>
         <size>0xe6</size>
         <input_file_ref idref="fl-15"/>
      </object_component>
      <object_component id="oc-9c">
         <name>.debug_info</name>
         <load_address>0x618a</load_address>
         <run_address>0x618a</run_address>
         <size>0xce6</size>
         <input_file_ref idref="fl-15"/>
      </object_component>
      <object_component id="oc-108">
         <name>.debug_info</name>
         <load_address>0x6e70</load_address>
         <run_address>0x6e70</run_address>
         <size>0x308</size>
         <input_file_ref idref="fl-19"/>
      </object_component>
      <object_component id="oc-84">
         <name>.debug_info</name>
         <load_address>0x7178</load_address>
         <run_address>0x7178</run_address>
         <size>0x2777</size>
         <input_file_ref idref="fl-19"/>
      </object_component>
      <object_component id="oc-f6">
         <name>.debug_info</name>
         <load_address>0x98ef</load_address>
         <run_address>0x98ef</run_address>
         <size>0x3b8</size>
         <input_file_ref idref="fl-1e"/>
      </object_component>
      <object_component id="oc-e7">
         <name>.debug_info</name>
         <load_address>0x9ca7</load_address>
         <run_address>0x9ca7</run_address>
         <size>0xdc</size>
         <input_file_ref idref="fl-1e"/>
      </object_component>
      <object_component id="oc-ed">
         <name>.debug_info</name>
         <load_address>0x9d83</load_address>
         <run_address>0x9d83</run_address>
         <size>0xe8</size>
         <input_file_ref idref="fl-1e"/>
      </object_component>
      <object_component id="oc-de">
         <name>.debug_info</name>
         <load_address>0x9e6b</load_address>
         <run_address>0x9e6b</run_address>
         <size>0xe2</size>
         <input_file_ref idref="fl-1e"/>
      </object_component>
      <object_component id="oc-ea">
         <name>.debug_info</name>
         <load_address>0x9f4d</load_address>
         <run_address>0x9f4d</run_address>
         <size>0xef</size>
         <input_file_ref idref="fl-1e"/>
      </object_component>
      <object_component id="oc-74">
         <name>.debug_info</name>
         <load_address>0xa03c</load_address>
         <run_address>0xa03c</run_address>
         <size>0x2b2c</size>
         <input_file_ref idref="fl-1e"/>
      </object_component>
      <object_component id="oc-182">
         <name>.debug_info</name>
         <load_address>0xcb68</load_address>
         <run_address>0xcb68</run_address>
         <size>0x51</size>
         <input_file_ref idref="fl-1e"/>
      </object_component>
      <object_component id="oc-91">
         <name>.debug_info</name>
         <load_address>0xcbb9</load_address>
         <run_address>0xcbb9</run_address>
         <size>0x132</size>
         <input_file_ref idref="fl-e3"/>
      </object_component>
      <object_component id="oc-95">
         <name>.debug_info</name>
         <load_address>0xcceb</load_address>
         <run_address>0xcceb</run_address>
         <size>0x131</size>
         <input_file_ref idref="fl-e4"/>
      </object_component>
      <object_component id="oc-8a">
         <name>.debug_info</name>
         <load_address>0xce1c</load_address>
         <run_address>0xce1c</run_address>
         <size>0x126</size>
         <input_file_ref idref="fl-e5"/>
      </object_component>
      <object_component id="oc-c4">
         <name>.debug_info</name>
         <load_address>0xcf42</load_address>
         <run_address>0xcf42</run_address>
         <size>0x313</size>
         <input_file_ref idref="fl-e6"/>
      </object_component>
      <object_component id="oc-4b">
         <name>.debug_info</name>
         <load_address>0xd255</load_address>
         <run_address>0xd255</run_address>
         <size>0x1b4</size>
         <input_file_ref idref="fl-e6"/>
      </object_component>
      <object_component id="oc-bf">
         <name>.debug_info</name>
         <load_address>0xd409</load_address>
         <run_address>0xd409</run_address>
         <size>0x46</size>
         <input_file_ref idref="fl-e6"/>
      </object_component>
      <object_component id="oc-130">
         <name>.debug_info</name>
         <load_address>0xd44f</load_address>
         <run_address>0xd44f</run_address>
         <size>0x2c</size>
         <input_file_ref idref="fl-e6"/>
      </object_component>
      <object_component id="oc-49">
         <name>.debug_info</name>
         <load_address>0xd47b</load_address>
         <run_address>0xd47b</run_address>
         <size>0x29d</size>
         <input_file_ref idref="fl-e7"/>
      </object_component>
      <object_component id="oc-1c">
         <name>.debug_info</name>
         <load_address>0xd718</load_address>
         <run_address>0xd718</run_address>
         <size>0x1df</size>
         <input_file_ref idref="fl-e7"/>
      </object_component>
      <object_component id="oc-44">
         <name>.debug_info</name>
         <load_address>0xd8f7</load_address>
         <run_address>0xd8f7</run_address>
         <size>0x46</size>
         <input_file_ref idref="fl-e7"/>
      </object_component>
      <object_component id="oc-b7">
         <name>.debug_info</name>
         <load_address>0xd93d</load_address>
         <run_address>0xd93d</run_address>
         <size>0x2c</size>
         <input_file_ref idref="fl-e7"/>
      </object_component>
      <object_component id="oc-b5">
         <name>.debug_info</name>
         <load_address>0xd969</load_address>
         <run_address>0xd969</run_address>
         <size>0x293</size>
         <input_file_ref idref="fl-e8"/>
      </object_component>
      <object_component id="oc-13">
         <name>.debug_info</name>
         <load_address>0xdbfc</load_address>
         <run_address>0xdbfc</run_address>
         <size>0x245</size>
         <input_file_ref idref="fl-e8"/>
      </object_component>
      <object_component id="oc-34">
         <name>.debug_info</name>
         <load_address>0xde41</load_address>
         <run_address>0xde41</run_address>
         <size>0x60</size>
         <input_file_ref idref="fl-e8"/>
      </object_component>
      <object_component id="oc-129">
         <name>.debug_info</name>
         <load_address>0xdea1</load_address>
         <run_address>0xdea1</run_address>
         <size>0x46</size>
         <input_file_ref idref="fl-e8"/>
      </object_component>
      <object_component id="oc-b0">
         <name>.debug_info</name>
         <load_address>0xdee7</load_address>
         <run_address>0xdee7</run_address>
         <size>0x39</size>
         <input_file_ref idref="fl-e8"/>
      </object_component>
      <object_component id="oc-22">
         <name>.debug_info</name>
         <load_address>0xdf20</load_address>
         <run_address>0xdf20</run_address>
         <size>0x100</size>
         <input_file_ref idref="fl-e9"/>
      </object_component>
      <object_component id="oc-5d">
         <name>.debug_info</name>
         <load_address>0xe020</load_address>
         <run_address>0xe020</run_address>
         <size>0x1a4</size>
         <input_file_ref idref="fl-e9"/>
      </object_component>
      <object_component id="oc-3f">
         <name>.debug_info</name>
         <load_address>0xe1c4</load_address>
         <run_address>0xe1c4</run_address>
         <size>0x111</size>
         <input_file_ref idref="fl-eb"/>
      </object_component>
      <object_component id="oc-1b1">
         <name>.debug_info</name>
         <load_address>0xe2d5</load_address>
         <run_address>0xe2d5</run_address>
         <size>0x547</size>
         <input_file_ref idref="fl-ec"/>
      </object_component>
      <object_component id="oc-147">
         <name>.debug_info</name>
         <load_address>0xe81c</load_address>
         <run_address>0xe81c</run_address>
         <size>0x19b</size>
         <input_file_ref idref="fl-ec"/>
      </object_component>
      <object_component id="oc-1d6">
         <name>.debug_info</name>
         <load_address>0xe9b7</load_address>
         <run_address>0xe9b7</run_address>
         <size>0x39</size>
         <input_file_ref idref="fl-ec"/>
      </object_component>
      <object_component id="oc-1ea">
         <name>.debug_info</name>
         <load_address>0xe9f0</load_address>
         <run_address>0xe9f0</run_address>
         <size>0x39</size>
         <input_file_ref idref="fl-ec"/>
      </object_component>
      <object_component id="oc-1db">
         <name>.debug_info</name>
         <load_address>0xea29</load_address>
         <run_address>0xea29</run_address>
         <size>0x39</size>
         <input_file_ref idref="fl-ec"/>
      </object_component>
      <object_component id="oc-1e0">
         <name>.debug_info</name>
         <load_address>0xea62</load_address>
         <run_address>0xea62</run_address>
         <size>0xcd</size>
         <input_file_ref idref="fl-ec"/>
      </object_component>
      <object_component id="oc-cc">
         <name>.debug_info</name>
         <load_address>0xeb2f</load_address>
         <run_address>0xeb2f</run_address>
         <size>0x148</size>
         <input_file_ref idref="fl-ed"/>
      </object_component>
      <object_component id="oc-13a">
         <name>.debug_info</name>
         <load_address>0xec77</load_address>
         <run_address>0xec77</run_address>
         <size>0x117</size>
         <input_file_ref idref="fl-ef"/>
      </object_component>
      <object_component id="oc-222">
         <name>.debug_info</name>
         <load_address>0xed8e</load_address>
         <run_address>0xed8e</run_address>
         <size>0x9b</size>
      </object_component>
      <object_component id="oc-1a5">
         <name>.debug_line</name>
         <load_address>0x0</load_address>
         <run_address>0x0</run_address>
         <size>0x9c</size>
         <input_file_ref idref="fl-2"/>
      </object_component>
      <object_component id="oc-2e">
         <name>.debug_line</name>
         <load_address>0x9c</load_address>
         <run_address>0x9c</run_address>
         <size>0x84</size>
         <input_file_ref idref="fl-2"/>
      </object_component>
      <object_component id="oc-ae">
         <name>.debug_line</name>
         <load_address>0x120</load_address>
         <run_address>0x120</run_address>
         <size>0x71</size>
         <input_file_ref idref="fl-2"/>
      </object_component>
      <object_component id="oc-a2">
         <name>.debug_line</name>
         <load_address>0x191</load_address>
         <run_address>0x191</run_address>
         <size>0x20</size>
         <input_file_ref idref="fl-2"/>
      </object_component>
      <object_component id="oc-126">
         <name>.debug_line</name>
         <load_address>0x1b1</load_address>
         <run_address>0x1b1</run_address>
         <size>0x75</size>
         <input_file_ref idref="fl-2"/>
      </object_component>
      <object_component id="oc-f4">
         <name>.debug_line</name>
         <load_address>0x226</load_address>
         <run_address>0x226</run_address>
         <size>0x71</size>
         <input_file_ref idref="fl-2"/>
      </object_component>
      <object_component id="oc-a7">
         <name>.debug_line</name>
         <load_address>0x297</load_address>
         <run_address>0x297</run_address>
         <size>0x72</size>
         <input_file_ref idref="fl-2"/>
      </object_component>
      <object_component id="oc-aa">
         <name>.debug_line</name>
         <load_address>0x309</load_address>
         <run_address>0x309</run_address>
         <size>0x41</size>
         <input_file_ref idref="fl-3"/>
      </object_component>
      <object_component id="oc-31">
         <name>.debug_line</name>
         <load_address>0x34a</load_address>
         <run_address>0x34a</run_address>
         <size>0x41</size>
         <input_file_ref idref="fl-3"/>
      </object_component>
      <object_component id="oc-28">
         <name>.debug_line</name>
         <load_address>0x38b</load_address>
         <run_address>0x38b</run_address>
         <size>0xa1</size>
         <input_file_ref idref="fl-3"/>
      </object_component>
      <object_component id="oc-3c">
         <name>.debug_line</name>
         <load_address>0x42c</load_address>
         <run_address>0x42c</run_address>
         <size>0x20</size>
         <input_file_ref idref="fl-3"/>
      </object_component>
      <object_component id="oc-191">
         <name>.debug_line</name>
         <load_address>0x44c</load_address>
         <run_address>0x44c</run_address>
         <size>0x20</size>
         <input_file_ref idref="fl-6"/>
      </object_component>
      <object_component id="oc-18f">
         <name>.debug_line</name>
         <load_address>0x46c</load_address>
         <run_address>0x46c</run_address>
         <size>0x3a</size>
         <input_file_ref idref="fl-6"/>
      </object_component>
      <object_component id="oc-7e">
         <name>.debug_line</name>
         <load_address>0x4a6</load_address>
         <run_address>0x4a6</run_address>
         <size>0x88</size>
         <input_file_ref idref="fl-6"/>
      </object_component>
      <object_component id="oc-e4">
         <name>.debug_line</name>
         <load_address>0x52e</load_address>
         <run_address>0x52e</run_address>
         <size>0xd9</size>
         <input_file_ref idref="fl-9"/>
      </object_component>
      <object_component id="oc-18d">
         <name>.debug_line</name>
         <load_address>0x607</load_address>
         <run_address>0x607</run_address>
         <size>0x60</size>
         <input_file_ref idref="fl-12"/>
      </object_component>
      <object_component id="oc-187">
         <name>.debug_line</name>
         <load_address>0x667</load_address>
         <run_address>0x667</run_address>
         <size>0x37</size>
         <input_file_ref idref="fl-12"/>
      </object_component>
      <object_component id="oc-189">
         <name>.debug_line</name>
         <load_address>0x69e</load_address>
         <run_address>0x69e</run_address>
         <size>0x37</size>
         <input_file_ref idref="fl-12"/>
      </object_component>
      <object_component id="oc-18b">
         <name>.debug_line</name>
         <load_address>0x6d5</load_address>
         <run_address>0x6d5</run_address>
         <size>0x37</size>
         <input_file_ref idref="fl-12"/>
      </object_component>
      <object_component id="oc-7c">
         <name>.debug_line</name>
         <load_address>0x70c</load_address>
         <run_address>0x70c</run_address>
         <size>0x632</size>
         <input_file_ref idref="fl-12"/>
      </object_component>
      <object_component id="oc-1a3">
         <name>.debug_line</name>
         <load_address>0xd3e</load_address>
         <run_address>0xd3e</run_address>
         <size>0x5a</size>
         <input_file_ref idref="fl-15"/>
      </object_component>
      <object_component id="oc-197">
         <name>.debug_line</name>
         <load_address>0xd98</load_address>
         <run_address>0xd98</run_address>
         <size>0x3c</size>
         <input_file_ref idref="fl-15"/>
      </object_component>
      <object_component id="oc-199">
         <name>.debug_line</name>
         <load_address>0xdd4</load_address>
         <run_address>0xdd4</run_address>
         <size>0x3c</size>
         <input_file_ref idref="fl-15"/>
      </object_component>
      <object_component id="oc-19b">
         <name>.debug_line</name>
         <load_address>0xe10</load_address>
         <run_address>0xe10</run_address>
         <size>0x3c</size>
         <input_file_ref idref="fl-15"/>
      </object_component>
      <object_component id="oc-19d">
         <name>.debug_line</name>
         <load_address>0xe4c</load_address>
         <run_address>0xe4c</run_address>
         <size>0x3c</size>
         <input_file_ref idref="fl-15"/>
      </object_component>
      <object_component id="oc-19f">
         <name>.debug_line</name>
         <load_address>0xe88</load_address>
         <run_address>0xe88</run_address>
         <size>0x3c</size>
         <input_file_ref idref="fl-15"/>
      </object_component>
      <object_component id="oc-1a1">
         <name>.debug_line</name>
         <load_address>0xec4</load_address>
         <run_address>0xec4</run_address>
         <size>0x3c</size>
         <input_file_ref idref="fl-15"/>
      </object_component>
      <object_component id="oc-195">
         <name>.debug_line</name>
         <load_address>0xf00</load_address>
         <run_address>0xf00</run_address>
         <size>0x3c</size>
         <input_file_ref idref="fl-15"/>
      </object_component>
      <object_component id="oc-9a">
         <name>.debug_line</name>
         <load_address>0xf3c</load_address>
         <run_address>0xf3c</run_address>
         <size>0x2ed</size>
         <input_file_ref idref="fl-15"/>
      </object_component>
      <object_component id="oc-193">
         <name>.debug_line</name>
         <load_address>0x1229</load_address>
         <run_address>0x1229</run_address>
         <size>0x60</size>
         <input_file_ref idref="fl-19"/>
      </object_component>
      <object_component id="oc-87">
         <name>.debug_line</name>
         <load_address>0x1289</load_address>
         <run_address>0x1289</run_address>
         <size>0x557</size>
         <input_file_ref idref="fl-19"/>
      </object_component>
      <object_component id="oc-181">
         <name>.debug_line</name>
         <load_address>0x17e0</load_address>
         <run_address>0x17e0</run_address>
         <size>0xd7</size>
         <input_file_ref idref="fl-1e"/>
      </object_component>
      <object_component id="oc-17b">
         <name>.debug_line</name>
         <load_address>0x18b7</load_address>
         <run_address>0x18b7</run_address>
         <size>0x39</size>
         <input_file_ref idref="fl-1e"/>
      </object_component>
      <object_component id="oc-17f">
         <name>.debug_line</name>
         <load_address>0x18f0</load_address>
         <run_address>0x18f0</run_address>
         <size>0x39</size>
         <input_file_ref idref="fl-1e"/>
      </object_component>
      <object_component id="oc-178">
         <name>.debug_line</name>
         <load_address>0x1929</load_address>
         <run_address>0x1929</run_address>
         <size>0x39</size>
         <input_file_ref idref="fl-1e"/>
      </object_component>
      <object_component id="oc-17d">
         <name>.debug_line</name>
         <load_address>0x1962</load_address>
         <run_address>0x1962</run_address>
         <size>0x39</size>
         <input_file_ref idref="fl-1e"/>
      </object_component>
      <object_component id="oc-72">
         <name>.debug_line</name>
         <load_address>0x199b</load_address>
         <run_address>0x199b</run_address>
         <size>0x9b0</size>
         <input_file_ref idref="fl-1e"/>
      </object_component>
      <object_component id="oc-184">
         <name>.debug_line</name>
         <load_address>0x234b</load_address>
         <run_address>0x234b</run_address>
         <size>0x39</size>
         <input_file_ref idref="fl-1e"/>
      </object_component>
      <object_component id="oc-8f">
         <name>.debug_line</name>
         <load_address>0x2384</load_address>
         <run_address>0x2384</run_address>
         <size>0xa8</size>
         <input_file_ref idref="fl-e3"/>
      </object_component>
      <object_component id="oc-94">
         <name>.debug_line</name>
         <load_address>0x242c</load_address>
         <run_address>0x242c</run_address>
         <size>0x59</size>
         <input_file_ref idref="fl-e4"/>
      </object_component>
      <object_component id="oc-8d">
         <name>.debug_line</name>
         <load_address>0x2485</load_address>
         <run_address>0x2485</run_address>
         <size>0x4c</size>
         <input_file_ref idref="fl-e5"/>
      </object_component>
      <object_component id="oc-136">
         <name>.debug_line</name>
         <load_address>0x24d1</load_address>
         <run_address>0x24d1</run_address>
         <size>0x9e</size>
         <input_file_ref idref="fl-e6"/>
      </object_component>
      <object_component id="oc-4e">
         <name>.debug_line</name>
         <load_address>0x256f</load_address>
         <run_address>0x256f</run_address>
         <size>0x4f</size>
         <input_file_ref idref="fl-e6"/>
      </object_component>
      <object_component id="oc-c2">
         <name>.debug_line</name>
         <load_address>0x25be</load_address>
         <run_address>0x25be</run_address>
         <size>0x34</size>
         <input_file_ref idref="fl-e6"/>
      </object_component>
      <object_component id="oc-133">
         <name>.debug_line</name>
         <load_address>0x25f2</load_address>
         <run_address>0x25f2</run_address>
         <size>0x8a</size>
         <input_file_ref idref="fl-e6"/>
      </object_component>
      <object_component id="oc-bd">
         <name>.debug_line</name>
         <load_address>0x267c</load_address>
         <run_address>0x267c</run_address>
         <size>0x20</size>
         <input_file_ref idref="fl-e7"/>
      </object_component>
      <object_component id="oc-1a">
         <name>.debug_line</name>
         <load_address>0x269c</load_address>
         <run_address>0x269c</run_address>
         <size>0x55</size>
         <input_file_ref idref="fl-e7"/>
      </object_component>
      <object_component id="oc-47">
         <name>.debug_line</name>
         <load_address>0x26f1</load_address>
         <run_address>0x26f1</run_address>
         <size>0x3a</size>
         <input_file_ref idref="fl-e7"/>
      </object_component>
      <object_component id="oc-ba">
         <name>.debug_line</name>
         <load_address>0x272b</load_address>
         <run_address>0x272b</run_address>
         <size>0x8a</size>
         <input_file_ref idref="fl-e7"/>
      </object_component>
      <object_component id="oc-12f">
         <name>.debug_line</name>
         <load_address>0x27b5</load_address>
         <run_address>0x27b5</run_address>
         <size>0x20</size>
         <input_file_ref idref="fl-e8"/>
      </object_component>
      <object_component id="oc-17">
         <name>.debug_line</name>
         <load_address>0x27d5</load_address>
         <run_address>0x27d5</run_address>
         <size>0xa9</size>
         <input_file_ref idref="fl-e8"/>
      </object_component>
      <object_component id="oc-37">
         <name>.debug_line</name>
         <load_address>0x287e</load_address>
         <run_address>0x287e</run_address>
         <size>0x3a</size>
         <input_file_ref idref="fl-e8"/>
      </object_component>
      <object_component id="oc-12c">
         <name>.debug_line</name>
         <load_address>0x28b8</load_address>
         <run_address>0x28b8</run_address>
         <size>0x92</size>
         <input_file_ref idref="fl-e8"/>
      </object_component>
      <object_component id="oc-b3">
         <name>.debug_line</name>
         <load_address>0x294a</load_address>
         <run_address>0x294a</run_address>
         <size>0x8e</size>
         <input_file_ref idref="fl-e8"/>
      </object_component>
      <object_component id="oc-6f">
         <name>.debug_line</name>
         <load_address>0x29d8</load_address>
         <run_address>0x29d8</run_address>
         <size>0x33</size>
         <input_file_ref idref="fl-e9"/>
      </object_component>
      <object_component id="oc-61">
         <name>.debug_line</name>
         <load_address>0x2a0b</load_address>
         <run_address>0x2a0b</run_address>
         <size>0x56</size>
         <input_file_ref idref="fl-e9"/>
      </object_component>
      <object_component id="oc-42">
         <name>.debug_line</name>
         <load_address>0x2a61</load_address>
         <run_address>0x2a61</run_address>
         <size>0x88</size>
         <input_file_ref idref="fl-eb"/>
      </object_component>
      <object_component id="oc-1d5">
         <name>.debug_line</name>
         <load_address>0x2ae9</load_address>
         <run_address>0x2ae9</run_address>
         <size>0xb7</size>
         <input_file_ref idref="fl-ec"/>
      </object_component>
      <object_component id="oc-14a">
         <name>.debug_line</name>
         <load_address>0x2ba0</load_address>
         <run_address>0x2ba0</run_address>
         <size>0x6c</size>
         <input_file_ref idref="fl-ec"/>
      </object_component>
      <object_component id="oc-1d9">
         <name>.debug_line</name>
         <load_address>0x2c0c</load_address>
         <run_address>0x2c0c</run_address>
         <size>0x2e</size>
         <input_file_ref idref="fl-ec"/>
      </object_component>
      <object_component id="oc-1ed">
         <name>.debug_line</name>
         <load_address>0x2c3a</load_address>
         <run_address>0x2c3a</run_address>
         <size>0x92</size>
         <input_file_ref idref="fl-ec"/>
      </object_component>
      <object_component id="oc-1de">
         <name>.debug_line</name>
         <load_address>0x2ccc</load_address>
         <run_address>0x2ccc</run_address>
         <size>0x8f</size>
         <input_file_ref idref="fl-ec"/>
      </object_component>
      <object_component id="oc-1e3">
         <name>.debug_line</name>
         <load_address>0x2d5b</load_address>
         <run_address>0x2d5b</run_address>
         <size>0x8b</size>
         <input_file_ref idref="fl-ec"/>
      </object_component>
      <object_component id="oc-cf">
         <name>.debug_line</name>
         <load_address>0x2de6</load_address>
         <run_address>0x2de6</run_address>
         <size>0x40</size>
         <input_file_ref idref="fl-ed"/>
      </object_component>
      <object_component id="oc-13e">
         <name>.debug_line</name>
         <load_address>0x2e26</load_address>
         <run_address>0x2e26</run_address>
         <size>0x3c</size>
         <input_file_ref idref="fl-ef"/>
      </object_component>
      <object_component id="oc-2f">
         <name>.debug_frame</name>
         <load_address>0x0</load_address>
         <run_address>0x0</run_address>
         <size>0x78</size>
         <input_file_ref idref="fl-2"/>
      </object_component>
      <object_component id="oc-29">
         <name>.debug_frame</name>
         <load_address>0x78</load_address>
         <run_address>0x78</run_address>
         <size>0x90</size>
         <input_file_ref idref="fl-3"/>
      </object_component>
      <object_component id="oc-7f">
         <name>.debug_frame</name>
         <load_address>0x108</load_address>
         <run_address>0x108</run_address>
         <size>0x7c</size>
         <input_file_ref idref="fl-6"/>
      </object_component>
      <object_component id="oc-e5">
         <name>.debug_frame</name>
         <load_address>0x184</load_address>
         <run_address>0x184</run_address>
         <size>0xbc</size>
         <input_file_ref idref="fl-9"/>
      </object_component>
      <object_component id="oc-7b">
         <name>.debug_frame</name>
         <load_address>0x240</load_address>
         <run_address>0x240</run_address>
         <size>0x564</size>
         <input_file_ref idref="fl-12"/>
      </object_component>
      <object_component id="oc-99">
         <name>.debug_frame</name>
         <load_address>0x7a4</load_address>
         <run_address>0x7a4</run_address>
         <size>0x1d4</size>
         <input_file_ref idref="fl-15"/>
      </object_component>
      <object_component id="oc-88">
         <name>.debug_frame</name>
         <load_address>0x978</load_address>
         <run_address>0x978</run_address>
         <size>0x3e0</size>
         <input_file_ref idref="fl-19"/>
      </object_component>
      <object_component id="oc-73">
         <name>.debug_frame</name>
         <load_address>0xd58</load_address>
         <run_address>0xd58</run_address>
         <size>0x5a8</size>
         <input_file_ref idref="fl-1e"/>
      </object_component>
      <object_component id="oc-4f">
         <name>.debug_frame</name>
         <load_address>0x1300</load_address>
         <run_address>0x1300</run_address>
         <size>0x54</size>
         <input_file_ref idref="fl-e6"/>
      </object_component>
      <object_component id="oc-1b">
         <name>.debug_frame</name>
         <load_address>0x1354</load_address>
         <run_address>0x1354</run_address>
         <size>0x54</size>
         <input_file_ref idref="fl-e7"/>
      </object_component>
      <object_component id="oc-16">
         <name>.debug_frame</name>
         <load_address>0x13a8</load_address>
         <run_address>0x13a8</run_address>
         <size>0x60</size>
         <input_file_ref idref="fl-e8"/>
      </object_component>
      <object_component id="oc-60">
         <name>.debug_frame</name>
         <load_address>0x1408</load_address>
         <run_address>0x1408</run_address>
         <size>0x58</size>
         <input_file_ref idref="fl-e9"/>
      </object_component>
      <object_component id="oc-149">
         <name>.debug_frame</name>
         <load_address>0x1460</load_address>
         <run_address>0x1460</run_address>
         <size>0x5c</size>
         <input_file_ref idref="fl-ec"/>
      </object_component>
      <object_component id="oc-d0">
         <name>.debug_frame</name>
         <load_address>0x14bc</load_address>
         <run_address>0x14bc</run_address>
         <size>0x54</size>
         <input_file_ref idref="fl-ed"/>
      </object_component>
      <object_component id="oc-13d">
         <name>.debug_frame</name>
         <load_address>0x1510</load_address>
         <run_address>0x1510</run_address>
         <size>0x54</size>
         <input_file_ref idref="fl-ef"/>
      </object_component>
      <object_component id="oc-1a4">
         <name>.debug_abbrev</name>
         <load_address>0x0</load_address>
         <run_address>0x0</run_address>
         <size>0xb2</size>
         <input_file_ref idref="fl-2"/>
      </object_component>
      <object_component id="oc-9e">
         <name>.debug_abbrev</name>
         <load_address>0xb2</load_address>
         <run_address>0xb2</run_address>
         <size>0x9b</size>
         <input_file_ref idref="fl-2"/>
      </object_component>
      <object_component id="oc-ad">
         <name>.debug_abbrev</name>
         <load_address>0x14d</load_address>
         <run_address>0x14d</run_address>
         <size>0x69</size>
         <input_file_ref idref="fl-2"/>
      </object_component>
      <object_component id="oc-a1">
         <name>.debug_abbrev</name>
         <load_address>0x1b6</load_address>
         <run_address>0x1b6</run_address>
         <size>0x1f</size>
         <input_file_ref idref="fl-2"/>
      </object_component>
      <object_component id="oc-125">
         <name>.debug_abbrev</name>
         <load_address>0x1d5</load_address>
         <run_address>0x1d5</run_address>
         <size>0x5c</size>
         <input_file_ref idref="fl-2"/>
      </object_component>
      <object_component id="oc-f3">
         <name>.debug_abbrev</name>
         <load_address>0x231</load_address>
         <run_address>0x231</run_address>
         <size>0x24</size>
         <input_file_ref idref="fl-2"/>
      </object_component>
      <object_component id="oc-a6">
         <name>.debug_abbrev</name>
         <load_address>0x255</load_address>
         <run_address>0x255</run_address>
         <size>0x24</size>
         <input_file_ref idref="fl-2"/>
      </object_component>
      <object_component id="oc-a9">
         <name>.debug_abbrev</name>
         <load_address>0x279</load_address>
         <run_address>0x279</run_address>
         <size>0x7c</size>
         <input_file_ref idref="fl-3"/>
      </object_component>
      <object_component id="oc-30">
         <name>.debug_abbrev</name>
         <load_address>0x2f5</load_address>
         <run_address>0x2f5</run_address>
         <size>0x29</size>
         <input_file_ref idref="fl-3"/>
      </object_component>
      <object_component id="oc-70">
         <name>.debug_abbrev</name>
         <load_address>0x31e</load_address>
         <run_address>0x31e</run_address>
         <size>0x79</size>
         <input_file_ref idref="fl-3"/>
      </object_component>
      <object_component id="oc-3b">
         <name>.debug_abbrev</name>
         <load_address>0x397</load_address>
         <run_address>0x397</run_address>
         <size>0x1f</size>
         <input_file_ref idref="fl-3"/>
      </object_component>
      <object_component id="oc-190">
         <name>.debug_abbrev</name>
         <load_address>0x3b6</load_address>
         <run_address>0x3b6</run_address>
         <size>0x27</size>
         <input_file_ref idref="fl-6"/>
      </object_component>
      <object_component id="oc-18e">
         <name>.debug_abbrev</name>
         <load_address>0x3dd</load_address>
         <run_address>0x3dd</run_address>
         <size>0x27</size>
         <input_file_ref idref="fl-6"/>
      </object_component>
      <object_component id="oc-105">
         <name>.debug_abbrev</name>
         <load_address>0x404</load_address>
         <run_address>0x404</run_address>
         <size>0xaa</size>
         <input_file_ref idref="fl-6"/>
      </object_component>
      <object_component id="oc-179">
         <name>.debug_abbrev</name>
         <load_address>0x4ae</load_address>
         <run_address>0x4ae</run_address>
         <size>0xca</size>
         <input_file_ref idref="fl-9"/>
      </object_component>
      <object_component id="oc-18c">
         <name>.debug_abbrev</name>
         <load_address>0x578</load_address>
         <run_address>0x578</run_address>
         <size>0x76</size>
         <input_file_ref idref="fl-12"/>
      </object_component>
      <object_component id="oc-186">
         <name>.debug_abbrev</name>
         <load_address>0x5ee</load_address>
         <run_address>0x5ee</run_address>
         <size>0x27</size>
         <input_file_ref idref="fl-12"/>
      </object_component>
      <object_component id="oc-188">
         <name>.debug_abbrev</name>
         <load_address>0x615</load_address>
         <run_address>0x615</run_address>
         <size>0x27</size>
         <input_file_ref idref="fl-12"/>
      </object_component>
      <object_component id="oc-18a">
         <name>.debug_abbrev</name>
         <load_address>0x63c</load_address>
         <run_address>0x63c</run_address>
         <size>0x27</size>
         <input_file_ref idref="fl-12"/>
      </object_component>
      <object_component id="oc-100">
         <name>.debug_abbrev</name>
         <load_address>0x663</load_address>
         <run_address>0x663</run_address>
         <size>0xd6</size>
         <input_file_ref idref="fl-12"/>
      </object_component>
      <object_component id="oc-1a2">
         <name>.debug_abbrev</name>
         <load_address>0x739</load_address>
         <run_address>0x739</run_address>
         <size>0x92</size>
         <input_file_ref idref="fl-15"/>
      </object_component>
      <object_component id="oc-196">
         <name>.debug_abbrev</name>
         <load_address>0x7cb</load_address>
         <run_address>0x7cb</run_address>
         <size>0x27</size>
         <input_file_ref idref="fl-15"/>
      </object_component>
      <object_component id="oc-198">
         <name>.debug_abbrev</name>
         <load_address>0x7f2</load_address>
         <run_address>0x7f2</run_address>
         <size>0x27</size>
         <input_file_ref idref="fl-15"/>
      </object_component>
      <object_component id="oc-19a">
         <name>.debug_abbrev</name>
         <load_address>0x819</load_address>
         <run_address>0x819</run_address>
         <size>0x27</size>
         <input_file_ref idref="fl-15"/>
      </object_component>
      <object_component id="oc-19c">
         <name>.debug_abbrev</name>
         <load_address>0x840</load_address>
         <run_address>0x840</run_address>
         <size>0x27</size>
         <input_file_ref idref="fl-15"/>
      </object_component>
      <object_component id="oc-19e">
         <name>.debug_abbrev</name>
         <load_address>0x867</load_address>
         <run_address>0x867</run_address>
         <size>0x27</size>
         <input_file_ref idref="fl-15"/>
      </object_component>
      <object_component id="oc-1a0">
         <name>.debug_abbrev</name>
         <load_address>0x88e</load_address>
         <run_address>0x88e</run_address>
         <size>0x27</size>
         <input_file_ref idref="fl-15"/>
      </object_component>
      <object_component id="oc-194">
         <name>.debug_abbrev</name>
         <load_address>0x8b5</load_address>
         <run_address>0x8b5</run_address>
         <size>0x29</size>
         <input_file_ref idref="fl-15"/>
      </object_component>
      <object_component id="oc-121">
         <name>.debug_abbrev</name>
         <load_address>0x8de</load_address>
         <run_address>0x8de</run_address>
         <size>0x101</size>
         <input_file_ref idref="fl-15"/>
      </object_component>
      <object_component id="oc-192">
         <name>.debug_abbrev</name>
         <load_address>0x9df</load_address>
         <run_address>0x9df</run_address>
         <size>0x5b</size>
         <input_file_ref idref="fl-19"/>
      </object_component>
      <object_component id="oc-107">
         <name>.debug_abbrev</name>
         <load_address>0xa3a</load_address>
         <run_address>0xa3a</run_address>
         <size>0x103</size>
         <input_file_ref idref="fl-19"/>
      </object_component>
      <object_component id="oc-180">
         <name>.debug_abbrev</name>
         <load_address>0xb3d</load_address>
         <run_address>0xb3d</run_address>
         <size>0xb4</size>
         <input_file_ref idref="fl-1e"/>
      </object_component>
      <object_component id="oc-17a">
         <name>.debug_abbrev</name>
         <load_address>0xbf1</load_address>
         <run_address>0xbf1</run_address>
         <size>0x27</size>
         <input_file_ref idref="fl-1e"/>
      </object_component>
      <object_component id="oc-17e">
         <name>.debug_abbrev</name>
         <load_address>0xc18</load_address>
         <run_address>0xc18</run_address>
         <size>0x27</size>
         <input_file_ref idref="fl-1e"/>
      </object_component>
      <object_component id="oc-177">
         <name>.debug_abbrev</name>
         <load_address>0xc3f</load_address>
         <run_address>0xc3f</run_address>
         <size>0x27</size>
         <input_file_ref idref="fl-1e"/>
      </object_component>
      <object_component id="oc-17c">
         <name>.debug_abbrev</name>
         <load_address>0xc66</load_address>
         <run_address>0xc66</run_address>
         <size>0x27</size>
         <input_file_ref idref="fl-1e"/>
      </object_component>
      <object_component id="oc-f0">
         <name>.debug_abbrev</name>
         <load_address>0xc8d</load_address>
         <run_address>0xc8d</run_address>
         <size>0x12e</size>
         <input_file_ref idref="fl-1e"/>
      </object_component>
      <object_component id="oc-183">
         <name>.debug_abbrev</name>
         <load_address>0xdbb</load_address>
         <run_address>0xdbb</run_address>
         <size>0x38</size>
         <input_file_ref idref="fl-1e"/>
      </object_component>
      <object_component id="oc-10a">
         <name>.debug_abbrev</name>
         <load_address>0xdf3</load_address>
         <run_address>0xdf3</run_address>
         <size>0x3c</size>
         <input_file_ref idref="fl-e3"/>
      </object_component>
      <object_component id="oc-10b">
         <name>.debug_abbrev</name>
         <load_address>0xe2f</load_address>
         <run_address>0xe2f</run_address>
         <size>0x4a</size>
         <input_file_ref idref="fl-e4"/>
      </object_component>
      <object_component id="oc-109">
         <name>.debug_abbrev</name>
         <load_address>0xe79</load_address>
         <run_address>0xe79</run_address>
         <size>0x3e</size>
         <input_file_ref idref="fl-e5"/>
      </object_component>
      <object_component id="oc-135">
         <name>.debug_abbrev</name>
         <load_address>0xeb7</load_address>
         <run_address>0xeb7</run_address>
         <size>0x73</size>
         <input_file_ref idref="fl-e6"/>
      </object_component>
      <object_component id="oc-be">
         <name>.debug_abbrev</name>
         <load_address>0xf2a</load_address>
         <run_address>0xf2a</run_address>
         <size>0x6f</size>
         <input_file_ref idref="fl-e6"/>
      </object_component>
      <object_component id="oc-c1">
         <name>.debug_abbrev</name>
         <load_address>0xf99</load_address>
         <run_address>0xf99</run_address>
         <size>0x24</size>
         <input_file_ref idref="fl-e6"/>
      </object_component>
      <object_component id="oc-132">
         <name>.debug_abbrev</name>
         <load_address>0xfbd</load_address>
         <run_address>0xfbd</run_address>
         <size>0x24</size>
         <input_file_ref idref="fl-e6"/>
      </object_component>
      <object_component id="oc-bc">
         <name>.debug_abbrev</name>
         <load_address>0xfe1</load_address>
         <run_address>0xfe1</run_address>
         <size>0x37</size>
         <input_file_ref idref="fl-e7"/>
      </object_component>
      <object_component id="oc-43">
         <name>.debug_abbrev</name>
         <load_address>0x1018</load_address>
         <run_address>0x1018</run_address>
         <size>0x74</size>
         <input_file_ref idref="fl-e7"/>
      </object_component>
      <object_component id="oc-46">
         <name>.debug_abbrev</name>
         <load_address>0x108c</load_address>
         <run_address>0x108c</run_address>
         <size>0x24</size>
         <input_file_ref idref="fl-e7"/>
      </object_component>
      <object_component id="oc-b9">
         <name>.debug_abbrev</name>
         <load_address>0x10b0</load_address>
         <run_address>0x10b0</run_address>
         <size>0x24</size>
         <input_file_ref idref="fl-e7"/>
      </object_component>
      <object_component id="oc-12e">
         <name>.debug_abbrev</name>
         <load_address>0x10d4</load_address>
         <run_address>0x10d4</run_address>
         <size>0x37</size>
         <input_file_ref idref="fl-e8"/>
      </object_component>
      <object_component id="oc-33">
         <name>.debug_abbrev</name>
         <load_address>0x110b</load_address>
         <run_address>0x110b</run_address>
         <size>0x6f</size>
         <input_file_ref idref="fl-e8"/>
      </object_component>
      <object_component id="oc-36">
         <name>.debug_abbrev</name>
         <load_address>0x117a</load_address>
         <run_address>0x117a</run_address>
         <size>0x24</size>
         <input_file_ref idref="fl-e8"/>
      </object_component>
      <object_component id="oc-12b">
         <name>.debug_abbrev</name>
         <load_address>0x119e</load_address>
         <run_address>0x119e</run_address>
         <size>0x35</size>
         <input_file_ref idref="fl-e8"/>
      </object_component>
      <object_component id="oc-b2">
         <name>.debug_abbrev</name>
         <load_address>0x11d3</load_address>
         <run_address>0x11d3</run_address>
         <size>0x24</size>
         <input_file_ref idref="fl-e8"/>
      </object_component>
      <object_component id="oc-6e">
         <name>.debug_abbrev</name>
         <load_address>0x11f7</load_address>
         <run_address>0x11f7</run_address>
         <size>0x29</size>
         <input_file_ref idref="fl-e9"/>
      </object_component>
      <object_component id="oc-d4">
         <name>.debug_abbrev</name>
         <load_address>0x1220</load_address>
         <run_address>0x1220</run_address>
         <size>0x61</size>
         <input_file_ref idref="fl-e9"/>
      </object_component>
      <object_component id="oc-b6">
         <name>.debug_abbrev</name>
         <load_address>0x1281</load_address>
         <run_address>0x1281</run_address>
         <size>0x3e</size>
         <input_file_ref idref="fl-eb"/>
      </object_component>
      <object_component id="oc-1d4">
         <name>.debug_abbrev</name>
         <load_address>0x12bf</load_address>
         <run_address>0x12bf</run_address>
         <size>0xdb</size>
         <input_file_ref idref="fl-ec"/>
      </object_component>
      <object_component id="oc-1b0">
         <name>.debug_abbrev</name>
         <load_address>0x139a</load_address>
         <run_address>0x139a</run_address>
         <size>0x7e</size>
         <input_file_ref idref="fl-ec"/>
      </object_component>
      <object_component id="oc-1d8">
         <name>.debug_abbrev</name>
         <load_address>0x1418</load_address>
         <run_address>0x1418</run_address>
         <size>0x24</size>
         <input_file_ref idref="fl-ec"/>
      </object_component>
      <object_component id="oc-1ec">
         <name>.debug_abbrev</name>
         <load_address>0x143c</load_address>
         <run_address>0x143c</run_address>
         <size>0x24</size>
         <input_file_ref idref="fl-ec"/>
      </object_component>
      <object_component id="oc-1dd">
         <name>.debug_abbrev</name>
         <load_address>0x1460</load_address>
         <run_address>0x1460</run_address>
         <size>0x24</size>
         <input_file_ref idref="fl-ec"/>
      </object_component>
      <object_component id="oc-1e2">
         <name>.debug_abbrev</name>
         <load_address>0x1484</load_address>
         <run_address>0x1484</run_address>
         <size>0x4b</size>
         <input_file_ref idref="fl-ec"/>
      </object_component>
      <object_component id="oc-138">
         <name>.debug_abbrev</name>
         <load_address>0x14cf</load_address>
         <run_address>0x14cf</run_address>
         <size>0x55</size>
         <input_file_ref idref="fl-ed"/>
      </object_component>
      <object_component id="oc-1a6">
         <name>.debug_abbrev</name>
         <load_address>0x1524</load_address>
         <run_address>0x1524</run_address>
         <size>0x45</size>
         <input_file_ref idref="fl-ef"/>
      </object_component>
      <object_component id="oc-223">
         <name>.debug_abbrev</name>
         <load_address>0x1569</load_address>
         <run_address>0x1569</run_address>
         <size>0xf</size>
      </object_component>
      <object_component id="oc-af">
         <name>.debug_str</name>
         <load_address>0x0</load_address>
         <run_address>0x0</run_address>
         <size>0x2ab</size>
         <input_file_ref idref="fl-2"/>
      </object_component>
      <object_component id="oc-a3">
         <name>.debug_str</name>
         <load_address>0x2ab</load_address>
         <run_address>0x2ab</run_address>
         <size>0xfa</size>
         <input_file_ref idref="fl-2"/>
      </object_component>
      <object_component id="oc-127">
         <name>.debug_str</name>
         <load_address>0x3a5</load_address>
         <run_address>0x3a5</run_address>
         <size>0x33a</size>
         <input_file_ref idref="fl-2"/>
      </object_component>
      <object_component id="oc-f5">
         <name>.debug_str</name>
         <load_address>0x6df</load_address>
         <run_address>0x6df</run_address>
         <size>0x1b6</size>
         <input_file_ref idref="fl-2"/>
      </object_component>
      <object_component id="oc-a8">
         <name>.debug_str</name>
         <load_address>0x895</load_address>
         <run_address>0x895</run_address>
         <size>0x143</size>
         <input_file_ref idref="fl-2"/>
      </object_component>
      <object_component id="oc-3d">
         <name>.debug_str</name>
         <load_address>0x9d8</load_address>
         <run_address>0x9d8</run_address>
         <size>0xfa</size>
         <input_file_ref idref="fl-3"/>
      </object_component>
      <object_component id="oc-185">
         <name>.debug_str</name>
         <load_address>0xad2</load_address>
         <run_address>0xad2</run_address>
         <size>0xbe</size>
         <input_file_ref idref="fl-1e"/>
      </object_component>
      <object_component id="oc-c3">
         <name>.debug_str</name>
         <load_address>0xb90</load_address>
         <run_address>0xb90</run_address>
         <size>0xfa</size>
         <input_file_ref idref="fl-e6"/>
      </object_component>
      <object_component id="oc-134">
         <name>.debug_str</name>
         <load_address>0xc8a</load_address>
         <run_address>0xc8a</run_address>
         <size>0x12d</size>
         <input_file_ref idref="fl-e6"/>
      </object_component>
      <object_component id="oc-48">
         <name>.debug_str</name>
         <load_address>0xdb7</load_address>
         <run_address>0xdb7</run_address>
         <size>0x100</size>
         <input_file_ref idref="fl-e7"/>
      </object_component>
      <object_component id="oc-bb">
         <name>.debug_str</name>
         <load_address>0xeb7</load_address>
         <run_address>0xeb7</run_address>
         <size>0x12d</size>
         <input_file_ref idref="fl-e7"/>
      </object_component>
      <object_component id="oc-38">
         <name>.debug_str</name>
[...]
         <name>IntPriorityGroupingSet</name>
         <value>0x2521</value>
         <object_component_ref idref="oc-98"/>
      </symbol>
      <symbol id="sm-221">
         <name>IntDisable</name>
         <value>0x2659</value>
         <object_component_ref idref="oc-98"/>
      </symbol>
      <symbol id="sm-222">
         <name>IntRegister</name>
         <value>0x24bb</value>
         <object_component_ref idref="oc-98"/>
      </symbol>
      <symbol id="sm-223">
         <name>IntPriorityGet</name>
         <value>0x25c3</value>
         <object_component_ref idref="oc-98"/>
      </symbol>
      <symbol id="sm-224">
         <name>IntMasterDisable</name>
         <value>0x24ab</value>
         <object_component_ref idref="oc-98"/>
      </symbol>
      <symbol id="sm-225">
         <name>IntUnregister</name>
         <value>0x250d</value>
         <object_component_ref idref="oc-98"/>
      </symbol>
      <symbol id="sm-226">
         <name>IntPriorityMaskGet</name>
         <value>0x281b</value>
         <object_component_ref idref="oc-98"/>
      </symbol>
      <symbol id="sm-227">
         <name>g_pfnRAMVectors</name>
         <value>0x20000000</value>
         <object_component_ref idref="oc-10c"/>
      </symbol>
      <symbol id="sm-228">
         <name>IntMasterEnable</name>
         <value>0x249b</value>
         <object_component_ref idref="oc-98"/>
      </symbol>
      <symbol id="sm-229">
         <name>IntPendSet</name>
         <value>0x2751</value>
         <object_component_ref idref="oc-98"/>
      </symbol>
      <symbol id="sm-2aa">
         <name>PWMGenFaultTriggerSet</name>
         <value>0x2321</value>
         <object_component_ref idref="oc-83"/>
      </symbol>
      <symbol id="sm-2ab">
         <name>PWMClockGet</name>
         <value>0x23fb</value>
         <object_component_ref idref="oc-83"/>
      </symbol>
      <symbol id="sm-2ac">
         <name>PWMGenFaultClear</name>
         <value>0x23a5</value>
         <object_component_ref idref="oc-83"/>
      </symbol>
      <symbol id="sm-2ad">
         <name>PWMGenPeriodSet</name>
         <value>0x1dcb</value>
         <object_component_ref idref="oc-83"/>
      </symbol>
      <symbol id="sm-2ae">
         <name>PWMGenIntStatus</name>
         <value>0x222f</value>
         <object_component_ref idref="oc-83"/>
      </symbol>
      <symbol id="sm-2af">
         <name>PWMFaultIntRegister</name>
         <value>0x21bb</value>
         <object_component_ref idref="oc-83"/>
      </symbol>
      <symbol id="sm-2b0">
         <name>PWMGenIntTrigEnable</name>
         <value>0x21f3</value>
         <object_component_ref idref="oc-83"/>
      </symbol>
      <symbol id="sm-2b1">
         <name>PWMGenFaultStatus</name>
         <value>0x236f</value>
         <object_component_ref idref="oc-83"/>
      </symbol>
      <symbol id="sm-2b2">
         <name>PWMGenDisable</name>
         <value>0x1e3f</value>
         <object_component_ref idref="oc-83"/>
      </symbol>
      <symbol id="sm-2b3">
         <name>PWMDeadBandEnable</name>
         <value>0x1eed</value>
         <object_component_ref idref="oc-83"/>
      </symbol>
      <symbol id="sm-2b4">
         <name>PWMOutputUpdateMode</name>
         <value>0x2425</value>
         <object_component_ref idref="oc-83"/>
      </symbol>
      <symbol id="sm-2b5">
         <name>PWMClockSet</name>
         <value>0x23db</value>
         <object_component_ref idref="oc-83"/>
      </symbol>
      <symbol id="sm-2b6">
         <name>PWMPulseWidthSet</name>
         <value>0x1e59</value>
         <object_component_ref idref="oc-83"/>
      </symbol>
      <symbol id="sm-2b7">
         <name>PWMFaultIntClearExt</name>
         <value>0x22d3</value>
         <object_component_ref idref="oc-83"/>
      </symbol>
      <symbol id="sm-2b8">
         <name>PWMIntDisable</name>
         <value>0x2289</value>
         <object_component_ref idref="oc-83"/>
      </symbol>
      <symbol id="sm-2b9">
         <name>PWMGenFaultConfigure</name>
         <value>0x22f1</value>
         <object_component_ref idref="oc-83"/>
      </symbol>
      <symbol id="sm-2ba">
         <name>PWMOutputFaultLevel</name>
         <value>0x1fc9</value>
         <object_component_ref idref="oc-83"/>
      </symbol>
      <symbol id="sm-2bb">
         <name>PWMGenFaultTriggerGet</name>
         <value>0x234b</value>
         <object_component_ref idref="oc-83"/>
      </symbol>
      <symbol id="sm-2bc">
         <name>PWMOutputFault</name>
         <value>0x1ffb</value>
         <object_component_ref idref="oc-83"/>
      </symbol>
      <symbol id="sm-2bd">
         <name>PWMDeadBandDisable</name>
         <value>0x1f25</value>
         <object_component_ref idref="oc-83"/>
      </symbol>
      <symbol id="sm-2be">
         <name>PWMGenIntUnregister</name>
         <value>0x2155</value>
         <object_component_ref idref="oc-83"/>
      </symbol>
      <symbol id="sm-2bf">
         <name>PWMGenIntClear</name>
         <value>0x2259</value>
         <object_component_ref idref="oc-83"/>
      </symbol>
      <symbol id="sm-2c0">
         <name>PWMSyncTimeBase</name>
         <value>0x1f53</value>
         <object_component_ref idref="oc-83"/>
      </symbol>
      <symbol id="sm-2c1">
         <name>PWMGenPeriodGet</name>
         <value>0x1dfb</value>
         <object_component_ref idref="oc-83"/>
      </symbol>
      <symbol id="sm-2c2">
         <name>PWMSyncUpdate</name>
         <value>0x1f41</value>
         <object_component_ref idref="oc-83"/>
      </symbol>
      <symbol id="sm-2c3">
         <name>PWMGenIntRegister</name>
         <value>0x212d</value>
         <object_component_ref idref="oc-83"/>
      </symbol>
      <symbol id="sm-2c4">
         <name>PWMOutputState</name>
         <value>0x1f65</value>
         <object_component_ref idref="oc-83"/>
      </symbol>
      <symbol id="sm-2c5">
         <name>PWMGenEnable</name>
         <value>0x1e25</value>
         <object_component_ref idref="oc-83"/>
      </symbol>
      <symbol id="sm-2c6">
         <name>PWMFaultIntClear</name>
         <value>0x22a1</value>
         <object_component_ref idref="oc-83"/>
      </symbol>
      <symbol id="sm-2c7">
         <name>PWMIntStatus</name>
         <value>0x22b3</value>
         <object_component_ref idref="oc-83"/>
      </symbol>
      <symbol id="sm-2c8">
         <name>PWMIntEnable</name>
         <value>0x2271</value>
         <object_component_ref idref="oc-83"/>
      </symbol>
      <symbol id="sm-2c9">
         <name>PWMGenConfigure</name>
         <value>0x1d81</value>
         <object_component_ref idref="oc-83"/>
      </symbol>
      <symbol id="sm-2ca">
         <name>PWMGenIntTrigDisable</name>
         <value>0x2211</value>
         <object_component_ref idref="oc-83"/>
      </symbol>
      <symbol id="sm-2cb">
         <name>PWMPulseWidthGet</name>
         <value>0x1ea3</value>
         <object_component_ref idref="oc-83"/>
      </symbol>
      <symbol id="sm-2cc">
         <name>PWMOutputInvert</name>
         <value>0x1f97</value>
         <object_component_ref idref="oc-83"/>
      </symbol>
      <symbol id="sm-2cd">
         <name>PWMFaultIntUnregister</name>
         <value>0x21d9</value>
         <object_component_ref idref="oc-83"/>
      </symbol>
      <symbol id="sm-412">
         <name>SysCtlGPIOAHBEnable</name>
         <value>0x1017</value>
         <object_component_ref idref="oc-71"/>
      </symbol>
      <symbol id="sm-413">
         <name>SysCtlIntRegister</name>
         <value>0x6f5</value>
         <object_component_ref idref="oc-71"/>
      </symbol>
      <symbol id="sm-414">
         <name>SysCtlFlashSizeGet</name>
         <value>0x337</value>
         <object_component_ref idref="oc-71"/>
      </symbol>
      <symbol id="sm-415">
         <name>SysCtlPeripheralDeepSleepEnable</name>
         <value>0x609</value>
         <object_component_ref idref="oc-71"/>
      </symbol>
      <symbol id="sm-416">
         <name>SysCtlLDODeepSleepGet</name>
         <value>0x79b</value>
         <object_component_ref idref="oc-71"/>
      </symbol>
      <symbol id="sm-417">
         <name>SysCtlFlashSectorSizeGet</name>
         <value>0x363</value>
         <object_component_ref idref="oc-71"/>
      </symbol>
      <symbol id="sm-418">
         <name>SysCtlIntDisable</name>
         <value>0x731</value>
         <object_component_ref idref="oc-71"/>
      </symbol>
      <symbol id="sm-419">
         <name>SysCtlResetBehaviorGet</name>
         <value>0x881</value>
         <object_component_ref idref="oc-71"/>
      </symbol>
      <symbol id="sm-41a">
         <name>SysCtlPeripheralPresent</name>
         <value>0x389</value>
         <object_component_ref idref="oc-71"/>
      </symbol>
      <symbol id="sm-41b">
         <name>SysCtlDeepSleepClockSet</name>
         <value>0xf3f</value>
         <object_component_ref idref="oc-71"/>
      </symbol>
      <symbol id="sm-41c">
         <name>SysCtlClockSet</name>
         <value>0xbc9</value>
         <object_component_ref idref="oc-71"/>
      </symbol>
      <symbol id="sm-41d">
         <name>SysCtlAltClkConfig</name>
         <value>0x11a9</value>
         <object_component_ref idref="oc-71"/>
      </symbol>
      <symbol id="sm-41e">
         <name>SysCtlPeripheralClockGating</name>
         <value>0x6a1</value>
         <object_component_ref idref="oc-71"/>
      </symbol>
      <symbol id="sm-41f">
         <name>SysCtlIntStatus</name>
         <value>0x759</value>
         <object_component_ref idref="oc-71"/>
      </symbol>
      <symbol id="sm-420">
         <name>SysCtlIntClear</name>
         <value>0x749</value>
         <object_component_ref idref="oc-71"/>
      </symbol>
      <symbol id="sm-421">
         <name>SysCtlVoltageEventStatus</name>
         <value>0x107d</value>
         <object_component_ref idref="oc-71"/>
      </symbol>
      <symbol id="sm-422">
         <name>SysCtlVoltageEventConfig</name>
         <value>0x106d</value>
         <object_component_ref idref="oc-71"/>
      </symbol>
      <symbol id="sm-423">
         <name>SysCtlResetCauseGet</name>
         <value>0x7f1</value>
         <object_component_ref idref="oc-71"/>
      </symbol>
      <symbol id="sm-424">
         <name>SysCtlSleep</name>
         <value>0x7cd</value>
         <object_component_ref idref="oc-71"/>
      </symbol>
      <symbol id="sm-425">
         <name>SysCtlPWMClockGet</name>
         <value>0x1001</value>
         <object_component_ref idref="oc-71"/>
      </symbol>
      <symbol id="sm-426">
         <name>SysCtlDeepSleepPowerSet</name>
         <value>0x7b5</value>
         <object_component_ref idref="oc-71"/>
      </symbol>
      <symbol id="sm-427">
         <name>SysCtlClockOutConfig</name>
         <value>0x118d</value>
         <object_component_ref idref="oc-71"/>
      </symbol>
      <symbol id="sm-428">
         <name>SysCtlNMIStatus</name>
         <value>0x115d</value>
         <object_component_ref idref="oc-71"/>
      </symbol>
      <symbol id="sm-429">
         <name>SysCtlDeepSleepClockConfigSet</name>
         <value>0xf5d</value>
         <object_component_ref idref="oc-71"/>
      </symbol>
      <symbol id="sm-42a">
         <name>SysCtlDelay</name>
         <value>0x2e25</value>
         <object_component_ref idref="oc-ef"/>
      </symbol>
      <symbol id="sm-42b">
         <name>SysCtlVoltageEventClear</name>
         <value>0x1089</value>
         <object_component_ref idref="oc-71"/>
      </symbol>
      <symbol id="sm-42c">
         <name>SysCtlLDOSleepSet</name>
         <value>0x775</value>
         <object_component_ref idref="oc-71"/>
      </symbol>
      <symbol id="sm-42d">
         <name>SysCtlMOSCConfigSet</name>
         <value>0x80b</value>
         <object_component_ref idref="oc-71"/>
      </symbol>
      <symbol id="sm-42e">
         <name>SysCtlPeripheralEnable</name>
         <value>0x509</value>
         <object_component_ref idref="oc-71"/>
      </symbol>
      <symbol id="sm-42f">
         <name>SysCtlIntEnable</name>
         <value>0x71d</value>
         <object_component_ref idref="oc-71"/>
      </symbol>
      <symbol id="sm-430">
         <name>SysCtlNMIClear</name>
         <value>0x1171</value>
         <object_component_ref idref="oc-71"/>
      </symbol>
      <symbol id="sm-431">
         <name>SysCtlPeripheralPowerOff</name>
         <value>0x445</value>
         <object_component_ref idref="oc-71"/>
      </symbol>
      <symbol id="sm-432">
         <name>SysCtlSleepPowerSet</name>
         <value>0x7a1</value>
         <object_component_ref idref="oc-71"/>
      </symbol>
      <symbol id="sm-433">
         <name>SysCtlDeepSleep</name>
         <value>0x7d5</value>
         <object_component_ref idref="oc-71"/>
      </symbol>
      <symbol id="sm-434">
         <name>SysCtlLDODeepSleepSet</name>
         <value>0x78b</value>
         <object_component_ref idref="oc-71"/>
      </symbol>
      <symbol id="sm-435">
         <name>SysCtlPeripheralPowerOn</name>
         <value>0x409</value>
         <object_component_ref idref="oc-71"/>
      </symbol>
      <symbol id="sm-436">
         <name>SysCtlPeripheralDeepSleepDisable</name>
         <value>0x659</value>
         <object_component_ref idref="oc-71"/>
      </symbol>
      <symbol id="sm-437">
         <name>SysCtlPeripheralSleepDisable</name>
         <value>0x5cd</value>
         <object_component_ref idref="oc-71"/>
      </symbol>
      <symbol id="sm-438">
         <name>SysCtlVCOGet</name>
         <value>0x10a1</value>
         <object_component_ref idref="oc-71"/>
      </symbol>
      <symbol id="sm-439">
         <name>SysCtlResetBehaviorSet</name>
         <value>0x871</value>
         <object_component_ref idref="oc-71"/>
      </symbol>
      <symbol id="sm-43a">
         <name>SysCtlReset</name>
         <value>0x7c5</value>
         <object_component_ref idref="oc-71"/>
      </symbol>
      <symbol id="sm-43b">
         <name>SysCtlGPIOAHBDisable</name>
         <value>0x1033</value>
         <object_component_ref idref="oc-71"/>
      </symbol>
      <symbol id="sm-43c">
         <name>SysCtlSRAMSizeGet</name>
         <value>0x32d</value>
         <object_component_ref idref="oc-71"/>
      </symbol>
      <symbol id="sm-43d">
         <name>SysCtlClockGet</name>
         <value>0xd99</value>
         <object_component_ref idref="oc-71"/>
      </symbol>
      <symbol id="sm-43e">
         <name>SysCtlPeripheralDisable</name>
         <value>0x545</value>
         <object_component_ref idref="oc-71"/>
      </symbol>
      <symbol id="sm-43f">
         <name>SysCtlPWMClockSet</name>
         <value>0xfe7</value>
         <object_component_ref idref="oc-71"/>
      </symbol>
      <symbol id="sm-440">
         <name>SysCtlUSBPLLEnable</name>
         <value>0x104f</value>
         <object_component_ref idref="oc-71"/>
      </symbol>
      <symbol id="sm-441">
         <name>SysCtlPeripheralSleepEnable</name>
         <value>0x589</value>
         <object_component_ref idref="oc-71"/>
      </symbol>
      <symbol id="sm-442">
         <name>SysCtlIntUnregister</name>
         <value>0x70d</value>
         <object_component_ref idref="oc-71"/>
      </symbol>
      <symbol id="sm-443">
         <name>SysCtlUSBPLLDisable</name>
         <value>0x105b</value>
         <object_component_ref idref="oc-71"/>
      </symbol>
      <symbol id="sm-444">
         <name>SysCtlPeripheralReady</name>
         <value>0x3c9</value>
         <object_component_ref idref="oc-71"/>
      </symbol>
      <symbol id="sm-445">
         <name>SysCtlPIOSCCalibrate</name>
         <value>0x821</value>
         <object_component_ref idref="oc-71"/>
      </symbol>
      <symbol id="sm-446">
         <name>SysCtlResetCauseClear</name>
         <value>0x7f7</value>
         <object_component_ref idref="oc-71"/>
      </symbol>
      <symbol id="sm-447">
         <name>SysCtlLDOSleepGet</name>
         <value>0x785</value>
         <object_component_ref idref="oc-71"/>
      </symbol>
      <symbol id="sm-448">
         <name>SysCtlClockFreqSet</name>
         <value>0x8d1</value>
         <object_component_ref idref="oc-71"/>
      </symbol>
      <symbol id="sm-449">
         <name>SysCtlPeripheralReset</name>
         <value>0x481</value>
         <object_component_ref idref="oc-71"/>
      </symbol>
      <symbol id="sm-464">
         <name>__aeabi_ddiv</name>
         <value>0x2859</value>
         <object_component_ref idref="oc-8e"/>
      </symbol>
      <symbol id="sm-46e">
         <name>__aeabi_d2uiz</name>
         <value>0x2d1d</value>
         <object_component_ref idref="oc-93"/>
      </symbol>
      <symbol id="sm-478">
         <name>__aeabi_ui2d</name>
         <value>0x2dd9</value>
         <object_component_ref idref="oc-89"/>
      </symbol>
      <symbol id="sm-491">
         <name>__TI_zero_init_nomemset</name>
         <value>0x2df9</value>
         <object_component_ref idref="oc-4a"/>
      </symbol>
      <symbol id="sm-4a8">
         <name>__TI_decompress_none</name>
         <value>0x2e0b</value>
         <object_component_ref idref="oc-18"/>
      </symbol>
      <symbol id="sm-4cb">
         <name>__TI_decompress_lzss</name>
         <value>0x2c71</value>
         <object_component_ref idref="oc-12"/>
      </symbol>
      <symbol id="sm-4de">
         <name>__stack</name>
         <value>0x20000270</value>
         <object_component_ref idref="oc-21"/>
      </symbol>
      <symbol id="sm-4df">
         <name>_c_int00_noargs</name>
         <value>0x2da1</value>
         <object_component_ref idref="oc-5c"/>
      </symbol>
      <symbol id="sm-4fb">
         <name>memcpy</name>
         <value>0x2bd5</value>
         <object_component_ref idref="oc-3e"/>
      </symbol>
      <symbol id="sm-4fc">
         <name>__aeabi_memcpy</name>
         <value>0x2bd5</value>
         <object_component_ref idref="oc-3e"/>
      </symbol>
      <symbol id="sm-4fd">
         <name>__aeabi_memcpy8</name>
         <value>0x2bd5</value>
         <object_component_ref idref="oc-3e"/>
      </symbol>
      <symbol id="sm-4fe">
         <name>__aeabi_memcpy4</name>
         <value>0x2bd5</value>
         <object_component_ref idref="oc-3e"/>
      </symbol>
      <symbol id="sm-526">
         <name>__TI_auto_init_nobinit_nopinit</name>
         <value>0x2cd9</value>
         <object_component_ref idref="oc-145"/>
      </symbol>
      <symbol id="sm-530">
         <name>_system_pre_init</name>
         <value>0x2e2b</value>
         <object_component_ref idref="oc-cb"/>
      </symbol>
      <symbol id="sm-53c">
         <name>C$$EXIT</name>
         <value>0x2e2f</value>
         <object_component_ref idref="oc-139"/>
      </symbol>
      <symbol id="sm-53d">
         <name>abort</name>
         <value>0x2e2f</value>
         <object_component_ref idref="oc-139"/>
      </symbol>
      <symbol id="sm-540">
         <name>__TI_static_base__</name>
         <value>0x0</value>
      </symbol>
      <symbol id="sm-543">
         <name>__mpu_init</name>
         <value>0x0</value>
      </symbol>
      <symbol id="sm-544">
         <name>_system_post_cinit</name>
         <value>0x0</value>
      </symbol>
   </symbol_table>
   <title>Link successful</title>
</link_info>
