******************************************************************************
                  TI ARM Linker Unix v16.9.1                   
******************************************************************************
>> Linked Thu Oct 18 15:59:36 2018

OUTPUT FILE NAME:   <Ej1_PWM-Servo-Skel.out>
ENTRY POINT SYMBOL: "_c_int00"  address: 000025d9


MEMORY CONFIGURATION

         name            origin    length      used     unused   attr    fill
----------------------  --------  ---------  --------  --------  ----  --------
  FLASH                 00000000   00040000  00002d94  0003d26c  R  X
  SRAM                  20000000   00008000  00000487  00007b79  RW X


SEGMENT ALLOCATION MAP

run origin  load origin   length   init length attrs members
----------  ----------- ---------- ----------- ----- -------
00000000    00000000    00002d98   00002d98    r-x
  00000000    00000000    0000026c   0000026c    r-- .intvecs
  0000026c    0000026c    00002560   00002560    r-x .text
  000027cc    000027cc    00000590   00000590    r-- .const
  00002d60    00002d60    00000038   00000038    r-- .cinit
20000000    20000000    00000487   00000000    rw-
  20000000    20000000    0000026c   00000000    rw- .vtable
  2000026c    2000026c    00000200   00000000    rw- .stack
  2000046c    2000046c    0000001b   00000000    rw- .data


SECTION ALLOCATION MAP

 output                                  attributes/
section   page    origin      length       input sections
--------  ----  ----------  ----------   ----------------
.intvecs   0    00000000    0000026c     
                  00000000    0000026c     tm4c123gh6pm_startup_ccs.obj (.intvecs)

.text      0    0000026c    00002560     
                  0000026c    00000f88     sysctl.obj (.text)
                  000011f4    00000ba0     gpio.obj (.text)
                  00001d94    000003c0     interrupt.obj (.text)
                  00002154    00000128     buttons.obj (.text)
                  0000227c    000000fc     rtsv7M4_T_le_v4SPD16_eabi.lib : fd_mul_t2.obj (.text)
                  00002378    0000009c                                   : memcpy_t2.obj (.text)
                  00002414    0000007a                                   : memset_t2.obj (.text)
                  0000248e    00000002                                   : mpu_init.obj (.text)
                  00002490    00000070     Ej1_PWM-Servo-Skel.obj (.text)
                  00002500    00000070     rtsv7M4_T_le_v4SPD16_eabi.lib : autoinit.obj (.text)
                  00002570    00000068                                   : copy_decompress_lzss.obj (.text:decompress:lzss)
                  000025d8    00000054                                   : boot.obj (.text)
                  0000262c    00000054                                   : exit.obj (.text)
                  00002680    0000004c                                   : cpy_tbl.obj (.text)
                  000026cc    00000044                                   : fd_tou_t2.obj (.text)
                  00002710    0000003e     cpu.obj (.text)
                  0000274e    00000020     rtsv7M4_T_le_v4SPD16_eabi.lib : u_tofd_t2.obj (.text)
                  0000276e    00000002                                   : startup.obj (.text)
                  00002770    00000018                                   : args_main.obj (.text)
                  00002788    00000014                                   : _lock.obj (.text)
                  0000279c    0000000e                                   : copy_decompress_none.obj (.text:decompress:none)
                  000027aa    0000000c                                   : copy_zero_init.obj (.text:decompress:ZI)
                  000027b6    0000000c     tm4c123gh6pm_startup_ccs.obj (.text)
                  000027c2    00000006     sysctl.obj (.text:SysCtlDelay)
                  000027c8    00000004     rtsv7M4_T_le_v4SPD16_eabi.lib : pre_init.obj (.text)

.const     0    000027cc    00000590     
                  000027cc    000001b0     sysctl.obj (.const:g_pppui32XTALtoVCO)
                  0000297c    000000d8     gpio.obj (.const:g_ppui32GPIOIntMapSnowflake)
                  00002a54    000000c0     gpio.obj (.const:g_ppui32GPIOIntMapBlizzard)
                  00002b14    0000009c     interrupt.obj (.const:g_pui32Regs)
                  00002bb0    00000090     gpio.obj (.const:g_pui32GPIOBaseAddrs)
                  00002c40    0000006c     sysctl.obj (.const:g_pui32Xtals)
                  00002cac    00000030     sysctl.obj (.const:g_sXTALtoMEMTIM)
                  00002cdc    00000020     interrupt.obj (.const:g_pui32Priority)
                  00002cfc    00000014     interrupt.obj (.const:g_pui32Dii16Regs)
                  00002d10    00000014     interrupt.obj (.const:g_pui32EnRegs)
                  00002d24    00000014     interrupt.obj (.const:g_pui32PendRegs)
                  00002d38    00000014     interrupt.obj (.const:g_pui32UnpendRegs)
                  00002d4c    00000008     sysctl.obj (.const:g_pui32VCOFrequencies)
                  00002d54    00000008     gpio.obj (.const)

.cinit     0    00002d60    00000038     
                  00002d60    00000014     (.cinit..data.load) [load image, compression = lzss]
                  00002d74    0000000c     (__TI_handler_table)
                  00002d80    00000008     (.cinit..vtable.load) [load image, compression = zero_init]
                  00002d88    00000010     (__TI_cinit_table)

.init_array 
*          0    00000000    00000000     UNINITIALIZED

.vtable    0    20000000    0000026c     UNINITIALIZED
                  20000000    0000026c     interrupt.obj (.vtable)

.data      0    2000046c    0000001b     UNINITIALIZED
                  2000046c    0000000c     rtsv7M4_T_le_v4SPD16_eabi.lib : exit.obj (.data:$O1$$)
                  20000478    00000008                                   : _lock.obj (.data:$O1$$)
                  20000480    00000004                                   : stkdepth_vars.obj (.data)
                  20000484    00000003     buttons.obj (.data)

.stack     0    2000026c    00000200     UNINITIALIZED
                  2000026c    00000200     --HOLE--

MODULE SUMMARY

       Module                         code   ro data   rw data
       ------                         ----   -------   -------
    ./
       tm4c123gh6pm_startup_ccs.obj   12     620       0      
       Ej1_PWM-Servo-Skel.obj         112    0         0      
    +--+------------------------------+------+---------+---------+
       Total:                         124    620       0      
                                                              
    ./driverlib/
       sysctl.obj                     3982   596       0      
       gpio.obj                       2976   560       0      
       interrupt.obj                  960    268       620    
       buttons.obj                    296    0         3      
       cpu.obj                        62     0         0      
    +--+------------------------------+------+---------+---------+
       Total:                         8276   1424      623    
                                                              
    /opt/ti/ccs7/ccsv7/tools/compiler/ti-cgt-arm_16.9.1.LTS/lib/rtsv7M4_T_le_v4SPD16_eabi.lib
       fd_mul_t2.obj                  252    0         0      
       memcpy_t2.obj                  156    0         0      
       memset_t2.obj                  122    0         0      
       autoinit.obj                   112    0         0      
       copy_decompress_lzss.obj       104    0         0      
       exit.obj                       84     0         12     
       boot.obj                       84     0         0      
       cpy_tbl.obj                    76     0         0      
       fd_tou_t2.obj                  68     0         0      
       u_tofd_t2.obj                  32     0         0      
       _lock.obj                      20     0         8      
       args_main.obj                  24     0         0      
       copy_decompress_none.obj       14     0         0      
       copy_zero_init.obj             12     0         0      
       pre_init.obj                   4      0         0      
       stkdepth_vars.obj              0      0         4      
       mpu_init.obj                   2      0         0      
       startup.obj                    2      0         0      
    +--+------------------------------+------+---------+---------+
       Total:                         1168   0         24     
                                                              
       Stack:                         0      0         512    
       Linker Generated:              0      56        0      
    +--+------------------------------+------+---------+---------+
       Grand Total:                   9568   2100      1159   


LINKER GENERATED COPY TABLES

__TI_cinit_table @ 00002d88 records: 2, size/record: 8, table size: 16
	.data: load addr=00002d60, load size=00000014 bytes, run addr=2000046c, run size=0000001b bytes, compression=lzss
	.vtable: load addr=00002d80, load size=00000008 bytes, run addr=20000000, run size=0000026c bytes, compression=zero_init


LINKER GENERATED HANDLER TABLE

__TI_handler_table @ 00002d74 records: 3, size/record: 4, table size: 12
	index: 0, handler: __TI_zero_init
	index: 1, handler: __TI_decompress_lzss
	index: 2, handler: __TI_decompress_none


GLOBAL SYMBOLS: SORTED ALPHABETICALLY BY Name 

address   name                            
-------   ----                            
000021fb  ButtonsInit                     
00002155  ButtonsPoll                     
0000262d  C$$EXIT                         
00002745  CPUbasepriGet                   
00002737  CPUbasepriSet                   
00002711  CPUcpsid                        
00002727  CPUcpsie                        
0000271d  CPUprimask                      
00002733  CPUwfi                          
00001d6d  GPIOADCTriggerDisable           
00001d4f  GPIOADCTriggerEnable            
00001d31  GPIODMATriggerDisable           
00001d13  GPIODMATriggerEnable            
000012b3  GPIODirModeGet                  
00001257  GPIODirModeSet                  
00001823  GPIOIntClear                    
000017e7  GPIOIntDisable                  
000017cd  GPIOIntEnable                   
00001837  GPIOIntRegister                 
0000186f  GPIOIntRegisterPin              
00001801  GPIOIntStatus                   
000013a3  GPIOIntTypeGet                  
000012ff  GPIOIntTypeSet                  
00001855  GPIOIntUnregister               
0000189d  GPIOIntUnregisterPin            
0000167b  GPIOPadConfigGet                
00001441  GPIOPadConfigSet                
00001cb5  GPIOPinConfigure                
000018c1  GPIOPinRead                     
000018f9  GPIOPinTypeADC                  
0000191d  GPIOPinTypeCAN                  
00001941  GPIOPinTypeComparator           
00001965  GPIOPinTypeComparatorOutput     
00001989  GPIOPinTypeDIVSCLK              
000019ad  GPIOPinTypeEPI                  
000019d1  GPIOPinTypeEthernetLED          
000019f5  GPIOPinTypeEthernetMII          
00001a19  GPIOPinTypeGPIOInput            
00001a3d  GPIOPinTypeGPIOOutput           
00001a61  GPIOPinTypeGPIOOutputOD         
00001a85  GPIOPinTypeHibernateRTCCLK      
00001aa9  GPIOPinTypeI2C                  
00001acd  GPIOPinTypeI2CSCL               
00001af1  GPIOPinTypeLCD                  
00001b15  GPIOPinTypeOneWire              
00001b39  GPIOPinTypePWM                  
00001b5d  GPIOPinTypeQEI                  
00001b81  GPIOPinTypeSSI                  
00001ba5  GPIOPinTypeTimer                
00001bc9  GPIOPinTypeTrace                
00001bed  GPIOPinTypeUART                 
00001c11  GPIOPinTypeUSBAnalog            
00001c35  GPIOPinTypeUSBDigital           
00001c59  GPIOPinTypeWakeHigh             
00001c7f  GPIOPinTypeWakeLow              
00001ca5  GPIOPinWakeStatus               
000018d9  GPIOPinWrite                    
00001f55  IntDisable                      
00001ee3  IntEnable                       
00001fc7  IntIsEnabled                    
00001da7  IntMasterDisable                
00001d97  IntMasterEnable                 
000020bd  IntPendClear                    
0000204d  IntPendSet                      
00001ebf  IntPriorityGet                  
00001e37  IntPriorityGroupingGet          
00001e1d  IntPriorityGroupingSet          
00002117  IntPriorityMaskGet              
0000210b  IntPriorityMaskSet              
00001e6f  IntPrioritySet                  
00001db7  IntRegister                     
0000211f  IntTrigger                      
00001e09  IntUnregister                   
000027b7  ResetISR                        
000024df  RutinaISR                       
UNDEFED   SHT$$INIT_ARRAY$$Base           
UNDEFED   SHT$$INIT_ARRAY$$Limit          
000011b1  SysCtlAltClkConfig              
000008d5  SysCtlClockFreqSet              
00000d9d  SysCtlClockGet                  
00001195  SysCtlClockOutConfig            
00000bcd  SysCtlClockSet                  
000007d9  SysCtlDeepSleep                 
00000f65  SysCtlDeepSleepClockConfigSet   
00000f49  SysCtlDeepSleepClockSet         
000007b9  SysCtlDeepSleepPowerSet         
000027c3  SysCtlDelay                     
00000365  SysCtlFlashSectorSizeGet        
00000339  SysCtlFlashSizeGet              
0000103b  SysCtlGPIOAHBDisable            
0000101f  SysCtlGPIOAHBEnable             
0000074d  SysCtlIntClear                  
00000735  SysCtlIntDisable                
00000721  SysCtlIntEnable                 
000006f9  SysCtlIntRegister               
0000075d  SysCtlIntStatus                 
00000711  SysCtlIntUnregister             
0000079f  SysCtlLDODeepSleepGet           
0000078f  SysCtlLDODeepSleepSet           
00000789  SysCtlLDOSleepGet               
00000779  SysCtlLDOSleepSet               
0000080f  SysCtlMOSCConfigSet             
00001179  SysCtlNMIClear                  
00001169  SysCtlNMIStatus                 
00000825  SysCtlPIOSCCalibrate            
00001009  SysCtlPWMClockGet               
00000fef  SysCtlPWMClockSet               
000006a5  SysCtlPeripheralClockGating     
0000065d  SysCtlPeripheralDeepSleepDisable
0000060d  SysCtlPeripheralDeepSleepEnable 
00000549  SysCtlPeripheralDisable         
0000050d  SysCtlPeripheralEnable          
00000449  SysCtlPeripheralPowerOff        
0000040d  SysCtlPeripheralPowerOn         
0000038d  SysCtlPeripheralPresent         
000003cd  SysCtlPeripheralReady           
00000485  SysCtlPeripheralReset           
000005d1  SysCtlPeripheralSleepDisable    
0000058d  SysCtlPeripheralSleepEnable     
000007c9  SysCtlReset                     
00000885  SysCtlResetBehaviorGet          
00000875  SysCtlResetBehaviorSet          
000007fb  SysCtlResetCauseClear           
000007f5  SysCtlResetCauseGet             
0000032f  SysCtlSRAMSizeGet               
000007d1  SysCtlSleep                     
000007a5  SysCtlSleepPowerSet             
00001063  SysCtlUSBPLLDisable             
00001057  SysCtlUSBPLLEnable              
000010a9  SysCtlVCOGet                    
00001095  SysCtlVoltageEventClear         
00001075  SysCtlVoltageEventConfig        
00001089  SysCtlVoltageEventStatus        
2000046c  __STACK_END                     
00000200  __STACK_SIZE                    
2000046c  __STACK_TOP                     
00002d88  __TI_CINIT_Base                 
00002d98  __TI_CINIT_Limit                
00002d74  __TI_Handler_Table_Base         
00002d80  __TI_Handler_Table_Limit        
00002501  __TI_auto_init                  
2000046c  __TI_cleanup_ptr                
00002571  __TI_decompress_lzss            
0000279d  __TI_decompress_none            
20000470  __TI_dtors_ptr                  
20000474  __TI_enable_exit_profile_output 
ffffffff  __TI_pprof_out_hndl             
ffffffff  __TI_prof_data_size             
ffffffff  __TI_prof_data_start            
00000000  __TI_static_base__              
000027ab  __TI_zero_init                  
000026cd  __aeabi_d2uiz                   
0000227d  __aeabi_dmul                    
00002415  __aeabi_memclr                  
00002415  __aeabi_memclr4                 
00002415  __aeabi_memclr8                 
00002379  __aeabi_memcpy                  
00002379  __aeabi_memcpy4                 
00002379  __aeabi_memcpy8                 
00002417  __aeabi_memset                  
00002417  __aeabi_memset4                 
00002417  __aeabi_memset8                 
0000274f  __aeabi_ui2d                    
ffffffff  __binit__                       
ffffffff  __c_args__                      
0000248f  __mpu_init                      
2000026c  __stack                         
00002771  _args_main                      
000025d9  _c_int00                        
20000478  _lock                           
00002797  _nop                            
0000278f  _register_lock                  
00002789  _register_unlock                
0000276f  _system_post_cinit              
000027c9  _system_pre_init                
2000047c  _unlock                         
00002631  abort                           
ffffffff  binit                           
00002681  copy_in                         
00002639  exit                            
20000000  g_pfnRAMVectors                 
00000000  g_pfnVectors                    
00002491  main                            
20000480  main_func_sp                    
00002379  memcpy                          
0000241d  memset                          


GLOBAL SYMBOLS: SORTED BY Symbol Address 

address   name                            
-------   ----                            
00000000  __TI_static_base__              
00000000  g_pfnVectors                    
00000200  __STACK_SIZE                    
0000032f  SysCtlSRAMSizeGet               
00000339  SysCtlFlashSizeGet              
00000365  SysCtlFlashSectorSizeGet        
0000038d  SysCtlPeripheralPresent         
000003cd  SysCtlPeripheralReady           
0000040d  SysCtlPeripheralPowerOn         
00000449  SysCtlPeripheralPowerOff        
00000485  SysCtlPeripheralReset           
0000050d  SysCtlPeripheralEnable          
00000549  SysCtlPeripheralDisable         
0000058d  SysCtlPeripheralSleepEnable     
000005d1  SysCtlPeripheralSleepDisable    
0000060d  SysCtlPeripheralDeepSleepEnable 
0000065d  SysCtlPeripheralDeepSleepDisable
000006a5  SysCtlPeripheralClockGating     
000006f9  SysCtlIntRegister               
00000711  SysCtlIntUnregister             
00000721  SysCtlIntEnable                 
00000735  SysCtlIntDisable                
0000074d  SysCtlIntClear                  
0000075d  SysCtlIntStatus                 
00000779  SysCtlLDOSleepSet               
00000789  SysCtlLDOSleepGet               
0000078f  SysCtlLDODeepSleepSet           
0000079f  SysCtlLDODeepSleepGet           
000007a5  SysCtlSleepPowerSet             
000007b9  SysCtlDeepSleepPowerSet         
000007c9  SysCtlReset                     
000007d1  SysCtlSleep                     
000007d9  SysCtlDeepSleep                 
000007f5  SysCtlResetCauseGet             
000007fb  SysCtlResetCauseClear           
0000080f  SysCtlMOSCConfigSet             
00000825  SysCtlPIOSCCalibrate            
00000875  SysCtlResetBehaviorSet          
00000885  SysCtlResetBehaviorGet          
000008d5  SysCtlClockFreqSet              
00000bcd  SysCtlClockSet                  
00000d9d  SysCtlClockGet                  
00000f49  SysCtlDeepSleepClockSet         
00000f65  SysCtlDeepSleepClockConfigSet   
00000fef  SysCtlPWMClockSet               
00001009  SysCtlPWMClockGet               
0000101f  SysCtlGPIOAHBEnable             
0000103b  SysCtlGPIOAHBDisable            
00001057  SysCtlUSBPLLEnable              
00001063  SysCtlUSBPLLDisable             
00001075  SysCtlVoltageEventConfig        
00001089  SysCtlVoltageEventStatus        
00001095  SysCtlVoltageEventClear         
000010a9  SysCtlVCOGet                    
00001169  SysCtlNMIStatus                 
00001179  SysCtlNMIClear                  
00001195  SysCtlClockOutConfig            
000011b1  SysCtlAltClkConfig              
00001257  GPIODirModeSet                  
000012b3  GPIODirModeGet                  
000012ff  GPIOIntTypeSet                  
000013a3  GPIOIntTypeGet                  
00001441  GPIOPadConfigSet                
0000167b  GPIOPadConfigGet                
000017cd  GPIOIntEnable                   
000017e7  GPIOIntDisable                  
00001801  GPIOIntStatus                   
00001823  GPIOIntClear                    
00001837  GPIOIntRegister                 
00001855  GPIOIntUnregister               
0000186f  GPIOIntRegisterPin              
0000189d  GPIOIntUnregisterPin            
000018c1  GPIOPinRead                     
000018d9  GPIOPinWrite                    
000018f9  GPIOPinTypeADC                  
0000191d  GPIOPinTypeCAN                  
00001941  GPIOPinTypeComparator           
00001965  GPIOPinTypeComparatorOutput     
00001989  GPIOPinTypeDIVSCLK              
000019ad  GPIOPinTypeEPI                  
000019d1  GPIOPinTypeEthernetLED          
000019f5  GPIOPinTypeEthernetMII          
00001a19  GPIOPinTypeGPIOInput            
00001a3d  GPIOPinTypeGPIOOutput           
00001a61  GPIOPinTypeGPIOOutputOD         
00001a85  GPIOPinTypeHibernateRTCCLK      
00001aa9  GPIOPinTypeI2C                  
00001acd  GPIOPinTypeI2CSCL               
00001af1  GPIOPinTypeLCD                  
00001b15  GPIOPinTypeOneWire              
00001b39  GPIOPinTypePWM                  
00001b5d  GPIOPinTypeQEI                  
00001b81  GPIOPinTypeSSI                  
00001ba5  GPIOPinTypeTimer                
00001bc9  GPIOPinTypeTrace                
00001bed  GPIOPinTypeUART                 
00001c11  GPIOPinTypeUSBAnalog            
00001c35  GPIOPinTypeUSBDigital           
00001c59  GPIOPinTypeWakeHigh             
00001c7f  GPIOPinTypeWakeLow              
00001ca5  GPIOPinWakeStatus               
00001cb5  GPIOPinConfigure                
00001d13  GPIODMATriggerEnable            
00001d31  GPIODMATriggerDisable           
00001d4f  GPIOADCTriggerEnable            
00001d6d  GPIOADCTriggerDisable           
00001d97  IntMasterEnable                 
00001da7  IntMasterDisable                
00001db7  IntRegister                     
00001e09  IntUnregister                   
00001e1d  IntPriorityGroupingSet          
00001e37  IntPriorityGroupingGet          
00001e6f  IntPrioritySet                  
00001ebf  IntPriorityGet                  
00001ee3  IntEnable                       
00001f55  IntDisable                      
00001fc7  IntIsEnabled                    
0000204d  IntPendSet                      
000020bd  IntPendClear                    
0000210b  IntPriorityMaskSet              
00002117  IntPriorityMaskGet              
0000211f  IntTrigger                      
00002155  ButtonsPoll                     
000021fb  ButtonsInit                     
0000227d  __aeabi_dmul                    
00002379  __aeabi_memcpy                  
00002379  __aeabi_memcpy4                 
00002379  __aeabi_memcpy8                 
00002379  memcpy                          
00002415  __aeabi_memclr                  
00002415  __aeabi_memclr4                 
00002415  __aeabi_memclr8                 
00002417  __aeabi_memset                  
00002417  __aeabi_memset4                 
00002417  __aeabi_memset8                 
0000241d  memset                          
0000248f  __mpu_init                      
00002491  main                            
000024df  RutinaISR                       
00002501  __TI_auto_init                  
00002571  __TI_decompress_lzss            
000025d9  _c_int00                        
0000262d  C$$EXIT                         
00002631  abort                           
00002639  exit                            
00002681  copy_in                         
000026cd  __aeabi_d2uiz                   
00002711  CPUcpsid                        
0000271d  CPUprimask                      
00002727  CPUcpsie                        
00002733  CPUwfi                          
00002737  CPUbasepriSet                   
00002745  CPUbasepriGet                   
0000274f  __aeabi_ui2d                    
0000276f  _system_post_cinit              
00002771  _args_main                      
00002789  _register_unlock                
0000278f  _register_lock                  
00002797  _nop                            
0000279d  __TI_decompress_none            
000027ab  __TI_zero_init                  
000027b7  ResetISR                        
000027c3  SysCtlDelay                     
000027c9  _system_pre_init                
00002d74  __TI_Handler_Table_Base         
00002d80  __TI_Handler_Table_Limit        
00002d88  __TI_CINIT_Base                 
00002d98  __TI_CINIT_Limit                
20000000  g_pfnRAMVectors                 
2000026c  __stack                         
2000046c  __STACK_END                     
2000046c  __STACK_TOP                     
2000046c  __TI_cleanup_ptr                
20000470  __TI_dtors_ptr                  
20000474  __TI_enable_exit_profile_output 
20000478  _lock                           
2000047c  _unlock                         
20000480  main_func_sp                    
ffffffff  __TI_pprof_out_hndl             
ffffffff  __TI_prof_data_size             
ffffffff  __TI_prof_data_start            
ffffffff  __binit__                       
ffffffff  __c_args__                      
ffffffff  binit                           
UNDEFED   SHT$$INIT_ARRAY$$Base           
UNDEFED   SHT$$INIT_ARRAY$$Limit          

[186 symbols]
