******************************************************************************
                  TI ARM Linker PC v18.1.3                     
******************************************************************************
>> Linked Tue Nov  6 23:10:50 2018

OUTPUT FILE NAME:   <P1_PWM-Servo.out>
ENTRY POINT SYMBOL: "_c_int00_noargs"  address: 00009b8d


MEMORY CONFIGURATION

         name            origin    length      used     unused   attr    fill
----------------------  --------  ---------  --------  --------  ----  --------
  FLASH                 00000000   00040000  0000a85e  000357a2  R  X
  SRAM                  20000000   00008000  00005a21  000025df  RW X


SEGMENT ALLOCATION MAP

run origin  load origin   length   init length attrs members
----------  ----------- ---------- ----------- ----- -------
00000000    00000000    0000a860   0000a860    r-x
  00000000    00000000    0000026c   0000026c    r-- .intvecs
  0000026c    0000026c    00009b0e   00009b0e    r-x .text
  00009d7c    00009d7c    000009fc   000009fc    r-- .const
  0000a778    0000a778    000000e8   000000e8    r-- .cinit
20000000    20000000    00005a23   00000000    rw-
  20000000    20000000    0000026c   00000000    rw- .vtable
  2000026c    2000026c    0000547a   00000000    rw- .bss
  200056e8    200056e8    00000200   00000000    rw- .stack
  200058e8    200058e8    0000013b   00000000    rw- .data


SECTION ALLOCATION MAP

 output                                  attributes/
section   page    origin      length       input sections
--------  ----  ----------  ----------   ----------------
.intvecs   0    00000000    0000026c     
                  00000000    0000026c     tm4c123gh6pm_startup_ccs.obj (.intvecs)

.text      0    0000026c    00009b0e     
                  0000026c    0000188c     tasks.obj (.text)
                  00001af8    00000f80     sysctl.obj (.text)
                  00002a78    00000b94     gpio.obj (.text)
                  0000360c    00000ab4     uartstdio.obj (.text)
                  000040c0    00000a5e     rtsv7M4_T_le_v4SPD16_eabi.lib : _printfi.c.obj (.text:__TI_printfi)
                  00004b1e    00000002                                   : div0.asm.obj (.text)
                  00004b20    0000093c     queue.obj (.text)
                  0000545c    00000804     Skybot_servos.obj (.text)
                  00005c60    00000718     pwm.obj (.text)
                  00006378    00000642     timer.obj (.text)
                  000069ba    00000002     --HOLE-- [fill = 0]
                  000069bc    0000062e     uart.obj (.text)
                  00006fea    00000002     --HOLE-- [fill = 0]
                  00006fec    000005cc     commands.obj (.text)
                  000075b8    0000049c     P1_PWM-Servo.obj (.text)
                  00007a54    000003c0     interrupt.obj (.text)
                  00007e14    000002bc     heap_4.obj (.text)
                  000080d0    00000270     rtsv7M4_T_le_v4SPD16_eabi.lib : _printfi.c.obj (.text:_pconv_a)
                  00008340    000001d0                                   : _printfi.c.obj (.text:_pconv_g)
                  00008510    000001b6                                   : fd_add_t2.asm.obj (.text)
                  000086c6    00000002     --HOLE-- [fill = 0]
                  000086c8    0000013c                                   : _printfi.c.obj (.text:_pconv_e)
                  00008804    00000136                                   : fd_div_t2.asm.obj (.text)
                  0000893a    00000002     --HOLE-- [fill = 0]
                  0000893c    0000012c     port.obj (.text)
                  00008a68    0000012a     list.obj (.text)
                  00008b92    00000002     --HOLE-- [fill = 0]
                  00008b94    00000128     buttons.obj (.text)
                  00008cbc    00000120     rtsv7M4_T_le_v4SPD16_eabi.lib : _printfi.c.obj (.text:fcvt)
                  00008ddc    00000110                                   : s_scalbn.c.obj (.text:scalbn)
                  00008eec    00000110                                   : strtoul.c.obj (.text:strtoul)
                  00008ffc    000000fc                                   : fd_mul_t2.asm.obj (.text)
                  000090f8    000000f0     cpu_usage.obj (.text)
                  000091e8    000000d2     portasm.obj (.text)
                  000092ba    00000002     --HOLE-- [fill = 0]
                  000092bc    000000b1     rtsv7M4_T_le_v4SPD16_eabi.lib : _printfi.c.obj (.text:_ltostr)
                  0000936d    00000003     --HOLE-- [fill = 0]
                  00009370    000000ac     cmdline.obj (.text)
                  0000941c    0000009c     rtsv7M4_T_le_v4SPD16_eabi.lib : memcpy_t2.asm.obj (.text)
                  000094b8    00000096                                   : ull_div_t2.asm.obj (.text)
                  0000954e    00000086                                   : fd_cmp_t2.asm.obj (.text:__aeabi_cdcmple)
                  000095d4    00000086                                   : fd_cmp_t2.asm.obj (.text:__aeabi_cdrcmple)
                  0000965a    0000007a                                   : memset_t2.asm.obj (.text)
                  000096d4    0000006e                                   : _printfi.c.obj (.text:_mcpy)
                  00009742    00000002     --HOLE-- [fill = 0]
                  00009744    00000068     RunTimeStatsConfig.obj (.text)
                  000097ac    00000068     rtsv7M4_T_le_v4SPD16_eabi.lib : copy_decompress_lzss.c.obj (.text:decompress:lzss:__TI_decompress_lzss)
                  00009814    00000064                                   : s_frexp.c.obj (.text:frexp)
                  00009878    00000056                                   : _printfi.c.obj (.text:_pconv_f)
                  000098ce    00000054                                   : ltoa.c.obj (.text:ltoa)
                  00009922    00000052                                   : _printfi.c.obj (.text:_ecpy)
                  00009974    0000004c                                   : atoi.c.obj (.text:atoi)
                  000099c0    00000048                                   : fd_toi_t2.asm.obj (.text)
                  00009a08    00000044                                   : autoinit.c.obj (.text:__TI_auto_init_nobinit_nopinit:__TI_auto_init_nobinit_nopinit)
                  00009a4c    00000044                                   : fd_tou_t2.asm.obj (.text)
                  00009a90    00000040                                   : u_divt2.asm.obj (.text)
                  00009ad0    00000040                                   : sprintf.c.obj (.text:sprintf)
                  00009b10    0000003e                                   : _printfi.c.obj (.text:_fcpy)
                  00009b4e    0000003e     cpu.obj (.text)
                  00009b8c    00000038     rtsv7M4_T_le_v4SPD16_eabi.lib : boot_cortex_m.c.obj (.text:_c_int00_noargs:_c_int00_noargs)
                  00009bc4    0000002e                                   : i_tofd_t2.asm.obj (.text)
                  00009bf2    0000002c                                   : strncmp.c.obj (.text:strncmp)
                  00009c1e    00000002     --HOLE-- [fill = 0]
                  00009c20    0000002c     tm4c123gh6pm_startup_ccs.obj (.text)
                  00009c4c    00000024     RunTimeStatsConfig.obj (.text:GetOverflowCounts)
                  00009c70    00000020     rtsv7M4_T_le_v4SPD16_eabi.lib : u_tofd_t2.asm.obj (.text)
                  00009c90    0000001c                                   : memccpy.c.obj (.text:memccpy)
                  00009cac    00000018                                   : sprintf.c.obj (.text:_outs)
                  00009cc4    00000018                                   : strcmp.c.obj (.text:strcmp)
                  00009cdc    00000016                                   : strchr.c.obj (.text:strchr)
                  00009cf2    00000014                                   : s_copysign.c.obj (.text:copysign)
                  00009d06    00000014                                   : strcpy.c.obj (.text:strcpy)
                  00009d1a    00000014                                   : strlen.c.obj (.text:strlen)
                  00009d2e    00000012                                   : wcslen.c.obj (.text:wcslen)
                  00009d40    0000000e                                   : copy_decompress_none.c.obj (.text:decompress:none:__TI_decompress_none)
                  00009d4e    0000000c                                   : copy_zero_init.c.obj (.text:decompress:ZI:__TI_zero_init)
                  00009d5a    0000000a                                   : sprintf.c.obj (.text:_outc)
                  00009d64    00000008                                   : errno.c.obj (.text:__aeabi_errno_addr)
                  00009d6c    00000006     sysctl.obj (.text:SysCtlDelay)
                  00009d72    00000004     rtsv7M4_T_le_v4SPD16_eabi.lib : pre_init.c.obj (.text:_system_pre_init)
                  00009d76    00000004                                   : exit.c.obj (.text:abort:abort)

.const     0    00009d7c    000009fc     
                  00009d7c    00000210     commands.obj (.const:.string)
                  00009f8c    000001b0     sysctl.obj (.const:g_pppui32XTALtoVCO)
                  0000a13c    00000101     rtsv7M4_T_le_v4SPD16_eabi.lib : ctype.c.obj (.const:.string:_ctypes_)
                  0000a23d    00000003     --HOLE-- [fill = 0]
                  0000a240    000000d8     gpio.obj (.const:g_ppui32GPIOIntMapSnowflake)
                  0000a318    000000c0     gpio.obj (.const:g_ppui32GPIOIntMapBlizzard)
                  0000a3d8    0000009c     interrupt.obj (.const:g_pui32Regs)
                  0000a474    00000090     gpio.obj (.const:g_pui32GPIOBaseAddrs)
                  0000a504    0000006c     sysctl.obj (.const:g_pui32Xtals)
                  0000a570    00000060     timer.obj (.const:g_ppui32TimerIntMap)
                  0000a5d0    00000040     timer.obj (.const:g_ppui32TimerIntMapSnowflake)
                  0000a610    00000040     uart.obj (.const:g_ppui32UARTIntMap)
                  0000a650    00000040     uart.obj (.const:g_ppui32UARTIntMapSnowflake)
                  0000a690    00000030     sysctl.obj (.const:g_sXTALtoMEMTIM)
                  0000a6c0    00000020     interrupt.obj (.const:g_pui32Priority)
                  0000a6e0    00000014     interrupt.obj (.const:g_pui32Dii16Regs)
                  0000a6f4    00000014     interrupt.obj (.const:g_pui32EnRegs)
                  0000a708    00000014     interrupt.obj (.const:g_pui32PendRegs)
                  0000a71c    00000014     interrupt.obj (.const:g_pui32UnpendRegs)
                  0000a730    00000012     uartstdio.obj (.const:.string)
                  0000a742    00000002     --HOLE-- [fill = 0]
                  0000a744    0000000c     uartstdio.obj (.const:g_ui32UARTBase)
                  0000a750    0000000c     uartstdio.obj (.const:g_ui32UARTInt)
                  0000a75c    0000000c     uartstdio.obj (.const:g_ui32UARTPeriph)
                  0000a768    00000008     sysctl.obj (.const:g_pui32VCOFrequencies)
                  0000a770    00000004     port.obj (.const)
                  0000a774    00000004     uartstdio.obj (.const)

.cinit     0    0000a778    000000e8     
                  0000a778    000000b2     (.cinit..data.load) [load image, compression = lzss]
                  0000a82a    00000002     --HOLE-- [fill = 0]
                  0000a82c    0000000c     (__TI_handler_table)
                  0000a838    00000008     (.cinit..bss.load) [load image, compression = zero_init]
                  0000a840    00000008     (.cinit..vtable.load) [load image, compression = zero_init]
                  0000a848    00000018     (__TI_cinit_table)

.init_array 
*          0    00000000    00000000     UNINITIALIZED

.vtable    0    20000000    0000026c     UNINITIALIZED
                  20000000    0000026c     interrupt.obj (.vtable)

.bss       0    2000026c    0000547a     UNINITIALIZED
                  2000026c    00005000     heap_4.obj (.bss:ucHeap)
                  2000526c    00000200     uartstdio.obj (.bss:g_pcUARTRxHistoryBuffer)
                  2000546c    00000140     tasks.obj (.bss:pxReadyTasksLists)
                  200055ac    00000050     (.common:xQueueRegistry)
                  200055fc    00000024     cmdline.obj (.bss:g_ppcArgv)
                  20005620    00000020     uartstdio.obj (.bss:g_usUARTRxHistoryOffset)
                  20005640    00000014     tasks.obj (.bss:xDelayedTaskList1)
                  20005654    00000014     tasks.obj (.bss:xDelayedTaskList2)
                  20005668    00000014     tasks.obj (.bss:xPendingReadyList)
                  2000567c    00000014     tasks.obj (.bss:xSuspendedTaskList)
                  20005690    00000014     tasks.obj (.bss:xTasksWaitingTermination)
                  200056a4    00000010     uartstdio.obj (.bss)
                  200056b4    0000000c     cpu_usage.obj (.bss)
                  200056c0    00000008     tasks.obj (.bss)
                  200056c8    00000008     heap_4.obj (.bss:xStart)
                  200056d0    00000008     (.common:ui32DutyCycle)
                  200056d8    00000004     (.common:g_ui32CPUUsage)
                  200056dc    00000004     (.common:g_ui32SystemClock)
                  200056e0    00000004     (.common:ui32Period)
                  200056e4    00000001     (.common:ui8Buttons)
                  200056e5    00000001     (.common:ui8Changed)

.data      0    200058e8    0000013b     UNINITIALIZED
                  200058e8    0000009c     commands.obj (.data:g_psCmdTable)
                  20005984    0000003c     tasks.obj (.data)
                  200059c0    00000018     cpu_usage.obj (.data:g_pui32CPUUsageTimerBase)
                  200059d8    00000018     cpu_usage.obj (.data:g_pui32CPUUsageTimerPeriph)
                  200059f0    00000010     heap_4.obj (.data)
                  20005a00    0000000c     uartstdio.obj (.data)
                  20005a0c    0000000a     P1_PWM-Servo.obj (.data)
                  20005a16    00000002     --HOLE--
                  20005a18    00000004     port.obj (.data)
                  20005a1c    00000004     rtsv7M4_T_le_v4SPD16_eabi.lib : errno.c.obj (.data)
                  20005a20    00000003     buttons.obj (.data)

.stack     0    200056e8    00000200     UNINITIALIZED
                  200056e8    00000004     rtsv7M4_T_le_v4SPD16_eabi.lib : boot_cortex_m.c.obj (.stack)
                  200056ec    000001fc     --HOLE--

MODULE SUMMARY

       Module                         code    ro data   rw data
       ------                         ----    -------   -------
    .\
       commands.obj                   1484    528       156    
       Skybot_servos.obj              2052    0         0      
       P1_PWM-Servo.obj               1180    0         32     
       tm4c123gh6pm_startup_ccs.obj   44      620       0      
    +--+------------------------------+-------+---------+---------+
       Total:                         4760    1148      188    
                                                               
    .\FreeRTOS\Source\
       tasks.obj                      6284    0         488    
       queue.obj                      2364    0         80     
       list.obj                       298     0         0      
    +--+------------------------------+-------+---------+---------+
       Total:                         8946    0         568    
                                                               
    .\FreeRTOS\Source\portable\CCS\ARM_CM4F\
       port.obj                       300     4         4      
       portasm.obj                    210     0         0      
    +--+------------------------------+-------+---------+---------+
       Total:                         510     4         4      
                                                               
    .\FreeRTOS\Source\portable\MemMang\
       heap_4.obj                     700     0         20504  
    +--+------------------------------+-------+---------+---------+
       Total:                         700     0         20504  
                                                               
    .\driverlib\
       sysctl.obj                     3974    596       0      
       gpio.obj                       2964    552       0      
       interrupt.obj                  960     268       620    
       pwm.obj                        1816    0         0      
       timer.obj                      1602    160       0      
       uart.obj                       1582    128       0      
       buttons.obj                    296     0         3      
       cpu.obj                        62      0         0      
    +--+------------------------------+-------+---------+---------+
       Total:                         13256   1704      623    
                                                               
    .\utils\
       uartstdio.obj                  2740    58        572    
       cpu_usage.obj                  240     0         60     
       cmdline.obj                    172     0         36     
       RunTimeStatsConfig.obj         140     0         0      
    +--+------------------------------+-------+---------+---------+
       Total:                         3292    58        668    
                                                               
    C:\Ingenieria\ccsv8\tools\compiler\ti-cgt-arm_18.1.3.LTS\lib\rtsv7M4_T_le_v4SPD16_eabi.lib
       _printfi.c.obj                 4863    0         0      
       fd_add_t2.asm.obj              438     0         0      
       fd_div_t2.asm.obj              310     0         0      
       s_scalbn.c.obj                 272     0         0      
       strtoul.c.obj                  272     0         0      
       fd_cmp_t2.asm.obj              268     0         0      
       ctype.c.obj                    0       257       0      
       fd_mul_t2.asm.obj              252     0         0      
       memcpy_t2.asm.obj              156     0         0      
       ull_div_t2.asm.obj             150     0         0      
       memset_t2.asm.obj              122     0         0      
       copy_decompress_lzss.c.obj     104     0         0      
       s_frexp.c.obj                  100     0         0      
       sprintf.c.obj                  98      0         0      
       ltoa.c.obj                     84      0         0      
       atoi.c.obj                     76      0         0      
       fd_toi_t2.asm.obj              72      0         0      
       autoinit.c.obj                 68      0         0      
       fd_tou_t2.asm.obj              68      0         0      
       u_divt2.asm.obj                64      0         0      
       boot_cortex_m.c.obj            56      0         0      
       i_tofd_t2.asm.obj              46      0         0      
       strncmp.c.obj                  44      0         0      
       u_tofd_t2.asm.obj              32      0         0      
       memccpy.c.obj                  28      0         0      
       strcmp.c.obj                   24      0         0      
       strchr.c.obj                   22      0         0      
       s_copysign.c.obj               20      0         0      
       strcpy.c.obj                   20      0         0      
       strlen.c.obj                   20      0         0      
       wcslen.c.obj                   18      0         0      
       copy_decompress_none.c.obj     14      0         0      
       copy_zero_init.c.obj           12      0         0      
       errno.c.obj                    8       0         4      
       exit.c.obj                     4       0         0      
       pre_init.c.obj                 4       0         0      
       div0.asm.obj                   2       0         0      
    +--+------------------------------+-------+---------+---------+
       Total:                         8211    257       4      
                                                               
       Stack:                         0       0         512    
       Linker Generated:              0       230       0      
    +--+------------------------------+-------+---------+---------+
       Grand Total:                   39675   3401      23071  


LINKER GENERATED COPY TABLES

__TI_cinit_table @ 0000a848 records: 3, size/record: 8, table size: 24
	.data: load addr=0000a778, load size=000000b2 bytes, run addr=200058e8, run size=0000013b bytes, compression=lzss
	.bss: load addr=0000a838, load size=00000008 bytes, run addr=2000026c, run size=0000547a bytes, compression=zero_init
	.vtable: load addr=0000a840, load size=00000008 bytes, run addr=20000000, run size=0000026c bytes, compression=zero_init


LINKER GENERATED HANDLER TABLE

__TI_handler_table @ 0000a82c records: 3, size/record: 4, table size: 12
	index: 0, handler: __TI_zero_init
	index: 1, handler: __TI_decompress_lzss
	index: 2, handler: __TI_decompress_none


GLOBAL SYMBOLS: SORTED ALPHABETICALLY BY Name 

address   name                             
-------   ----                             
00008c3b  ButtonsInit                      
00008b95  ButtonsPoll                      
00009d77  C$$EXIT                          
00009137  CPUUsageInit                     
000090f9  CPUUsageTick                     
00009b83  CPUbasepriGet                    
00009b75  CPUbasepriSet                    
00009b4f  CPUcpsid                         
00009b65  CPUcpsie                         
00009b5b  CPUprimask                       
00009b71  CPUwfi                           
20005a10  CircuitoTask_handle              
00009371  CmdLineProcess                   
0000710b  Cmd_circuit                      
00007157  Cmd_cpu                          
00007181  Cmd_free                         
00007261  Cmd_help                         
000070a9  Cmd_pause                        
00007213  Cmd_stats                        
00007197  Cmd_tasks                        
00006fed  Cmd_velocity                     
000035e5  GPIOADCTriggerDisable            
000035c7  GPIOADCTriggerEnable             
000035a9  GPIODMATriggerDisable            
0000358b  GPIODMATriggerEnable             
00002b33  GPIODirModeGet                   
00002ad7  GPIODirModeSet                   
0000309b  GPIOIntClear                     
0000305f  GPIOIntDisable                   
00003045  GPIOIntEnable                    
000030af  GPIOIntRegister                  
000030e7  GPIOIntRegisterPin               
00003079  GPIOIntStatus                    
00002c23  GPIOIntTypeGet                   
00002b7f  GPIOIntTypeSet                   
000030cd  GPIOIntUnregister                
00003115  GPIOIntUnregisterPin             
00002ef3  GPIOPadConfigGet                 
00002cb9  GPIOPadConfigSet                 
0000352d  GPIOPinConfigure                 
00003139  GPIOPinRead                      
00003171  GPIOPinTypeADC                   
00003195  GPIOPinTypeCAN                   
000031b9  GPIOPinTypeComparator            
000031dd  GPIOPinTypeComparatorOutput      
00003201  GPIOPinTypeDIVSCLK               
00003225  GPIOPinTypeEPI                   
00003249  GPIOPinTypeEthernetLED           
0000326d  GPIOPinTypeEthernetMII           
00003291  GPIOPinTypeGPIOInput             
000032b5  GPIOPinTypeGPIOOutput            
000032d9  GPIOPinTypeGPIOOutputOD          
000032fd  GPIOPinTypeHibernateRTCCLK       
00003321  GPIOPinTypeI2C                   
00003345  GPIOPinTypeI2CSCL                
00003369  GPIOPinTypeLCD                   
0000338d  GPIOPinTypeOneWire               
000033b1  GPIOPinTypePWM                   
000033d5  GPIOPinTypeQEI                   
000033f9  GPIOPinTypeSSI                   
0000341d  GPIOPinTypeTimer                 
00003441  GPIOPinTypeTrace                 
00003465  GPIOPinTypeUART                  
00003489  GPIOPinTypeUSBAnalog             
000034ad  GPIOPinTypeUSBDigital            
000034d1  GPIOPinTypeWakeHigh              
000034f7  GPIOPinTypeWakeLow               
0000351d  GPIOPinWakeStatus                
00003151  GPIOPinWrite                     
00009c4d  GetOverflowCounts                
00007c15  IntDisable                       
00007ba3  IntEnable                        
00007c87  IntIsEnabled                     
00007a67  IntMasterDisable                 
00007a57  IntMasterEnable                  
00007d7d  IntPendClear                     
00007d0d  IntPendSet                       
00007b7f  IntPriorityGet                   
00007af7  IntPriorityGroupingGet           
00007add  IntPriorityGroupingSet           
00007dd7  IntPriorityMaskGet               
00007dcb  IntPriorityMaskSet               
00007b2f  IntPrioritySet                   
00007a77  IntRegister                      
00007ddf  IntTrigger                       
00007ac9  IntUnregister                    
000062db  PWMClockGet                      
000062bb  PWMClockSet                      
00005e05  PWMDeadBandDisable               
00005dcd  PWMDeadBandEnable                
00006181  PWMFaultIntClear                 
000061b3  PWMFaultIntClearExt              
0000609b  PWMFaultIntRegister              
000060b9  PWMFaultIntUnregister            
00005c61  PWMGenConfigure                  
00005d1f  PWMGenDisable                    
00005d05  PWMGenEnable                     
00006285  PWMGenFaultClear                 
000061d1  PWMGenFaultConfigure             
0000624f  PWMGenFaultStatus                
0000622b  PWMGenFaultTriggerGet            
00006201  PWMGenFaultTriggerSet            
00006139  PWMGenIntClear                   
0000600d  PWMGenIntRegister                
0000610f  PWMGenIntStatus                  
000060f1  PWMGenIntTrigDisable             
000060d3  PWMGenIntTrigEnable              
00006035  PWMGenIntUnregister              
00005cdb  PWMGenPeriodGet                  
00005cab  PWMGenPeriodSet                  
00006169  PWMIntDisable                    
00006151  PWMIntEnable                     
00006193  PWMIntStatus                     
00005edb  PWMOutputFault                   
00005ea9  PWMOutputFaultLevel              
00005e77  PWMOutputInvert                  
00005e45  PWMOutputState                   
00006305  PWMOutputUpdateMode              
00005d83  PWMPulseWidthGet                 
00005d39  PWMPulseWidthSet                 
00005e33  PWMSyncTimeBase                  
00005e21  PWMSyncUpdate                    
00009c21  ResetISR                         
000076a3  RutinaButtons_ISR                
00002a35  SysCtlAltClkConfig               
0000215d  SysCtlClockFreqSet               
00002625  SysCtlClockGet                   
00002a19  SysCtlClockOutConfig             
00002455  SysCtlClockSet                   
00002061  SysCtlDeepSleep                  
000027e9  SysCtlDeepSleepClockConfigSet    
000027cb  SysCtlDeepSleepClockSet          
00002041  SysCtlDeepSleepPowerSet          
00009d6d  SysCtlDelay                      
00001bef  SysCtlFlashSectorSizeGet         
00001bc3  SysCtlFlashSizeGet               
000028bf  SysCtlGPIOAHBDisable             
000028a3  SysCtlGPIOAHBEnable              
00001fd5  SysCtlIntClear                   
00001fbd  SysCtlIntDisable                 
00001fa9  SysCtlIntEnable                  
00001f81  SysCtlIntRegister                
00001fe5  SysCtlIntStatus                  
00001f99  SysCtlIntUnregister              
00002027  SysCtlLDODeepSleepGet            
00002017  SysCtlLDODeepSleepSet            
00002011  SysCtlLDOSleepGet                
00002001  SysCtlLDOSleepSet                
00002097  SysCtlMOSCConfigSet              
000029fd  SysCtlNMIClear                   
000029e9  SysCtlNMIStatus                  
000020ad  SysCtlPIOSCCalibrate             
0000288d  SysCtlPWMClockGet                
00002873  SysCtlPWMClockSet                
00001f2d  SysCtlPeripheralClockGating      
00001ee5  SysCtlPeripheralDeepSleepDisable 
00001e95  SysCtlPeripheralDeepSleepEnable  
00001dd1  SysCtlPeripheralDisable          
00001d95  SysCtlPeripheralEnable           
00001cd1  SysCtlPeripheralPowerOff         
00001c95  SysCtlPeripheralPowerOn          
00001c15  SysCtlPeripheralPresent          
00001c55  SysCtlPeripheralReady            
00001d0d  SysCtlPeripheralReset            
00001e59  SysCtlPeripheralSleepDisable     
00001e15  SysCtlPeripheralSleepEnable      
00002051  SysCtlReset                      
0000210d  SysCtlResetBehaviorGet           
000020fd  SysCtlResetBehaviorSet           
00002083  SysCtlResetCauseClear            
0000207d  SysCtlResetCauseGet              
00001bb9  SysCtlSRAMSizeGet                
00002059  SysCtlSleep                      
0000202d  SysCtlSleepPowerSet              
000028e7  SysCtlUSBPLLDisable              
000028db  SysCtlUSBPLLEnable               
0000292d  SysCtlVCOGet                     
00002915  SysCtlVoltageEventClear          
000028f9  SysCtlVoltageEventConfig         
00002909  SysCtlVoltageEventStatus         
20005a14  TaskInitialized                  
00006939  TimerADCEventGet                 
00006927  TimerADCEventSet                 
0000665d  TimerClockSourceGet              
00006633  TimerClockSourceSet              
00006427  TimerConfigure                   
00006547  TimerControlEvent                
000064a3  TimerControlLevel                
00006571  TimerControlStall                
000064d9  TimerControlTrigger              
000065a7  TimerControlWaitOnTrigger        
00006959  TimerDMAEventGet                 
00006947  TimerDMAEventSet                 
00006409  TimerDisable                     
000063eb  TimerEnable                      
00006903  TimerIntClear                    
000068cd  TimerIntDisable                  
000068b5  TimerIntEnable                   
0000686f  TimerIntRegister                 
000068e5  TimerIntStatus                   
00006897  TimerIntUnregister               
00006727  TimerLoadGet                     
0000675d  TimerLoadGet64                   
000066fd  TimerLoadSet                     
00006743  TimerLoadSet64                   
00006807  TimerMatchGet                    
0000683d  TimerMatchGet64                  
000067dd  TimerMatchSet                    
00006823  TimerMatchSet64                  
00006697  TimerPrescaleGet                 
000066e1  TimerPrescaleMatchGet            
000066b3  TimerPrescaleMatchSet            
0000666d  TimerPrescaleSet                 
0000661d  TimerRTCDisable                  
00006607  TimerRTCEnable                   
00006915  TimerSynchronize                 
00006967  TimerUpdateMode                  
0000678f  TimerValueGet                    
000067ab  TimerValueGet64                  
00006f8d  UART9BitAddrSend                 
00006f67  UART9BitAddrSet                  
00006f51  UART9BitDisable                  
00006f3b  UART9BitEnable                   
00006ddf  UARTBreakCtl                     
00006e09  UARTBusy                         
00006d87  UARTCharGet                      
00006d6b  UARTCharGetNonBlocking           
00006dc1  UARTCharPut                      
00006d9d  UARTCharPutNonBlocking           
00006d2f  UARTCharsAvail                   
00006f2b  UARTClockSourceGet               
00006f17  UARTClockSourceSet               
00006aff  UARTConfigGetExpClk              
00006a89  UARTConfigSetExpClk              
00006edd  UARTDMADisable                   
00006ec5  UARTDMAEnable                    
00006b6f  UARTDisable                      
00006bf3  UARTDisableSIR                   
00003f8f  UARTEchoSet                      
00006b4b  UARTEnable                       
00006bc5  UARTEnableSIR                    
00006baf  UARTFIFODisable                  
00006b99  UARTFIFOEnable                   
00006a61  UARTFIFOLevelGet                 
00006a49  UARTFIFOLevelSet                 
00006cef  UARTFlowControlGet               
00006cd3  UARTFlowControlSet               
00003f5b  UARTFlushRx                      
00003f69  UARTFlushTx                      
00006eb3  UARTIntClear                     
00006e7d  UARTIntDisable                   
00006e65  UARTIntEnable                    
00006e27  UARTIntRegister                  
00006e95  UARTIntStatus                    
00006e45  UARTIntUnregister                
00006fd5  UARTLoopbackEnable               
00006c89  UARTModemControlClear            
00006cad  UARTModemControlGet              
00006c51  UARTModemControlSet              
00006cbf  UARTModemStatusGet               
00006a37  UARTParityModeGet                
00006a1b  UARTParityModeSet                
00003f43  UARTRxBytesAvail                 
00006f07  UARTRxErrorClear                 
00006ef5  UARTRxErrorGet                   
00006c3b  UARTSmartCardDisable             
00006c09  UARTSmartCardEnable              
00006d4d  UARTSpaceAvail                   
00003669  UARTStdioConfig                  
00003fb7  UARTStdioIntHandler              
00003f4f  UARTTxBytesFree                  
00006d1d  UARTTxIntModeGet                 
00006d01  UARTTxIntModeSet                 
00003bfd  UARTgetc                         
000037e1  UARTgets                         
00003f1f  UARTprintf                       
00003c25  UARTvprintf                      
0000374f  UARTwrite                        
200058e8  __STACK_END                      
00000200  __STACK_SIZE                     
200058e8  __STACK_TOP                      
0000a848  __TI_CINIT_Base                  
0000a860  __TI_CINIT_Limit                 
0000a82c  __TI_Handler_Table_Base          
0000a838  __TI_Handler_Table_Limit         
00009a09  __TI_auto_init_nobinit_nopinit   
000097ad  __TI_decompress_lzss             
00009d41  __TI_decompress_none             
ffffffff  __TI_pprof_out_hndl              
000040c1  __TI_printfi                     
ffffffff  __TI_prof_data_size              
ffffffff  __TI_prof_data_start             
00000000  __TI_static_base__               
00009d4f  __TI_zero_init                   
0000954f  __aeabi_cdcmpeq                  
0000954f  __aeabi_cdcmple                  
000095d5  __aeabi_cdrcmple                 
000099c1  __aeabi_d2iz                     
00009a4d  __aeabi_d2uiz                    
0000851b  __aeabi_dadd                     
00008805  __aeabi_ddiv                     
00008ffd  __aeabi_dmul                     
00008511  __aeabi_dsub                     
00009d65  __aeabi_errno_addr               
00009bc5  __aeabi_i2d                      
00004b1f  __aeabi_idiv0                    
00004b1f  __aeabi_ldiv0                    
0000965b  __aeabi_memclr                   
0000965b  __aeabi_memclr4                  
0000965b  __aeabi_memclr8                  
0000941d  __aeabi_memcpy                   
0000941d  __aeabi_memcpy4                  
0000941d  __aeabi_memcpy8                  
0000965d  __aeabi_memset                   
0000965d  __aeabi_memset4                  
0000965d  __aeabi_memset8                  
00009c71  __aeabi_ui2d                     
00009a91  __aeabi_uidiv                    
00009a91  __aeabi_uidivmod                 
000094b9  __aeabi_uldivmod                 
ffffffff  __binit__                        
ffffffff  __c_args__                       
UNDEFED   __mpu_init                       
200056e8  __stack                          
00009b8d  _c_int00_noargs                  
0000a13c  _ctypes_                         
UNDEFED   _system_post_cinit               
00009d73  _system_pre_init                 
00009d77  abort                            
00009975  atoi                             
00005859  avanzar                          
ffffffff  binit                            
0000778b  configButtons_init               
000077d9  configPWM_init                   
000078e1  configUART_init                  
00009cf3  copysign                         
00009cf3  copysignl                        
000005d9  eTaskGetState                    
20005a1c  errno                            
00009815  frexp                            
00009815  frexpl                           
20000000  g_pfnRAMVectors                  
00000000  g_pfnVectors                     
200058e8  g_psCmdTable                     
200056d8  g_ui32CPUUsage                   
200056dc  g_ui32SystemClock                
0000545d  girar                            
20005a0c  handle                           
00008ddd  ldexp                            
00008ddd  ldexpl                           
000098cf  ltoa                             
00007643  main                             
00009c91  memccpy                          
0000941d  memcpy                           
00009663  memset                           
000053cf  pcQueueGetName                   
00000b7f  pcTaskGetName                    
00007e15  pvPortMalloc                     
20005984  pxCurrentTCB                     
0000893d  pxPortInitialiseStack            
00008ddd  scalbn                           
00008ddd  scalbnl                          
00009ad1  sprintf                          
00009cdd  strchr                           
00009cc5  strcmp                           
00009d07  strcpy                           
00009d1b  strlen                           
00009bf3  strncmp                          
00008eed  strtoul                          
00005167  ucQueueGetQueueType              
200056d0  ui32DutyCycle                    
200056e0  ui32Period                       
200056e4  ui8Buttons                       
200056e5  ui8Changed                       
0000a770  ulMaxSyscallInterruptPriority    
000091f9  ulPortGetIPSR                    
0000160d  ulTaskNotifyTake                 
00008b4b  uxListRemove                     
00005147  uxQueueGetQueueNumber            
000050e9  uxQueueMessagesWaiting           
0000511f  uxQueueMessagesWaitingFromISR    
000050ff  uxQueueSpacesAvailable           
00000b79  uxTaskGetNumberOfTasks           
0000132b  uxTaskGetStackHighWaterMark      
00000ba5  uxTaskGetSystemState             
00001095  uxTaskGetTaskNumber              
0000066d  uxTaskPriorityGet                
0000069d  uxTaskPriorityGetFromISR         
000015e7  uxTaskResetEventItemValue        
0000763b  vApplicationIdleHook             
00007611  vApplicationStackOverflowHook    
0000761b  vApplicationTickHook             
000075b9  vCircuitoTask                    
00009745  vConfigureTimerForRunTimeStats   
00008a69  vListInitialise                  
00008a99  vListInitialiseItem              
00008ae5  vListInsert                      
00008aa9  vListInsertEnd                   
000092ad  vPortEnableVFP                   
000089dd  vPortEndScheduler                
000089df  vPortEnterCritical               
000089ff  vPortExitCritical                
00007f17  vPortFree                        
00007f75  vPortInitialiseBlocks            
00009271  vPortSVCHandler                  
00008a3b  vPortSetupTimerInterrupt         
00009291  vPortStartFirstTask              
0000538d  vQueueAddToRegistry              
00005131  vQueueDelete                     
00005155  vQueueSetQueueNumber             
0000540f  vQueueUnregisterQueue            
0000059f  vTaskDelay                       
0000050f  vTaskDelayUntil                  
00000461  vTaskDelete                      
00000a3f  vTaskEndScheduler                
000011a9  vTaskGetInfo                     
0000150f  vTaskGetRunTimeStats             
0000140d  vTaskList                        
00001083  vTaskMissedYield                 
0000194f  vTaskNotifyGiveFromISR           
00000e91  vTaskPlaceOnEventList            
00000eb5  vTaskPlaceOnUnorderedEventList   
000006e9  vTaskPrioritySet                 
000008e9  vTaskResume                      
000010b5  vTaskSetTaskNumber               
00000fdf  vTaskSetTimeOutState             
000009f1  vTaskStartScheduler              
000007e5  vTaskSuspend                     
00000a5b  vTaskSuspendAll                  
00000dbd  vTaskSwitchContext               
000072dd  vUARTTask                        
00009d2f  wcslen                           
00007f69  xPortGetFreeHeapSize             
00007f6f  xPortGetMinimumEverFreeHeapSize  
00009211  xPortPendSVHandler               
000089a7  xPortStartScheduler              
00008a15  xPortSysTickHandler              
00004bbf  xQueueGenericCreate              
00004ea7  xQueueGenericReceive             
00004b21  xQueueGenericReset               
00004c4f  xQueueGenericSend                
00004d77  xQueueGenericSendFromISR         
00004e15  xQueueGiveFromISR                
00005329  xQueueIsQueueEmptyFromISR        
0000536b  xQueueIsQueueFullFromISR         
00005097  xQueuePeekFromISR                
00004fff  xQueueReceiveFromISR             
200055ac  xQueueRegistry                   
00001009  xTaskCheckForTimeOut             
0000026d  xTaskCreate                      
0000173d  xTaskGenericNotify               
00001845  xTaskGenericNotifyFromISR        
00000b51  xTaskGetTickCount                
00000b65  xTaskGetTickCountFromISR         
00000c99  xTaskIncrementTick               
000019fd  xTaskNotifyStateClear            
00001689  xTaskNotifyWait                  
00000ee9  xTaskRemoveFromEventList         
00000f71  xTaskRemoveFromUnorderedEventList
00000a71  xTaskResumeAll                   
00000963  xTaskResumeFromISR               


GLOBAL SYMBOLS: SORTED BY Symbol Address 

address   name                             
-------   ----                             
00000000  __TI_static_base__               
00000000  g_pfnVectors                     
00000200  __STACK_SIZE                     
0000026d  xTaskCreate                      
00000461  vTaskDelete                      
0000050f  vTaskDelayUntil                  
0000059f  vTaskDelay                       
000005d9  eTaskGetState                    
0000066d  uxTaskPriorityGet                
0000069d  uxTaskPriorityGetFromISR         
000006e9  vTaskPrioritySet                 
000007e5  vTaskSuspend                     
000008e9  vTaskResume                      
00000963  xTaskResumeFromISR               
000009f1  vTaskStartScheduler              
00000a3f  vTaskEndScheduler                
00000a5b  vTaskSuspendAll                  
00000a71  xTaskResumeAll                   
00000b51  xTaskGetTickCount                
00000b65  xTaskGetTickCountFromISR         
00000b79  uxTaskGetNumberOfTasks           
00000b7f  pcTaskGetName                    
00000ba5  uxTaskGetSystemState             
00000c99  xTaskIncrementTick               
00000dbd  vTaskSwitchContext               
00000e91  vTaskPlaceOnEventList            
00000eb5  vTaskPlaceOnUnorderedEventList   
00000ee9  xTaskRemoveFromEventList         
00000f71  xTaskRemoveFromUnorderedEventList
00000fdf  vTaskSetTimeOutState             
00001009  xTaskCheckForTimeOut             
00001083  vTaskMissedYield                 
00001095  uxTaskGetTaskNumber              
000010b5  vTaskSetTaskNumber               
000011a9  vTaskGetInfo                     
0000132b  uxTaskGetStackHighWaterMark      
0000140d  vTaskList                        
0000150f  vTaskGetRunTimeStats             
000015e7  uxTaskResetEventItemValue        
0000160d  ulTaskNotifyTake                 
00001689  xTaskNotifyWait                  
0000173d  xTaskGenericNotify               
00001845  xTaskGenericNotifyFromISR        
0000194f  vTaskNotifyGiveFromISR           
000019fd  xTaskNotifyStateClear            
00001bb9  SysCtlSRAMSizeGet                
00001bc3  SysCtlFlashSizeGet               
00001bef  SysCtlFlashSectorSizeGet         
00001c15  SysCtlPeripheralPresent          
00001c55  SysCtlPeripheralReady            
00001c95  SysCtlPeripheralPowerOn          
00001cd1  SysCtlPeripheralPowerOff         
00001d0d  SysCtlPeripheralReset            
00001d95  SysCtlPeripheralEnable           
00001dd1  SysCtlPeripheralDisable          
00001e15  SysCtlPeripheralSleepEnable      
00001e59  SysCtlPeripheralSleepDisable     
00001e95  SysCtlPeripheralDeepSleepEnable  
00001ee5  SysCtlPeripheralDeepSleepDisable 
00001f2d  SysCtlPeripheralClockGating      
00001f81  SysCtlIntRegister                
00001f99  SysCtlIntUnregister              
00001fa9  SysCtlIntEnable                  
00001fbd  SysCtlIntDisable                 
00001fd5  SysCtlIntClear                   
00001fe5  SysCtlIntStatus                  
00002001  SysCtlLDOSleepSet                
00002011  SysCtlLDOSleepGet                
00002017  SysCtlLDODeepSleepSet            
00002027  SysCtlLDODeepSleepGet            
0000202d  SysCtlSleepPowerSet              
00002041  SysCtlDeepSleepPowerSet          
00002051  SysCtlReset                      
00002059  SysCtlSleep                      
00002061  SysCtlDeepSleep                  
0000207d  SysCtlResetCauseGet              
00002083  SysCtlResetCauseClear            
00002097  SysCtlMOSCConfigSet              
000020ad  SysCtlPIOSCCalibrate             
000020fd  SysCtlResetBehaviorSet           
0000210d  SysCtlResetBehaviorGet           
0000215d  SysCtlClockFreqSet               
00002455  SysCtlClockSet                   
00002625  SysCtlClockGet                   
000027cb  SysCtlDeepSleepClockSet          
000027e9  SysCtlDeepSleepClockConfigSet    
00002873  SysCtlPWMClockSet                
0000288d  SysCtlPWMClockGet                
000028a3  SysCtlGPIOAHBEnable              
000028bf  SysCtlGPIOAHBDisable             
000028db  SysCtlUSBPLLEnable               
000028e7  SysCtlUSBPLLDisable              
000028f9  SysCtlVoltageEventConfig         
00002909  SysCtlVoltageEventStatus         
00002915  SysCtlVoltageEventClear          
0000292d  SysCtlVCOGet                     
000029e9  SysCtlNMIStatus                  
000029fd  SysCtlNMIClear                   
00002a19  SysCtlClockOutConfig             
00002a35  SysCtlAltClkConfig               
00002ad7  GPIODirModeSet                   
00002b33  GPIODirModeGet                   
00002b7f  GPIOIntTypeSet                   
00002c23  GPIOIntTypeGet                   
00002cb9  GPIOPadConfigSet                 
00002ef3  GPIOPadConfigGet                 
00003045  GPIOIntEnable                    
0000305f  GPIOIntDisable                   
00003079  GPIOIntStatus                    
0000309b  GPIOIntClear                     
000030af  GPIOIntRegister                  
000030cd  GPIOIntUnregister                
000030e7  GPIOIntRegisterPin               
00003115  GPIOIntUnregisterPin             
00003139  GPIOPinRead                      
00003151  GPIOPinWrite                     
00003171  GPIOPinTypeADC                   
00003195  GPIOPinTypeCAN                   
000031b9  GPIOPinTypeComparator            
000031dd  GPIOPinTypeComparatorOutput      
00003201  GPIOPinTypeDIVSCLK               
00003225  GPIOPinTypeEPI                   
00003249  GPIOPinTypeEthernetLED           
0000326d  GPIOPinTypeEthernetMII           
00003291  GPIOPinTypeGPIOInput             
000032b5  GPIOPinTypeGPIOOutput            
000032d9  GPIOPinTypeGPIOOutputOD          
000032fd  GPIOPinTypeHibernateRTCCLK       
00003321  GPIOPinTypeI2C                   
00003345  GPIOPinTypeI2CSCL                
00003369  GPIOPinTypeLCD                   
0000338d  GPIOPinTypeOneWire               
000033b1  GPIOPinTypePWM                   
000033d5  GPIOPinTypeQEI                   
000033f9  GPIOPinTypeSSI                   
0000341d  GPIOPinTypeTimer                 
00003441  GPIOPinTypeTrace                 
00003465  GPIOPinTypeUART                  
00003489  GPIOPinTypeUSBAnalog             
000034ad  GPIOPinTypeUSBDigital            
000034d1  GPIOPinTypeWakeHigh              
000034f7  GPIOPinTypeWakeLow               
0000351d  GPIOPinWakeStatus                
0000352d  GPIOPinConfigure                 
0000358b  GPIODMATriggerEnable             
000035a9  GPIODMATriggerDisable            
000035c7  GPIOADCTriggerEnable             
000035e5  GPIOADCTriggerDisable            
00003669  UARTStdioConfig                  
0000374f  UARTwrite                        
000037e1  UARTgets                         
00003bfd  UARTgetc                         
00003c25  UARTvprintf                      
00003f1f  UARTprintf                       
00003f43  UARTRxBytesAvail                 
00003f4f  UARTTxBytesFree                  
00003f5b  UARTFlushRx                      
00003f69  UARTFlushTx                      
00003f8f  UARTEchoSet                      
00003fb7  UARTStdioIntHandler              
000040c1  __TI_printfi                     
00004b1f  __aeabi_idiv0                    
00004b1f  __aeabi_ldiv0                    
00004b21  xQueueGenericReset               
00004bbf  xQueueGenericCreate              
00004c4f  xQueueGenericSend                
00004d77  xQueueGenericSendFromISR         
00004e15  xQueueGiveFromISR                
00004ea7  xQueueGenericReceive             
00004fff  xQueueReceiveFromISR             
00005097  xQueuePeekFromISR                
000050e9  uxQueueMessagesWaiting           
000050ff  uxQueueSpacesAvailable           
0000511f  uxQueueMessagesWaitingFromISR    
00005131  vQueueDelete                     
00005147  uxQueueGetQueueNumber            
00005155  vQueueSetQueueNumber             
00005167  ucQueueGetQueueType              
00005329  xQueueIsQueueEmptyFromISR        
0000536b  xQueueIsQueueFullFromISR         
0000538d  vQueueAddToRegistry              
000053cf  pcQueueGetName                   
0000540f  vQueueUnregisterQueue            
0000545d  girar                            
00005859  avanzar                          
00005c61  PWMGenConfigure                  
00005cab  PWMGenPeriodSet                  
00005cdb  PWMGenPeriodGet                  
00005d05  PWMGenEnable                     
00005d1f  PWMGenDisable                    
00005d39  PWMPulseWidthSet                 
00005d83  PWMPulseWidthGet                 
00005dcd  PWMDeadBandEnable                
00005e05  PWMDeadBandDisable               
00005e21  PWMSyncUpdate                    
00005e33  PWMSyncTimeBase                  
00005e45  PWMOutputState                   
00005e77  PWMOutputInvert                  
00005ea9  PWMOutputFaultLevel              
00005edb  PWMOutputFault                   
0000600d  PWMGenIntRegister                
00006035  PWMGenIntUnregister              
0000609b  PWMFaultIntRegister              
000060b9  PWMFaultIntUnregister            
000060d3  PWMGenIntTrigEnable              
000060f1  PWMGenIntTrigDisable             
0000610f  PWMGenIntStatus                  
00006139  PWMGenIntClear                   
00006151  PWMIntEnable                     
00006169  PWMIntDisable                    
00006181  PWMFaultIntClear                 
00006193  PWMIntStatus                     
000061b3  PWMFaultIntClearExt              
000061d1  PWMGenFaultConfigure             
00006201  PWMGenFaultTriggerSet            
0000622b  PWMGenFaultTriggerGet            
0000624f  PWMGenFaultStatus                
00006285  PWMGenFaultClear                 
000062bb  PWMClockSet                      
000062db  PWMClockGet                      
00006305  PWMOutputUpdateMode              
000063eb  TimerEnable                      
00006409  TimerDisable                     
00006427  TimerConfigure                   
000064a3  TimerControlLevel                
000064d9  TimerControlTrigger              
00006547  TimerControlEvent                
00006571  TimerControlStall                
000065a7  TimerControlWaitOnTrigger        
00006607  TimerRTCEnable                   
0000661d  TimerRTCDisable                  
00006633  TimerClockSourceSet              
0000665d  TimerClockSourceGet              
0000666d  TimerPrescaleSet                 
00006697  TimerPrescaleGet                 
000066b3  TimerPrescaleMatchSet            
000066e1  TimerPrescaleMatchGet            
000066fd  TimerLoadSet                     
00006727  TimerLoadGet                     
00006743  TimerLoadSet64                   
0000675d  TimerLoadGet64                   
0000678f  TimerValueGet                    
000067ab  TimerValueGet64                  
000067dd  TimerMatchSet                    
00006807  TimerMatchGet                    
00006823  TimerMatchSet64                  
0000683d  TimerMatchGet64                  
0000686f  TimerIntRegister                 
00006897  TimerIntUnregister               
000068b5  TimerIntEnable                   
000068cd  TimerIntDisable                  
000068e5  TimerIntStatus                   
00006903  TimerIntClear                    
00006915  TimerSynchronize                 
00006927  TimerADCEventSet                 
00006939  TimerADCEventGet                 
00006947  TimerDMAEventSet                 
00006959  TimerDMAEventGet                 
00006967  TimerUpdateMode                  
00006a1b  UARTParityModeSet                
00006a37  UARTParityModeGet                
00006a49  UARTFIFOLevelSet                 
00006a61  UARTFIFOLevelGet                 
00006a89  UARTConfigSetExpClk              
00006aff  UARTConfigGetExpClk              
00006b4b  UARTEnable                       
00006b6f  UARTDisable                      
00006b99  UARTFIFOEnable                   
00006baf  UARTFIFODisable                  
00006bc5  UARTEnableSIR                    
00006bf3  UARTDisableSIR                   
00006c09  UARTSmartCardEnable              
00006c3b  UARTSmartCardDisable             
00006c51  UARTModemControlSet              
00006c89  UARTModemControlClear            
00006cad  UARTModemControlGet              
00006cbf  UARTModemStatusGet               
00006cd3  UARTFlowControlSet               
00006cef  UARTFlowControlGet               
00006d01  UARTTxIntModeSet                 
00006d1d  UARTTxIntModeGet                 
00006d2f  UARTCharsAvail                   
00006d4d  UARTSpaceAvail                   
00006d6b  UARTCharGetNonBlocking           
00006d87  UARTCharGet                      
00006d9d  UARTCharPutNonBlocking           
00006dc1  UARTCharPut                      
00006ddf  UARTBreakCtl                     
00006e09  UARTBusy                         
00006e27  UARTIntRegister                  
00006e45  UARTIntUnregister                
00006e65  UARTIntEnable                    
00006e7d  UARTIntDisable                   
00006e95  UARTIntStatus                    
00006eb3  UARTIntClear                     
00006ec5  UARTDMAEnable                    
00006edd  UARTDMADisable                   
00006ef5  UARTRxErrorGet                   
00006f07  UARTRxErrorClear                 
00006f17  UARTClockSourceSet               
00006f2b  UARTClockSourceGet               
00006f3b  UART9BitEnable                   
00006f51  UART9BitDisable                  
00006f67  UART9BitAddrSet                  
00006f8d  UART9BitAddrSend                 
00006fd5  UARTLoopbackEnable               
00006fed  Cmd_velocity                     
000070a9  Cmd_pause                        
0000710b  Cmd_circuit                      
00007157  Cmd_cpu                          
00007181  Cmd_free                         
00007197  Cmd_tasks                        
00007213  Cmd_stats                        
00007261  Cmd_help                         
000072dd  vUARTTask                        
000075b9  vCircuitoTask                    
00007611  vApplicationStackOverflowHook    
0000761b  vApplicationTickHook             
0000763b  vApplicationIdleHook             
00007643  main                             
000076a3  RutinaButtons_ISR                
0000778b  configButtons_init               
000077d9  configPWM_init                   
000078e1  configUART_init                  
00007a57  IntMasterEnable                  
00007a67  IntMasterDisable                 
00007a77  IntRegister                      
00007ac9  IntUnregister                    
00007add  IntPriorityGroupingSet           
00007af7  IntPriorityGroupingGet           
00007b2f  IntPrioritySet                   
00007b7f  IntPriorityGet                   
00007ba3  IntEnable                        
00007c15  IntDisable                       
00007c87  IntIsEnabled                     
00007d0d  IntPendSet                       
00007d7d  IntPendClear                     
00007dcb  IntPriorityMaskSet               
00007dd7  IntPriorityMaskGet               
00007ddf  IntTrigger                       
00007e15  pvPortMalloc                     
00007f17  vPortFree                        
00007f69  xPortGetFreeHeapSize             
00007f6f  xPortGetMinimumEverFreeHeapSize  
00007f75  vPortInitialiseBlocks            
00008511  __aeabi_dsub                     
0000851b  __aeabi_dadd                     
00008805  __aeabi_ddiv                     
0000893d  pxPortInitialiseStack            
000089a7  xPortStartScheduler              
000089dd  vPortEndScheduler                
000089df  vPortEnterCritical               
000089ff  vPortExitCritical                
00008a15  xPortSysTickHandler              
00008a3b  vPortSetupTimerInterrupt         
00008a69  vListInitialise                  
00008a99  vListInitialiseItem              
00008aa9  vListInsertEnd                   
00008ae5  vListInsert                      
00008b4b  uxListRemove                     
00008b95  ButtonsPoll                      
00008c3b  ButtonsInit                      
00008ddd  ldexp                            
00008ddd  ldexpl                           
00008ddd  scalbn                           
00008ddd  scalbnl                          
00008eed  strtoul                          
00008ffd  __aeabi_dmul                     
000090f9  CPUUsageTick                     
00009137  CPUUsageInit                     
000091f9  ulPortGetIPSR                    
00009211  xPortPendSVHandler               
00009271  vPortSVCHandler                  
00009291  vPortStartFirstTask              
000092ad  vPortEnableVFP                   
00009371  CmdLineProcess                   
0000941d  __aeabi_memcpy                   
0000941d  __aeabi_memcpy4                  
0000941d  __aeabi_memcpy8                  
0000941d  memcpy                           
000094b9  __aeabi_uldivmod                 
0000954f  __aeabi_cdcmpeq                  
0000954f  __aeabi_cdcmple                  
000095d5  __aeabi_cdrcmple                 
0000965b  __aeabi_memclr                   
0000965b  __aeabi_memclr4                  
0000965b  __aeabi_memclr8                  
0000965d  __aeabi_memset                   
0000965d  __aeabi_memset4                  
0000965d  __aeabi_memset8                  
00009663  memset                           
00009745  vConfigureTimerForRunTimeStats   
000097ad  __TI_decompress_lzss             
00009815  frexp                            
00009815  frexpl                           
000098cf  ltoa                             
00009975  atoi                             
000099c1  __aeabi_d2iz                     
00009a09  __TI_auto_init_nobinit_nopinit   
00009a4d  __aeabi_d2uiz                    
00009a91  __aeabi_uidiv                    
00009a91  __aeabi_uidivmod                 
00009ad1  sprintf                          
00009b4f  CPUcpsid                         
00009b5b  CPUprimask                       
00009b65  CPUcpsie                         
00009b71  CPUwfi                           
00009b75  CPUbasepriSet                    
00009b83  CPUbasepriGet                    
00009b8d  _c_int00_noargs                  
00009bc5  __aeabi_i2d                      
00009bf3  strncmp                          
00009c21  ResetISR                         
00009c4d  GetOverflowCounts                
00009c71  __aeabi_ui2d                     
00009c91  memccpy                          
00009cc5  strcmp                           
00009cdd  strchr                           
00009cf3  copysign                         
00009cf3  copysignl                        
00009d07  strcpy                           
00009d1b  strlen                           
00009d2f  wcslen                           
00009d41  __TI_decompress_none             
00009d4f  __TI_zero_init                   
00009d65  __aeabi_errno_addr               
00009d6d  SysCtlDelay                      
00009d73  _system_pre_init                 
00009d77  C$$EXIT                          
00009d77  abort                            
0000a13c  _ctypes_                         
0000a770  ulMaxSyscallInterruptPriority    
0000a82c  __TI_Handler_Table_Base          
0000a838  __TI_Handler_Table_Limit         
0000a848  __TI_CINIT_Base                  
0000a860  __TI_CINIT_Limit                 
20000000  g_pfnRAMVectors                  
200055ac  xQueueRegistry                   
200056d0  ui32DutyCycle                    
200056d8  g_ui32CPUUsage                   
200056dc  g_ui32SystemClock                
200056e0  ui32Period                       
200056e4  ui8Buttons                       
200056e5  ui8Changed                       
200056e8  __stack                          
200058e8  __STACK_END                      
200058e8  __STACK_TOP                      
200058e8  g_psCmdTable                     
20005984  pxCurrentTCB                     
20005a0c  handle                           
20005a10  CircuitoTask_handle              
20005a14  TaskInitialized                  
20005a1c  errno                            
ffffffff  __TI_pprof_out_hndl              
ffffffff  __TI_prof_data_size              
ffffffff  __TI_prof_data_start             
ffffffff  __binit__                        
ffffffff  __c_args__                       
ffffffff  binit                            
UNDEFED   __mpu_init                       
UNDEFED   _system_post_cinit               

[461 symbols]
