<?xml version="1.0" encoding="ISO-8859-1" ?>
<link_info>
   <banner>TI ARM Linker PC v18.1.3.LTS</banner>
   <copyright>Copyright (c) 1996-2017 Texas Instruments Incorporated</copyright>
   <link_time>0x5bd612ef</link_time>
   <link_errors>0x0</link_errors>
   <output_file>P1_PWM-Servo.out</output_file>
   <entry_point>
      <name>_c_int00_noargs</name>
      <address>0x984d</address>
   </entry_point>
   <input_file_list>
      <input_file id="fl-2">
         <path>.\</path>
         <kind>object</kind>
         <file>P1_PWM-Servo.obj</file>
         <name>P1_PWM-Servo.obj</name>
      </input_file>
      <input_file id="fl-3">
         <path>.\</path>
         <kind>object</kind>
         <file>Skybot_servos.obj</file>
         <name>Skybot_servos.obj</name>
      </input_file>
      <input_file id="fl-4">
         <path>.\</path>
         <kind>object</kind>
         <file>commands.obj</file>
         <name>commands.obj</name>
      </input_file>
      <input_file id="fl-5">
         <path>.\</path>
         <kind>object</kind>
         <file>tm4c123gh6pm_startup_ccs.obj</file>
         <name>tm4c123gh6pm_startup_ccs.obj</name>
      </input_file>
      <input_file id="fl-6">
         <path>.\</path>
         <kind>object</kind>
         <file>usb_dev_serial.obj</file>
         <name>usb_dev_serial.obj</name>
      </input_file>
      <input_file id="fl-7">
         <path>.\</path>
         <kind>object</kind>
         <file>usb_serial_structs.obj</file>
         <name>usb_serial_structs.obj</name>
      </input_file>
      <input_file id="fl-8">
         <path>.\FreeRTOS\Source\</path>
         <kind>object</kind>
         <file>croutine.obj</file>
         <name>croutine.obj</name>
      </input_file>
      <input_file id="fl-9">
         <path>.\FreeRTOS\Source\</path>
         <kind>object</kind>
         <file>event_groups.obj</file>
         <name>event_groups.obj</name>
      </input_file>
      <input_file id="fl-a">
         <path>.\FreeRTOS\Source\</path>
         <kind>object</kind>
         <file>list.obj</file>
         <name>list.obj</name>
      </input_file>
      <input_file id="fl-b">
         <path>.\FreeRTOS\Source\</path>
         <kind>object</kind>
         <file>queue.obj</file>
         <name>queue.obj</name>
      </input_file>
      <input_file id="fl-c">
         <path>.\FreeRTOS\Source\</path>
         <kind>object</kind>
         <file>tasks.obj</file>
         <name>tasks.obj</name>
      </input_file>
      <input_file id="fl-d">
         <path>.\FreeRTOS\Source\</path>
         <kind>object</kind>
         <file>timers.obj</file>
         <name>timers.obj</name>
      </input_file>
      <input_file id="fl-e">
         <path>.\FreeRTOS\Source\portable\CCS\ARM_CM4F\</path>
         <kind>object</kind>
         <file>port.obj</file>
         <name>port.obj</name>
      </input_file>
      <input_file id="fl-f">
         <path>.\FreeRTOS\Source\portable\CCS\ARM_CM4F\</path>
         <kind>object</kind>
         <file>portasm.obj</file>
         <name>portasm.obj</name>
      </input_file>
      <input_file id="fl-10">
         <path>.\FreeRTOS\Source\portable\MemMang\</path>
         <kind>object</kind>
         <file>heap_4.obj</file>
         <name>heap_4.obj</name>
      </input_file>
      <input_file id="fl-11">
         <path>.\driverlib\</path>
         <kind>object</kind>
         <file>adc.obj</file>
         <name>adc.obj</name>
      </input_file>
      <input_file id="fl-12">
         <path>.\driverlib\</path>
         <kind>object</kind>
         <file>aes.obj</file>
         <name>aes.obj</name>
      </input_file>
      <input_file id="fl-13">
         <path>.\driverlib\</path>
         <kind>object</kind>
         <file>buttons.obj</file>
         <name>buttons.obj</name>
      </input_file>
      <input_file id="fl-14">
         <path>.\driverlib\</path>
         <kind>object</kind>
         <file>can.obj</file>
         <name>can.obj</name>
      </input_file>
      <input_file id="fl-15">
         <path>.\driverlib\</path>
         <kind>object</kind>
         <file>comp.obj</file>
         <name>comp.obj</name>
      </input_file>
      <input_file id="fl-16">
         <path>.\driverlib\</path>
         <kind>object</kind>
         <file>cpu.obj</file>
         <name>cpu.obj</name>
      </input_file>
      <input_file id="fl-17">
         <path>.\driverlib\</path>
         <kind>object</kind>
         <file>crc.obj</file>
         <name>crc.obj</name>
      </input_file>
      <input_file id="fl-18">
         <path>.\driverlib\</path>
         <kind>object</kind>
         <file>des.obj</file>
         <name>des.obj</name>
      </input_file>
      <input_file id="fl-19">
         <path>.\driverlib\</path>
         <kind>object</kind>
         <file>eeprom.obj</file>
         <name>eeprom.obj</name>
      </input_file>
      <input_file id="fl-1a">
         <path>.\driverlib\</path>
         <kind>object</kind>
         <file>emac.obj</file>
         <name>emac.obj</name>
      </input_file>
      <input_file id="fl-1b">
         <path>.\driverlib\</path>
         <kind>object</kind>
         <file>epi.obj</file>
         <name>epi.obj</name>
      </input_file>
      <input_file id="fl-1c">
         <path>.\driverlib\</path>
         <kind>object</kind>
         <file>epi_workaround_ccs.obj</file>
         <name>epi_workaround_ccs.obj</name>
      </input_file>
      <input_file id="fl-1d">
         <path>.\driverlib\</path>
         <kind>object</kind>
         <file>flash.obj</file>
         <name>flash.obj</name>
      </input_file>
      <input_file id="fl-1e">
         <path>.\driverlib\</path>
         <kind>object</kind>
         <file>fpu.obj</file>
         <name>fpu.obj</name>
      </input_file>
      <input_file id="fl-1f">
         <path>.\driverlib\</path>
         <kind>object</kind>
         <file>gpio.obj</file>
         <name>gpio.obj</name>
      </input_file>
      <input_file id="fl-20">
         <path>.\driverlib\</path>
         <kind>object</kind>
         <file>hibernate.obj</file>
         <name>hibernate.obj</name>
      </input_file>
      <input_file id="fl-21">
         <path>.\driverlib\</path>
         <kind>object</kind>
         <file>i2c.obj</file>
         <name>i2c.obj</name>
      </input_file>
      <input_file id="fl-22">
         <path>.\driverlib\</path>
         <kind>object</kind>
         <file>interrupt.obj</file>
         <name>interrupt.obj</name>
      </input_file>
      <input_file id="fl-23">
         <path>.\driverlib\</path>
         <kind>object</kind>
         <file>lcd.obj</file>
         <name>lcd.obj</name>
      </input_file>
      <input_file id="fl-24">
         <path>.\driverlib\</path>
         <kind>object</kind>
         <file>mpu.obj</file>
         <name>mpu.obj</name>
      </input_file>
      <input_file id="fl-25">
         <path>.\driverlib\</path>
         <kind>object</kind>
         <file>onewire.obj</file>
         <name>onewire.obj</name>
      </input_file>
      <input_file id="fl-26">
         <path>.\driverlib\</path>
         <kind>object</kind>
         <file>pwm.obj</file>
         <name>pwm.obj</name>
      </input_file>
      <input_file id="fl-27">
         <path>.\driverlib\</path>
         <kind>object</kind>
         <file>qei.obj</file>
         <name>qei.obj</name>
      </input_file>
      <input_file id="fl-28">
         <path>.\driverlib\</path>
         <kind>object</kind>
         <file>shamd5.obj</file>
         <name>shamd5.obj</name>
      </input_file>
      <input_file id="fl-29">
         <path>.\driverlib\</path>
         <kind>object</kind>
         <file>ssi.obj</file>
         <name>ssi.obj</name>
      </input_file>
      <input_file id="fl-2a">
         <path>.\driverlib\</path>
         <kind>object</kind>
         <file>sw_crc.obj</file>
         <name>sw_crc.obj</name>
      </input_file>
      <input_file id="fl-2b">
         <path>.\driverlib\</path>
         <kind>object</kind>
         <file>sysctl.obj</file>
         <name>sysctl.obj</name>
      </input_file>
      <input_file id="fl-2c">
         <path>.\driverlib\</path>
         <kind>object</kind>
         <file>sysexc.obj</file>
         <name>sysexc.obj</name>
      </input_file>
      <input_file id="fl-2d">
         <path>.\driverlib\</path>
         <kind>object</kind>
         <file>systick.obj</file>
         <name>systick.obj</name>
      </input_file>
      <input_file id="fl-2e">
         <path>.\driverlib\</path>
         <kind>object</kind>
         <file>timer.obj</file>
         <name>timer.obj</name>
      </input_file>
      <input_file id="fl-2f">
         <path>.\driverlib\</path>
         <kind>object</kind>
         <file>uart.obj</file>
         <name>uart.obj</name>
      </input_file>
      <input_file id="fl-30">
         <path>.\driverlib\</path>
         <kind>object</kind>
         <file>udma.obj</file>
         <name>udma.obj</name>
      </input_file>
      <input_file id="fl-31">
         <path>.\driverlib\</path>
         <kind>object</kind>
         <file>usb.obj</file>
         <name>usb.obj</name>
      </input_file>
      <input_file id="fl-32">
         <path>.\driverlib\</path>
         <kind>object</kind>
         <file>watchdog.obj</file>
         <name>watchdog.obj</name>
      </input_file>
      <input_file id="fl-33">
         <path>.\usblib\device\</path>
         <kind>object</kind>
         <file>usbdaudio.obj</file>
         <name>usbdaudio.obj</name>
      </input_file>
      <input_file id="fl-34">
         <path>.\usblib\device\</path>
         <kind>object</kind>
         <file>usbdbulk.obj</file>
         <name>usbdbulk.obj</name>
      </input_file>
      <input_file id="fl-35">
         <path>.\usblib\device\</path>
         <kind>object</kind>
         <file>usbdcdc.obj</file>
         <name>usbdcdc.obj</name>
      </input_file>
      <input_file id="fl-36">
         <path>.\usblib\device\</path>
         <kind>object</kind>
         <file>usbdcdesc.obj</file>
         <name>usbdcdesc.obj</name>
      </input_file>
      <input_file id="fl-37">
         <path>.\usblib\device\</path>
         <kind>object</kind>
         <file>usbdcomp.obj</file>
         <name>usbdcomp.obj</name>
      </input_file>
      <input_file id="fl-38">
         <path>.\usblib\device\</path>
         <kind>object</kind>
         <file>usbdconfig.obj</file>
         <name>usbdconfig.obj</name>
      </input_file>
      <input_file id="fl-39">
         <path>.\usblib\device\</path>
         <kind>object</kind>
         <file>usbddfu-rt.obj</file>
         <name>usbddfu-rt.obj</name>
      </input_file>
      <input_file id="fl-3a">
         <path>.\usblib\device\</path>
         <kind>object</kind>
         <file>usbdenum.obj</file>
         <name>usbdenum.obj</name>
      </input_file>
      <input_file id="fl-3b">
         <path>.\usblib\device\</path>
         <kind>object</kind>
         <file>usbdhandler.obj</file>
         <name>usbdhandler.obj</name>
      </input_file>
      <input_file id="fl-3c">
         <path>.\usblib\device\</path>
         <kind>object</kind>
         <file>usbdhid.obj</file>
         <name>usbdhid.obj</name>
      </input_file>
      <input_file id="fl-3d">
         <path>.\usblib\device\</path>
         <kind>object</kind>
         <file>usbdhidgamepad.obj</file>
         <name>usbdhidgamepad.obj</name>
      </input_file>
      <input_file id="fl-3e">
         <path>.\usblib\device\</path>
         <kind>object</kind>
         <file>usbdhidkeyb.obj</file>
         <name>usbdhidkeyb.obj</name>
      </input_file>
      <input_file id="fl-3f">
         <path>.\usblib\device\</path>
         <kind>object</kind>
         <file>usbdhidmouse.obj</file>
         <name>usbdhidmouse.obj</name>
      </input_file>
      <input_file id="fl-40">
         <path>.\usblib\device\</path>
         <kind>object</kind>
         <file>usbdmsc.obj</file>
         <name>usbdmsc.obj</name>
      </input_file>
      <input_file id="fl-41">
         <path>.\usblib\host\</path>
         <kind>object</kind>
         <file>usbhaudio.obj</file>
         <name>usbhaudio.obj</name>
      </input_file>
      <input_file id="fl-42">
         <path>.\usblib\host\</path>
         <kind>object</kind>
         <file>usbhhid.obj</file>
         <name>usbhhid.obj</name>
      </input_file>
      <input_file id="fl-43">
         <path>.\usblib\host\</path>
         <kind>object</kind>
         <file>usbhhidkeyboard.obj</file>
         <name>usbhhidkeyboard.obj</name>
      </input_file>
      <input_file id="fl-44">
         <path>.\usblib\host\</path>
         <kind>object</kind>
         <file>usbhhidmouse.obj</file>
         <name>usbhhidmouse.obj</name>
      </input_file>
      <input_file id="fl-45">
         <path>.\usblib\host\</path>
         <kind>object</kind>
         <file>usbhhub.obj</file>
         <name>usbhhub.obj</name>
      </input_file>
      <input_file id="fl-46">
         <path>.\usblib\host\</path>
         <kind>object</kind>
         <file>usbhmsc.obj</file>
         <name>usbhmsc.obj</name>
      </input_file>
      <input_file id="fl-47">
         <path>.\usblib\host\</path>
         <kind>object</kind>
         <file>usbhostenum.obj</file>
         <name>usbhostenum.obj</name>
      </input_file>
      <input_file id="fl-48">
         <path>.\usblib\host\</path>
         <kind>object</kind>
         <file>usbhscsi.obj</file>
         <name>usbhscsi.obj</name>
      </input_file>
      <input_file id="fl-49">
         <path>.\usblib\</path>
         <kind>object</kind>
         <file>usbbuffer.obj</file>
         <name>usbbuffer.obj</name>
      </input_file>
      <input_file id="fl-4a">
         <path>.\usblib\</path>
         <kind>object</kind>
         <file>usbdesc.obj</file>
         <name>usbdesc.obj</name>
      </input_file>
      <input_file id="fl-4b">
         <path>.\usblib\</path>
         <kind>object</kind>
         <file>usbdma.obj</file>
         <name>usbdma.obj</name>
      </input_file>
      <input_file id="fl-4c">
         <path>.\usblib\</path>
         <kind>object</kind>
         <file>usbkeyboardmap.obj</file>
         <name>usbkeyboardmap.obj</name>
      </input_file>
      <input_file id="fl-4d">
         <path>.\usblib\</path>
         <kind>object</kind>
         <file>usbmode.obj</file>
         <name>usbmode.obj</name>
      </input_file>
      <input_file id="fl-4e">
         <path>.\usblib\</path>
         <kind>object</kind>
         <file>usbringbuf.obj</file>
         <name>usbringbuf.obj</name>
      </input_file>
      <input_file id="fl-4f">
         <path>.\usblib\</path>
         <kind>object</kind>
         <file>usbtick.obj</file>
         <name>usbtick.obj</name>
      </input_file>
      <input_file id="fl-50">
         <path>.\usblib\</path>
         <kind>object</kind>
         <file>usbulpi.obj</file>
         <name>usbulpi.obj</name>
      </input_file>
      <input_file id="fl-51">
         <path>.\utils\</path>
         <kind>object</kind>
         <file>RunTimeStatsConfig.obj</file>
         <name>RunTimeStatsConfig.obj</name>
      </input_file>
      <input_file id="fl-52">
         <path>.\utils\</path>
         <kind>object</kind>
         <file>cmdline.obj</file>
         <name>cmdline.obj</name>
      </input_file>
      <input_file id="fl-53">
         <path>.\utils\</path>
         <kind>object</kind>
         <file>cpu_usage.obj</file>
         <name>cpu_usage.obj</name>
      </input_file>
      <input_file id="fl-54">
         <path>.\utils\</path>
         <kind>object</kind>
         <file>uartstdio.obj</file>
         <name>uartstdio.obj</name>
      </input_file>
      <input_file id="fl-5c">
         <kind>object</kind>
         <file>&lt;internal&gt;</file>
         <name>&lt;internal&gt;</name>
      </input_file>
      <input_file id="fl-112">
         <path>C:\Ingenieria\ccsv8\tools\compiler\ti-cgt-arm_18.1.3.LTS\lib\</path>
         <kind>archive</kind>
         <file>rtsv7M4_T_le_v4SPD16_eabi.lib</file>
         <name>memset_t2.asm.obj</name>
      </input_file>
      <input_file id="fl-113">
         <path>C:\Ingenieria\ccsv8\tools\compiler\ti-cgt-arm_18.1.3.LTS\lib\</path>
         <kind>archive</kind>
         <file>rtsv7M4_T_le_v4SPD16_eabi.lib</file>
         <name>u_divt2.asm.obj</name>
      </input_file>
      <input_file id="fl-114">
         <path>C:\Ingenieria\ccsv8\tools\compiler\ti-cgt-arm_18.1.3.LTS\lib\</path>
         <kind>archive</kind>
         <file>rtsv7M4_T_le_v4SPD16_eabi.lib</file>
         <name>fd_add_t2.asm.obj</name>
      </input_file>
      <input_file id="fl-115">
         <path>C:\Ingenieria\ccsv8\tools\compiler\ti-cgt-arm_18.1.3.LTS\lib\</path>
         <kind>archive</kind>
         <file>rtsv7M4_T_le_v4SPD16_eabi.lib</file>
         <name>fd_cmp_t2.asm.obj</name>
      </input_file>
      <input_file id="fl-116">
         <path>C:\Ingenieria\ccsv8\tools\compiler\ti-cgt-arm_18.1.3.LTS\lib\</path>
         <kind>archive</kind>
         <file>rtsv7M4_T_le_v4SPD16_eabi.lib</file>
         <name>fd_div_t2.asm.obj</name>
      </input_file>
      <input_file id="fl-117">
         <path>C:\Ingenieria\ccsv8\tools\compiler\ti-cgt-arm_18.1.3.LTS\lib\</path>
         <kind>archive</kind>
         <file>rtsv7M4_T_le_v4SPD16_eabi.lib</file>
         <name>fd_toi_t2.asm.obj</name>
      </input_file>
      <input_file id="fl-118">
         <path>C:\Ingenieria\ccsv8\tools\compiler\ti-cgt-arm_18.1.3.LTS\lib\</path>
         <kind>archive</kind>
         <file>rtsv7M4_T_le_v4SPD16_eabi.lib</file>
         <name>memcpy_t2.asm.obj</name>
      </input_file>
      <input_file id="fl-119">
         <path>C:\Ingenieria\ccsv8\tools\compiler\ti-cgt-arm_18.1.3.LTS\lib\</path>
         <kind>archive</kind>
         <file>rtsv7M4_T_le_v4SPD16_eabi.lib</file>
         <name>u_tofd_t2.asm.obj</name>
      </input_file>
      <input_file id="fl-11a">
         <path>C:\Ingenieria\ccsv8\tools\compiler\ti-cgt-arm_18.1.3.LTS\lib\</path>
         <kind>archive</kind>
         <file>rtsv7M4_T_le_v4SPD16_eabi.lib</file>
         <name>copy_zero_init.c.obj</name>
      </input_file>
      <input_file id="fl-11b">
         <path>C:\Ingenieria\ccsv8\tools\compiler\ti-cgt-arm_18.1.3.LTS\lib\</path>
         <kind>archive</kind>
         <file>rtsv7M4_T_le_v4SPD16_eabi.lib</file>
         <name>copy_decompress_none.c.obj</name>
      </input_file>
      <input_file id="fl-11c">
         <path>C:\Ingenieria\ccsv8\tools\compiler\ti-cgt-arm_18.1.3.LTS\lib\</path>
         <kind>archive</kind>
         <file>rtsv7M4_T_le_v4SPD16_eabi.lib</file>
         <name>copy_decompress_lzss.c.obj</name>
      </input_file>
      <input_file id="fl-11d">
         <path>C:\Ingenieria\ccsv8\tools\compiler\ti-cgt-arm_18.1.3.LTS\lib\</path>
         <kind>archive</kind>
         <file>rtsv7M4_T_le_v4SPD16_eabi.lib</file>
         <name>sprintf.c.obj</name>
      </input_file>
      <input_file id="fl-11e">
         <path>C:\Ingenieria\ccsv8\tools\compiler\ti-cgt-arm_18.1.3.LTS\lib\</path>
         <kind>archive</kind>
         <file>rtsv7M4_T_le_v4SPD16_eabi.lib</file>
         <name>strcmp.c.obj</name>
      </input_file>
      <input_file id="fl-11f">
         <path>C:\Ingenieria\ccsv8\tools\compiler\ti-cgt-arm_18.1.3.LTS\lib\</path>
         <kind>archive</kind>
         <file>rtsv7M4_T_le_v4SPD16_eabi.lib</file>
         <name>strcpy.c.obj</name>
      </input_file>
      <input_file id="fl-120">
         <path>C:\Ingenieria\ccsv8\tools\compiler\ti-cgt-arm_18.1.3.LTS\lib\</path>
         <kind>archive</kind>
         <file>rtsv7M4_T_le_v4SPD16_eabi.lib</file>
         <name>strlen.c.obj</name>
      </input_file>
      <input_file id="fl-121">
         <path>C:\Ingenieria\ccsv8\tools\compiler\ti-cgt-arm_18.1.3.LTS\lib\</path>
         <kind>archive</kind>
         <file>rtsv7M4_T_le_v4SPD16_eabi.lib</file>
         <name>strncmp.c.obj</name>
      </input_file>
      <input_file id="fl-122">
         <path>C:\Ingenieria\ccsv8\tools\compiler\ti-cgt-arm_18.1.3.LTS\lib\</path>
         <kind>archive</kind>
         <file>rtsv7M4_T_le_v4SPD16_eabi.lib</file>
         <name>strtoul.c.obj</name>
      </input_file>
      <input_file id="fl-123">
         <path>C:\Ingenieria\ccsv8\tools\compiler\ti-cgt-arm_18.1.3.LTS\lib\</path>
         <kind>archive</kind>
         <file>rtsv7M4_T_le_v4SPD16_eabi.lib</file>
         <name>errno.c.obj</name>
      </input_file>
      <input_file id="fl-124">
         <path>C:\Ingenieria\ccsv8\tools\compiler\ti-cgt-arm_18.1.3.LTS\lib\</path>
         <kind>archive</kind>
         <file>rtsv7M4_T_le_v4SPD16_eabi.lib</file>
         <name>boot_cortex_m.c.obj</name>
      </input_file>
      <input_file id="fl-125">
         <path>C:\Ingenieria\ccsv8\tools\compiler\ti-cgt-arm_18.1.3.LTS\lib\</path>
         <kind>archive</kind>
         <file>rtsv7M4_T_le_v4SPD16_eabi.lib</file>
         <name>div0.asm.obj</name>
      </input_file>
      <input_file id="fl-126">
         <path>C:\Ingenieria\ccsv8\tools\compiler\ti-cgt-arm_18.1.3.LTS\lib\</path>
         <kind>archive</kind>
         <file>rtsv7M4_T_le_v4SPD16_eabi.lib</file>
         <name>autoinit.c.obj</name>
      </input_file>
      <input_file id="fl-127">
         <path>C:\Ingenieria\ccsv8\tools\compiler\ti-cgt-arm_18.1.3.LTS\lib\</path>
         <kind>archive</kind>
         <file>rtsv7M4_T_le_v4SPD16_eabi.lib</file>
         <name>pre_init.c.obj</name>
      </input_file>
      <input_file id="fl-128">
         <path>C:\Ingenieria\ccsv8\tools\compiler\ti-cgt-arm_18.1.3.LTS\lib\</path>
         <kind>archive</kind>
         <file>rtsv7M4_T_le_v4SPD16_eabi.lib</file>
         <name>cpy_tbl.c.obj</name>
      </input_file>
      <input_file id="fl-129">
         <path>C:\Ingenieria\ccsv8\tools\compiler\ti-cgt-arm_18.1.3.LTS\lib\</path>
         <kind>archive</kind>
         <file>rtsv7M4_T_le_v4SPD16_eabi.lib</file>
         <name>exit.c.obj</name>
      </input_file>
      <input_file id="fl-12a">
         <path>C:\Ingenieria\ccsv8\tools\compiler\ti-cgt-arm_18.1.3.LTS\lib\</path>
         <kind>archive</kind>
         <file>rtsv7M4_T_le_v4SPD16_eabi.lib</file>
         <name>_lock.c.obj</name>
      </input_file>
      <input_file id="fl-12b">
         <path>C:\Ingenieria\ccsv8\tools\compiler\ti-cgt-arm_18.1.3.LTS\lib\</path>
         <kind>archive</kind>
         <file>rtsv7M4_T_le_v4SPD16_eabi.lib</file>
         <name>_printfi.c.obj</name>
      </input_file>
      <input_file id="fl-12c">
         <path>C:\Ingenieria\ccsv8\tools\compiler\ti-cgt-arm_18.1.3.LTS\lib\</path>
         <kind>archive</kind>
         <file>rtsv7M4_T_le_v4SPD16_eabi.lib</file>
         <name>args_main.c.obj</name>
      </input_file>
      <input_file id="fl-12d">
         <path>C:\Ingenieria\ccsv8\tools\compiler\ti-cgt-arm_18.1.3.LTS\lib\</path>
         <kind>archive</kind>
         <file>rtsv7M4_T_le_v4SPD16_eabi.lib</file>
         <name>atoi.c.obj</name>
      </input_file>
      <input_file id="fl-12e">
         <path>C:\Ingenieria\ccsv8\tools\compiler\ti-cgt-arm_18.1.3.LTS\lib\</path>
         <kind>archive</kind>
         <file>rtsv7M4_T_le_v4SPD16_eabi.lib</file>
         <name>ctype.c.obj</name>
      </input_file>
      <input_file id="fl-12f">
         <path>C:\Ingenieria\ccsv8\tools\compiler\ti-cgt-arm_18.1.3.LTS\lib\</path>
         <kind>archive</kind>
         <file>rtsv7M4_T_le_v4SPD16_eabi.lib</file>
         <name>ltoa.c.obj</name>
      </input_file>
      <input_file id="fl-130">
         <path>C:\Ingenieria\ccsv8\tools\compiler\ti-cgt-arm_18.1.3.LTS\lib\</path>
         <kind>archive</kind>
         <file>rtsv7M4_T_le_v4SPD16_eabi.lib</file>
         <name>memccpy.c.obj</name>
      </input_file>
      <input_file id="fl-131">
         <path>C:\Ingenieria\ccsv8\tools\compiler\ti-cgt-arm_18.1.3.LTS\lib\</path>
         <kind>archive</kind>
         <file>rtsv7M4_T_le_v4SPD16_eabi.lib</file>
         <name>strchr.c.obj</name>
      </input_file>
      <input_file id="fl-132">
         <path>C:\Ingenieria\ccsv8\tools\compiler\ti-cgt-arm_18.1.3.LTS\lib\</path>
         <kind>archive</kind>
         <file>rtsv7M4_T_le_v4SPD16_eabi.lib</file>
         <name>s_frexp.c.obj</name>
      </input_file>
      <input_file id="fl-133">
         <path>C:\Ingenieria\ccsv8\tools\compiler\ti-cgt-arm_18.1.3.LTS\lib\</path>
         <kind>archive</kind>
         <file>rtsv7M4_T_le_v4SPD16_eabi.lib</file>
         <name>s_scalbn.c.obj</name>
      </input_file>
      <input_file id="fl-134">
         <path>C:\Ingenieria\ccsv8\tools\compiler\ti-cgt-arm_18.1.3.LTS\lib\</path>
         <kind>archive</kind>
         <file>rtsv7M4_T_le_v4SPD16_eabi.lib</file>
         <name>wcslen.c.obj</name>
      </input_file>
      <input_file id="fl-135">
         <path>C:\Ingenieria\ccsv8\tools\compiler\ti-cgt-arm_18.1.3.LTS\lib\</path>
         <kind>archive</kind>
         <file>rtsv7M4_T_le_v4SPD16_eabi.lib</file>
         <name>s_copysign.c.obj</name>
      </input_file>
      <input_file id="fl-136">
         <path>C:\Ingenieria\ccsv8\tools\compiler\ti-cgt-arm_18.1.3.LTS\lib\</path>
         <kind>archive</kind>
         <file>rtsv7M4_T_le_v4SPD16_eabi.lib</file>
         <name>ull_div_t2.asm.obj</name>
      </input_file>
      <input_file id="fl-137">
         <path>C:\Ingenieria\ccsv8\tools\compiler\ti-cgt-arm_18.1.3.LTS\lib\</path>
         <kind>archive</kind>
         <file>rtsv7M4_T_le_v4SPD16_eabi.lib</file>
         <name>fd_mul_t2.asm.obj</name>
      </input_file>
      <input_file id="fl-138">
         <path>C:\Ingenieria\ccsv8\tools\compiler\ti-cgt-arm_18.1.3.LTS\lib\</path>
         <kind>archive</kind>
         <file>rtsv7M4_T_le_v4SPD16_eabi.lib</file>
         <name>i_tofd_t2.asm.obj</name>
      </input_file>
   </input_file_list>
   <object_component_list>
      <object_component id="oc-f">
         <name>.intvecs</name>
         <load_address>0x0</load_address>
         <run_address>0x0</run_address>
         <size>0x26c</size>
         <input_file_ref idref="fl-5"/>
      </object_component>
      <object_component id="oc-88">
         <name>.text</name>
         <load_address>0x26c</load_address>
         <run_address>0x26c</run_address>
         <size>0x188c</size>
         <input_file_ref idref="fl-c"/>
      </object_component>
      <object_component id="oc-de">
         <name>.text</name>
         <load_address>0x1af8</load_address>
         <run_address>0x1af8</run_address>
         <size>0xf80</size>
         <input_file_ref idref="fl-2b"/>
      </object_component>
      <object_component id="oc-f6">
         <name>.text</name>
         <load_address>0x2a78</load_address>
         <run_address>0x2a78</run_address>
         <size>0xb94</size>
         <input_file_ref idref="fl-1f"/>
      </object_component>
      <object_component id="oc-35">
         <name>.text</name>
         <load_address>0x360c</load_address>
         <run_address>0x360c</run_address>
         <size>0xab4</size>
         <input_file_ref idref="fl-54"/>
      </object_component>
      <object_component id="oc-2e1">
         <name>.text:__TI_printfi</name>
         <load_address>0x40c0</load_address>
         <run_address>0x40c0</run_address>
         <size>0xa5e</size>
         <input_file_ref idref="fl-12b"/>
      </object_component>
      <object_component id="oc-1ca">
         <name>.text</name>
         <load_address>0x4b1e</load_address>
         <run_address>0x4b1e</run_address>
         <size>0x2</size>
         <input_file_ref idref="fl-125"/>
      </object_component>
      <object_component id="oc-9e">
         <name>.text</name>
         <load_address>0x4b20</load_address>
         <run_address>0x4b20</run_address>
         <size>0x93c</size>
         <input_file_ref idref="fl-b"/>
      </object_component>
      <object_component id="oc-f0">
         <name>.text</name>
         <load_address>0x545c</load_address>
         <run_address>0x545c</run_address>
         <size>0x804</size>
         <input_file_ref idref="fl-3"/>
      </object_component>
      <object_component id="oc-fc">
         <name>.text</name>
         <load_address>0x5c60</load_address>
         <run_address>0x5c60</run_address>
         <size>0x718</size>
         <input_file_ref idref="fl-26"/>
      </object_component>
      <object_component id="oc-2d0">
         <name>.text</name>
         <load_address>0x6378</load_address>
         <run_address>0x6378</run_address>
         <size>0x642</size>
         <input_file_ref idref="fl-2e"/>
      </object_component>
      <object_component id="oc-a4">
         <name>.text</name>
         <load_address>0x69bc</load_address>
         <run_address>0x69bc</run_address>
         <size>0x62e</size>
         <input_file_ref idref="fl-2f"/>
      </object_component>
      <object_component id="oc-109">
         <name>.text</name>
         <load_address>0x6fec</load_address>
         <run_address>0x6fec</run_address>
         <size>0x4d8</size>
         <input_file_ref idref="fl-4"/>
      </object_component>
      <object_component id="oc-e4">
         <name>.text</name>
         <load_address>0x74c4</load_address>
         <run_address>0x74c4</run_address>
         <size>0x3c0</size>
         <input_file_ref idref="fl-22"/>
      </object_component>
      <object_component id="oc-152">
         <name>.text</name>
         <load_address>0x7884</load_address>
         <run_address>0x7884</run_address>
         <size>0x2bc</size>
         <input_file_ref idref="fl-10"/>
      </object_component>
      <object_component id="oc-3b">
         <name>.text</name>
         <load_address>0x7b40</load_address>
         <run_address>0x7b40</run_address>
         <size>0x294</size>
         <input_file_ref idref="fl-2"/>
      </object_component>
      <object_component id="oc-3be">
         <name>.text:_pconv_a</name>
         <load_address>0x7dd4</load_address>
         <run_address>0x7dd4</run_address>
         <size>0x270</size>
         <input_file_ref idref="fl-12b"/>
      </object_component>
      <object_component id="oc-3ac">
         <name>.text:_pconv_g</name>
         <load_address>0x8044</load_address>
         <run_address>0x8044</run_address>
         <size>0x1d0</size>
         <input_file_ref idref="fl-12b"/>
      </object_component>
      <object_component id="oc-21f">
         <name>.text</name>
         <load_address>0x8214</load_address>
         <run_address>0x8214</run_address>
         <size>0x1b6</size>
         <input_file_ref idref="fl-114"/>
      </object_component>
      <object_component id="oc-3b8">
         <name>.text:_pconv_e</name>
         <load_address>0x83cc</load_address>
         <run_address>0x83cc</run_address>
         <size>0x13c</size>
         <input_file_ref idref="fl-12b"/>
      </object_component>
      <object_component id="oc-21a">
         <name>.text</name>
         <load_address>0x8508</load_address>
         <run_address>0x8508</run_address>
         <size>0x136</size>
         <input_file_ref idref="fl-116"/>
      </object_component>
      <object_component id="oc-2f">
         <name>.text</name>
         <load_address>0x8640</load_address>
         <run_address>0x8640</run_address>
         <size>0x12c</size>
         <input_file_ref idref="fl-e"/>
      </object_component>
      <object_component id="oc-158">
         <name>.text</name>
         <load_address>0x876c</load_address>
         <run_address>0x876c</run_address>
         <size>0x12a</size>
         <input_file_ref idref="fl-a"/>
      </object_component>
      <object_component id="oc-ea">
         <name>.text</name>
         <load_address>0x8898</load_address>
         <run_address>0x8898</run_address>
         <size>0x128</size>
         <input_file_ref idref="fl-13"/>
      </object_component>
      <object_component id="oc-44c">
         <name>.text:fcvt</name>
         <load_address>0x89c0</load_address>
         <run_address>0x89c0</run_address>
         <size>0x120</size>
         <input_file_ref idref="fl-12b"/>
      </object_component>
      <object_component id="oc-460">
         <name>.text:scalbn</name>
         <load_address>0x8ae0</load_address>
         <run_address>0x8ae0</run_address>
         <size>0x110</size>
         <input_file_ref idref="fl-133"/>
      </object_component>
      <object_component id="oc-24a">
         <name>.text:strtoul</name>
         <load_address>0x8bf0</load_address>
         <run_address>0x8bf0</run_address>
         <size>0x110</size>
         <input_file_ref idref="fl-122"/>
      </object_component>
      <object_component id="oc-42f">
         <name>.text</name>
         <load_address>0x8d00</load_address>
         <run_address>0x8d00</run_address>
         <size>0xfc</size>
         <input_file_ref idref="fl-137"/>
      </object_component>
      <object_component id="oc-d8">
         <name>.text</name>
         <load_address>0x8dfc</load_address>
         <run_address>0x8dfc</run_address>
         <size>0xf0</size>
         <input_file_ref idref="fl-53"/>
      </object_component>
      <object_component id="oc-2a">
         <name>.text</name>
         <load_address>0x8eec</load_address>
         <run_address>0x8eec</run_address>
         <size>0xd2</size>
         <input_file_ref idref="fl-f"/>
      </object_component>
      <object_component id="oc-3a6">
         <name>.text:_ltostr</name>
         <load_address>0x8fc0</load_address>
         <run_address>0x8fc0</run_address>
         <size>0xb1</size>
         <input_file_ref idref="fl-12b"/>
      </object_component>
      <object_component id="oc-256">
         <name>.text</name>
         <load_address>0x9074</load_address>
         <run_address>0x9074</run_address>
         <size>0xac</size>
         <input_file_ref idref="fl-52"/>
      </object_component>
      <object_component id="oc-4f">
         <name>.text</name>
         <load_address>0x9120</load_address>
         <run_address>0x9120</run_address>
         <size>0x9c</size>
         <input_file_ref idref="fl-118"/>
      </object_component>
      <object_component id="oc-429">
         <name>.text</name>
         <load_address>0x91bc</load_address>
         <run_address>0x91bc</run_address>
         <size>0x96</size>
         <input_file_ref idref="fl-136"/>
      </object_component>
      <object_component id="oc-229">
         <name>.text:__aeabi_cdcmple</name>
         <load_address>0x9252</load_address>
         <run_address>0x9252</run_address>
         <size>0x86</size>
         <input_file_ref idref="fl-115"/>
      </object_component>
      <object_component id="oc-22e">
         <name>.text:__aeabi_cdrcmple</name>
         <load_address>0x92d8</load_address>
         <run_address>0x92d8</run_address>
         <size>0x86</size>
         <input_file_ref idref="fl-115"/>
      </object_component>
      <object_component id="oc-130">
         <name>.text</name>
         <load_address>0x935e</load_address>
         <run_address>0x935e</run_address>
         <size>0x7a</size>
         <input_file_ref idref="fl-112"/>
      </object_component>
      <object_component id="oc-445">
         <name>.text:_mcpy</name>
         <load_address>0x93d8</load_address>
         <run_address>0x93d8</run_address>
         <size>0x6e</size>
         <input_file_ref idref="fl-12b"/>
      </object_component>
      <object_component id="oc-16a">
         <name>.text</name>
         <load_address>0x9448</load_address>
         <run_address>0x9448</run_address>
         <size>0x68</size>
         <input_file_ref idref="fl-51"/>
      </object_component>
      <object_component id="oc-12">
         <name>.text:decompress:lzss:__TI_decompress_lzss</name>
         <load_address>0x94b0</load_address>
         <run_address>0x94b0</run_address>
         <size>0x68</size>
         <input_file_ref idref="fl-11c"/>
      </object_component>
      <object_component id="oc-45a">
         <name>.text:frexp</name>
         <load_address>0x9518</load_address>
         <run_address>0x9518</run_address>
         <size>0x64</size>
         <input_file_ref idref="fl-132"/>
      </object_component>
      <object_component id="oc-3b2">
         <name>.text:_pconv_f</name>
         <load_address>0x957c</load_address>
         <run_address>0x957c</run_address>
         <size>0x56</size>
         <input_file_ref idref="fl-12b"/>
      </object_component>
      <object_component id="oc-434">
         <name>.text:ltoa</name>
         <load_address>0x95d2</load_address>
         <run_address>0x95d2</run_address>
         <size>0x54</size>
         <input_file_ref idref="fl-12f"/>
      </object_component>
      <object_component id="oc-43f">
         <name>.text:_ecpy</name>
         <load_address>0x9626</load_address>
         <run_address>0x9626</run_address>
         <size>0x52</size>
         <input_file_ref idref="fl-12b"/>
      </object_component>
      <object_component id="oc-3a0">
         <name>.text:atoi</name>
         <load_address>0x9678</load_address>
         <run_address>0x9678</run_address>
         <size>0x4c</size>
         <input_file_ref idref="fl-12d"/>
      </object_component>
      <object_component id="oc-224">
         <name>.text</name>
         <load_address>0x96c4</load_address>
         <run_address>0x96c4</run_address>
         <size>0x48</size>
         <input_file_ref idref="fl-117"/>
      </object_component>
      <object_component id="oc-27d">
         <name>.text:__TI_auto_init_nobinit_nopinit:__TI_auto_init_nobinit_nopinit</name>
         <load_address>0x970c</load_address>
         <run_address>0x970c</run_address>
         <size>0x44</size>
         <input_file_ref idref="fl-126"/>
      </object_component>
      <object_component id="oc-bf">
         <name>.text</name>
         <load_address>0x9750</load_address>
         <run_address>0x9750</run_address>
         <size>0x40</size>
         <input_file_ref idref="fl-113"/>
      </object_component>
      <object_component id="oc-18c">
         <name>.text:sprintf</name>
         <load_address>0x9790</load_address>
         <run_address>0x9790</run_address>
         <size>0x40</size>
         <input_file_ref idref="fl-11d"/>
      </object_component>
      <object_component id="oc-452">
         <name>.text:_fcpy</name>
         <load_address>0x97d0</load_address>
         <run_address>0x97d0</run_address>
         <size>0x3e</size>
         <input_file_ref idref="fl-12b"/>
      </object_component>
      <object_component id="oc-1e7">
         <name>.text</name>
         <load_address>0x980e</load_address>
         <run_address>0x980e</run_address>
         <size>0x3e</size>
         <input_file_ref idref="fl-16"/>
      </object_component>
      <object_component id="oc-6d">
         <name>.text:_c_int00_noargs:_c_int00_noargs</name>
         <load_address>0x984c</load_address>
         <run_address>0x984c</run_address>
         <size>0x38</size>
         <input_file_ref idref="fl-124"/>
      </object_component>
      <object_component id="oc-43a">
         <name>.text</name>
         <load_address>0x9884</load_address>
         <run_address>0x9884</run_address>
         <size>0x2e</size>
         <input_file_ref idref="fl-138"/>
      </object_component>
      <object_component id="oc-250">
         <name>.text:strncmp</name>
         <load_address>0x98b2</load_address>
         <run_address>0x98b2</run_address>
         <size>0x2c</size>
         <input_file_ref idref="fl-121"/>
      </object_component>
      <object_component id="oc-24">
         <name>.text</name>
         <load_address>0x98e0</load_address>
         <run_address>0x98e0</run_address>
         <size>0x2c</size>
         <input_file_ref idref="fl-5"/>
      </object_component>
      <object_component id="oc-173">
         <name>.text:GetOverflowCounts</name>
         <load_address>0x990c</load_address>
         <run_address>0x990c</run_address>
         <size>0x24</size>
         <input_file_ref idref="fl-51"/>
      </object_component>
      <object_component id="oc-215">
         <name>.text</name>
         <load_address>0x9930</load_address>
         <run_address>0x9930</run_address>
         <size>0x20</size>
         <input_file_ref idref="fl-119"/>
      </object_component>
      <object_component id="oc-3c4">
         <name>.text:memccpy</name>
         <load_address>0x9950</load_address>
         <run_address>0x9950</run_address>
         <size>0x1c</size>
         <input_file_ref idref="fl-130"/>
      </object_component>
      <object_component id="oc-2e7">
         <name>.text:_outs</name>
         <load_address>0x996c</load_address>
         <run_address>0x996c</run_address>
         <size>0x18</size>
         <input_file_ref idref="fl-11d"/>
      </object_component>
      <object_component id="oc-34b">
         <name>.text:strcmp</name>
         <load_address>0x9984</load_address>
         <run_address>0x9984</run_address>
         <size>0x18</size>
         <input_file_ref idref="fl-11e"/>
      </object_component>
      <object_component id="oc-466">
         <name>.text:strchr</name>
         <load_address>0x999c</load_address>
         <run_address>0x999c</run_address>
         <size>0x16</size>
         <input_file_ref idref="fl-131"/>
      </object_component>
      <object_component id="oc-4b0">
         <name>.text:copysign</name>
         <load_address>0x99b2</load_address>
         <run_address>0x99b2</run_address>
         <size>0x14</size>
         <input_file_ref idref="fl-135"/>
      </object_component>
      <object_component id="oc-180">
         <name>.text:strcpy</name>
         <load_address>0x99c6</load_address>
         <run_address>0x99c6</run_address>
         <size>0x14</size>
         <input_file_ref idref="fl-11f"/>
      </object_component>
      <object_component id="oc-186">
         <name>.text:strlen</name>
         <load_address>0x99da</load_address>
         <run_address>0x99da</run_address>
         <size>0x14</size>
         <input_file_ref idref="fl-120"/>
      </object_component>
      <object_component id="oc-3ca">
         <name>.text:wcslen</name>
         <load_address>0x99ee</load_address>
         <run_address>0x99ee</run_address>
         <size>0x12</size>
         <input_file_ref idref="fl-134"/>
      </object_component>
      <object_component id="oc-18">
         <name>.text:decompress:none:__TI_decompress_none</name>
         <load_address>0x9a00</load_address>
         <run_address>0x9a00</run_address>
         <size>0xe</size>
         <input_file_ref idref="fl-11b"/>
      </object_component>
      <object_component id="oc-61">
         <name>.text:decompress:ZI:__TI_zero_init</name>
         <load_address>0x9a0e</load_address>
         <run_address>0x9a0e</run_address>
         <size>0xc</size>
         <input_file_ref idref="fl-11a"/>
      </object_component>
      <object_component id="oc-2ed">
         <name>.text:_outc</name>
         <load_address>0x9a1a</load_address>
         <run_address>0x9a1a</run_address>
         <size>0xa</size>
         <input_file_ref idref="fl-11d"/>
      </object_component>
      <object_component id="oc-33e">
         <name>.text:__aeabi_errno_addr</name>
         <load_address>0x9a24</load_address>
         <run_address>0x9a24</run_address>
         <size>0x8</size>
         <input_file_ref idref="fl-123"/>
      </object_component>
      <object_component id="oc-1f6">
         <name>.text:SysCtlDelay</name>
         <load_address>0x9a2c</load_address>
         <run_address>0x9a2c</run_address>
         <size>0x6</size>
         <input_file_ref idref="fl-2b"/>
      </object_component>
      <object_component id="oc-136">
         <name>.text:_system_pre_init</name>
         <load_address>0x9a32</load_address>
         <run_address>0x9a32</run_address>
         <size>0x4</size>
         <input_file_ref idref="fl-127"/>
      </object_component>
      <object_component id="oc-271">
         <name>.text:abort:abort</name>
         <load_address>0x9a36</load_address>
         <run_address>0x9a36</run_address>
         <size>0x4</size>
         <input_file_ref idref="fl-129"/>
      </object_component>
      <object_component id="oc-356">
         <name>.const:.string</name>
         <load_address>0x9a3c</load_address>
         <run_address>0x9a3c</run_address>
         <size>0x1b8</size>
         <input_file_ref idref="fl-4"/>
      </object_component>
      <object_component id="oc-1f3">
         <name>.const:g_pppui32XTALtoVCO</name>
         <load_address>0x9bf4</load_address>
         <run_address>0x9bf4</run_address>
         <size>0x1b0</size>
         <input_file_ref idref="fl-2b"/>
      </object_component>
      <object_component id="oc-344">
         <name>.const:.string:_ctypes_</name>
         <load_address>0x9da4</load_address>
         <run_address>0x9da4</run_address>
         <size>0x101</size>
         <input_file_ref idref="fl-12e"/>
      </object_component>
      <object_component id="oc-237">
         <name>.const:g_ppui32GPIOIntMapSnowflake</name>
         <load_address>0x9ea8</load_address>
         <run_address>0x9ea8</run_address>
         <size>0xd8</size>
         <input_file_ref idref="fl-1f"/>
      </object_component>
      <object_component id="oc-234">
         <name>.const:g_ppui32GPIOIntMapBlizzard</name>
         <load_address>0x9f80</load_address>
         <run_address>0x9f80</run_address>
         <size>0xc0</size>
         <input_file_ref idref="fl-1f"/>
      </object_component>
      <object_component id="oc-1ff">
         <name>.const:g_pui32Regs</name>
         <load_address>0xa040</load_address>
         <run_address>0xa040</run_address>
         <size>0x9c</size>
         <input_file_ref idref="fl-22"/>
      </object_component>
      <object_component id="oc-23a">
         <name>.const:g_pui32GPIOBaseAddrs</name>
         <load_address>0xa0dc</load_address>
         <run_address>0xa0dc</run_address>
         <size>0x90</size>
         <input_file_ref idref="fl-1f"/>
      </object_component>
      <object_component id="oc-1ed">
         <name>.const:g_pui32Xtals</name>
         <load_address>0xa16c</load_address>
         <run_address>0xa16c</run_address>
         <size>0x6c</size>
         <input_file_ref idref="fl-2b"/>
      </object_component>
      <object_component id="oc-394">
         <name>.const:g_ppui32TimerIntMap</name>
         <load_address>0xa1d8</load_address>
         <run_address>0xa1d8</run_address>
         <size>0x60</size>
         <input_file_ref idref="fl-2e"/>
      </object_component>
      <object_component id="oc-397">
         <name>.const:g_ppui32TimerIntMapSnowflake</name>
         <load_address>0xa238</load_address>
         <run_address>0xa238</run_address>
         <size>0x40</size>
         <input_file_ref idref="fl-2e"/>
      </object_component>
      <object_component id="oc-1af">
         <name>.const:g_ppui32UARTIntMap</name>
         <load_address>0xa278</load_address>
         <run_address>0xa278</run_address>
         <size>0x40</size>
         <input_file_ref idref="fl-2f"/>
      </object_component>
      <object_component id="oc-1b2">
         <name>.const:g_ppui32UARTIntMapSnowflake</name>
         <load_address>0xa2b8</load_address>
         <run_address>0xa2b8</run_address>
         <size>0x40</size>
         <input_file_ref idref="fl-2f"/>
      </object_component>
      <object_component id="oc-1e4">
         <name>.const:g_sXTALtoMEMTIM</name>
         <load_address>0xa2f8</load_address>
         <run_address>0xa2f8</run_address>
         <size>0x30</size>
         <input_file_ref idref="fl-2b"/>
      </object_component>
      <object_component id="oc-1fc">
         <name>.const:g_pui32Priority</name>
         <load_address>0xa328</load_address>
         <run_address>0xa328</run_address>
         <size>0x20</size>
         <input_file_ref idref="fl-22"/>
      </object_component>
      <object_component id="oc-205">
         <name>.const:g_pui32Dii16Regs</name>
         <load_address>0xa348</load_address>
         <run_address>0xa348</run_address>
         <size>0x14</size>
         <input_file_ref idref="fl-22"/>
      </object_component>
      <object_component id="oc-202">
         <name>.const:g_pui32EnRegs</name>
         <load_address>0xa35c</load_address>
         <run_address>0xa35c</run_address>
         <size>0x14</size>
         <input_file_ref idref="fl-22"/>
      </object_component>
      <object_component id="oc-208">
         <name>.const:g_pui32PendRegs</name>
         <load_address>0xa370</load_address>
         <run_address>0xa370</run_address>
         <size>0x14</size>
         <input_file_ref idref="fl-22"/>
      </object_component>
      <object_component id="oc-20b">
         <name>.const:g_pui32UnpendRegs</name>
         <load_address>0xa384</load_address>
         <run_address>0xa384</run_address>
         <size>0x14</size>
         <input_file_ref idref="fl-22"/>
      </object_component>
      <object_component id="oc-1d0">
         <name>.const:.string</name>
         <load_address>0xa398</load_address>
         <run_address>0xa398</run_address>
         <size>0x12</size>
         <input_file_ref idref="fl-54"/>
      </object_component>
      <object_component id="oc-b0">
         <name>.const:g_ui32UARTBase</name>
         <load_address>0xa3ac</load_address>
         <run_address>0xa3ac</run_address>
         <size>0xc</size>
         <input_file_ref idref="fl-54"/>
      </object_component>
      <object_component id="oc-b6">
         <name>.const:g_ui32UARTInt</name>
         <load_address>0xa3b8</load_address>
         <run_address>0xa3b8</run_address>
         <size>0xc</size>
         <input_file_ref idref="fl-54"/>
      </object_component>
      <object_component id="oc-b3">
         <name>.const:g_ui32UARTPeriph</name>
         <load_address>0xa3c4</load_address>
         <run_address>0xa3c4</run_address>
         <size>0xc</size>
         <input_file_ref idref="fl-54"/>
      </object_component>
      <object_component id="oc-1f0">
         <name>.const:g_pui32VCOFrequencies</name>
         <load_address>0xa3d0</load_address>
         <run_address>0xa3d0</run_address>
         <size>0x8</size>
         <input_file_ref idref="fl-2b"/>
      </object_component>
      <object_component id="oc-85">
         <name>.const</name>
         <load_address>0xa3d8</load_address>
         <run_address>0xa3d8</run_address>
         <size>0x4</size>
         <input_file_ref idref="fl-e"/>
      </object_component>
      <object_component id="oc-c4">
         <name>.const</name>
         <load_address>0xa3dc</load_address>
         <run_address>0xa3dc</run_address>
         <size>0x4</size>
         <input_file_ref idref="fl-54"/>
      </object_component>
      <object_component id="oc-500">
         <name>.cinit..data.load</name>
         <load_address>0xa3e0</load_address>
         <run_address>0xa3e0</run_address>
         <size>0x9b</size>
      </object_component>
      <object_component id="oc-4fd">
         <name>__TI_handler_table</name>
         <load_address>0xa47c</load_address>
         <run_address>0xa47c</run_address>
         <size>0xc</size>
      </object_component>
      <object_component id="oc-501">
         <name>.cinit..bss.load</name>
         <load_address>0xa488</load_address>
         <run_address>0xa488</run_address>
         <size>0x8</size>
      </object_component>
      <object_component id="oc-4ff">
         <name>.cinit..vtable.load</name>
         <load_address>0xa490</load_address>
         <run_address>0xa490</run_address>
         <size>0x8</size>
      </object_component>
      <object_component id="oc-4fe">
         <name>__TI_cinit_table</name>
         <load_address>0xa498</load_address>
         <run_address>0xa498</run_address>
         <size>0x18</size>
      </object_component>
      <object_component id="oc-1f9">
         <name>.vtable</name>
         <uninitialized>true</uninitialized>
         <run_address>0x20000000</run_address>
         <size>0x26c</size>
         <input_file_ref idref="fl-22"/>
      </object_component>
      <object_component id="oc-102">
         <name>.data</name>
         <load_address>0x200059f4</load_address>
         <run_address>0x200059f4</run_address>
         <size>0x5</size>
         <input_file_ref idref="fl-2"/>
      </object_component>
      <object_component id="oc-25c">
         <name>.data:g_psCmdTable</name>
         <load_address>0x200058e8</load_address>
         <run_address>0x200058e8</run_address>
         <size>0x84</size>
         <input_file_ref idref="fl-4"/>
      </object_component>
      <object_component id="oc-82">
         <name>.data</name>
         <load_address>0x2000596c</load_address>
         <run_address>0x2000596c</run_address>
         <size>0x3c</size>
         <input_file_ref idref="fl-c"/>
      </object_component>
      <object_component id="oc-8f">
         <name>.data</name>
         <load_address>0x200059fc</load_address>
         <run_address>0x200059fc</run_address>
         <size>0x4</size>
         <input_file_ref idref="fl-e"/>
      </object_component>
      <object_component id="oc-2bb">
         <name>.data</name>
         <load_address>0x200059d8</load_address>
         <run_address>0x200059d8</run_address>
         <size>0x10</size>
         <input_file_ref idref="fl-10"/>
      </object_component>
      <object_component id="oc-210">
         <name>.data</name>
         <load_address>0x200059f9</load_address>
         <run_address>0x200059f9</run_address>
         <size>0x3</size>
         <input_file_ref idref="fl-13"/>
      </object_component>
      <object_component id="oc-1e0">
         <name>.data:g_pui32CPUUsageTimerPeriph</name>
         <load_address>0x200059c0</load_address>
         <run_address>0x200059c0</run_address>
         <size>0x18</size>
         <input_file_ref idref="fl-53"/>
      </object_component>
      <object_component id="oc-1da">
         <name>.data:g_pui32CPUUsageTimerBase</name>
         <load_address>0x200059a8</load_address>
         <run_address>0x200059a8</run_address>
         <size>0x18</size>
         <input_file_ref idref="fl-53"/>
      </object_component>
      <object_component id="oc-aa">
         <name>.data</name>
         <load_address>0x200059e8</load_address>
         <run_address>0x200059e8</run_address>
         <size>0xc</size>
         <input_file_ref idref="fl-54"/>
      </object_component>
      <object_component id="oc-3ee">
         <name>.data</name>
         <load_address>0x20005a00</load_address>
         <run_address>0x20005a00</run_address>
         <size>0x4</size>
         <input_file_ref idref="fl-123"/>
      </object_component>
      <object_component id="oc-15e">
         <name>.bss:pxReadyTasksLists</name>
         <uninitialized>true</uninitialized>
         <run_address>0x2000546c</run_address>
         <size>0x140</size>
         <input_file_ref idref="fl-c"/>
      </object_component>
      <object_component id="oc-17a">
         <name>.bss:xDelayedTaskList1</name>
         <uninitialized>true</uninitialized>
         <run_address>0x20005640</run_address>
         <size>0x14</size>
         <input_file_ref idref="fl-c"/>
      </object_component>
      <object_component id="oc-17d">
         <name>.bss:xDelayedTaskList2</name>
         <uninitialized>true</uninitialized>
         <run_address>0x20005654</run_address>
         <size>0x14</size>
         <input_file_ref idref="fl-c"/>
      </object_component>
      <object_component id="oc-164">
         <name>.bss</name>
         <uninitialized>true</uninitialized>
         <run_address>0x200056c0</run_address>
         <size>0x8</size>
         <input_file_ref idref="fl-c"/>
      </object_component>
      <object_component id="oc-170">
         <name>.bss:xPendingReadyList</name>
         <uninitialized>true</uninitialized>
         <run_address>0x20005668</run_address>
         <size>0x14</size>
         <input_file_ref idref="fl-c"/>
      </object_component>
      <object_component id="oc-161">
         <name>.bss:xTasksWaitingTermination</name>
         <uninitialized>true</uninitialized>
         <run_address>0x20005690</run_address>
         <size>0x14</size>
         <input_file_ref idref="fl-c"/>
      </object_component>
      <object_component id="oc-167">
         <name>.bss:xSuspendedTaskList</name>
         <uninitialized>true</uninitialized>
         <run_address>0x2000567c</run_address>
         <size>0x14</size>
         <input_file_ref idref="fl-c"/>
      </object_component>
      <object_component id="oc-2c1">
         <name>.bss:ucHeap</name>
         <uninitialized>true</uninitialized>
         <run_address>0x2000026c</run_address>
         <size>0x5000</size>
         <input_file_ref idref="fl-10"/>
      </object_component>
      <object_component id="oc-2be">
         <name>.bss:xStart</name>
         <uninitialized>true</uninitialized>
         <run_address>0x200056c8</run_address>
         <size>0x8</size>
         <input_file_ref idref="fl-10"/>
      </object_component>
      <object_component id="oc-351">
         <name>.bss:g_ppcArgv</name>
         <uninitialized>true</uninitialized>
         <run_address>0x200055fc</run_address>
         <size>0x24</size>
         <input_file_ref idref="fl-52"/>
      </object_component>
      <object_component id="oc-1dd">
         <name>.bss</name>
         <uninitialized>true</uninitialized>
         <run_address>0x200056b4</run_address>
         <size>0xc</size>
         <input_file_ref idref="fl-53"/>
      </object_component>
      <object_component id="oc-ad">
         <name>.bss</name>
         <uninitialized>true</uninitialized>
         <run_address>0x200056a4</run_address>
         <size>0x10</size>
         <input_file_ref idref="fl-54"/>
      </object_component>
      <object_component id="oc-bc">
         <name>.bss:g_pcUARTRxHistoryBuffer</name>
         <uninitialized>true</uninitialized>
         <run_address>0x2000526c</run_address>
         <size>0x200</size>
         <input_file_ref idref="fl-54"/>
      </object_component>
      <object_component id="oc-b9">
         <name>.bss:g_usUARTRxHistoryOffset</name>
         <uninitialized>true</uninitialized>
         <run_address>0x20005620</run_address>
         <size>0x20</size>
         <input_file_ref idref="fl-54"/>
      </object_component>
      <object_component id="oc-105">
         <name>.common:g_ui32CPUUsage</name>
         <uninitialized>true</uninitialized>
         <run_address>0x200056d8</run_address>
         <size>0x4</size>
      </object_component>
      <object_component id="oc-108">
         <name>.common:g_ui32SystemClock</name>
         <uninitialized>true</uninitialized>
         <run_address>0x200056dc</run_address>
         <size>0x4</size>
      </object_component>
      <object_component id="oc-110">
         <name>.common:ui8Buttons</name>
         <uninitialized>true</uninitialized>
         <run_address>0x200056e4</run_address>
         <size>0x1</size>
      </object_component>
      <object_component id="oc-10f">
         <name>.common:ui8Changed</name>
         <uninitialized>true</uninitialized>
         <run_address>0x200056e5</run_address>
         <size>0x1</size>
      </object_component>
      <object_component id="oc-111">
         <name>.common:ui32Period</name>
         <uninitialized>true</uninitialized>
         <run_address>0x200056e0</run_address>
         <size>0x4</size>
      </object_component>
      <object_component id="oc-112">
         <name>.common:ui32DutyCycle</name>
         <uninitialized>true</uninitialized>
         <run_address>0x200056d0</run_address>
         <size>0x8</size>
      </object_component>
      <object_component id="oc-1a6">
         <name>.common:xQueueRegistry</name>
         <uninitialized>true</uninitialized>
         <run_address>0x200055ac</run_address>
         <size>0x50</size>
      </object_component>
      <object_component id="oc-21">
         <name>.stack</name>
         <uninitialized>true</uninitialized>
         <run_address>0x200056e8</run_address>
         <size>0x4</size>
         <input_file_ref idref="fl-124"/>
      </object_component>
      <object_component id="oc-502">
         <name>.stack</name>
         <uninitialized>true</uninitialized>
         <run_address>0x200056e8</run_address>
         <size>0x0</size>
      </object_component>
      <object_component id="oc-106">
         <name>.debug_info</name>
         <load_address>0x0</load_address>
         <run_address>0x0</run_address>
         <size>0x88c</size>
         <input_file_ref idref="fl-2"/>
      </object_component>
      <object_component id="oc-103">
         <name>.debug_info</name>
         <load_address>0x88c</load_address>
         <run_address>0x88c</run_address>
         <size>0xcc</size>
         <input_file_ref idref="fl-2"/>
      </object_component>
      <object_component id="oc-3c">
         <name>.debug_info</name>
         <load_address>0x958</load_address>
         <run_address>0x958</run_address>
         <size>0x71d</size>
         <input_file_ref idref="fl-2"/>
      </object_component>
      <object_component id="oc-14b">
         <name>.debug_info</name>
         <load_address>0x1075</load_address>
         <run_address>0x1075</run_address>
         <size>0x30c</size>
         <input_file_ref idref="fl-2"/>
      </object_component>
      <object_component id="oc-116">
         <name>.debug_info</name>
         <load_address>0x1381</load_address>
         <run_address>0x1381</run_address>
         <size>0x26b</size>
         <input_file_ref idref="fl-2"/>
      </object_component>
      <object_component id="oc-1a1">
         <name>.debug_info</name>
         <load_address>0x15ec</load_address>
         <run_address>0x15ec</run_address>
         <size>0x3cd</size>
         <input_file_ref idref="fl-2"/>
      </object_component>
      <object_component id="oc-cd">
         <name>.debug_info</name>
         <load_address>0x19b9</load_address>
         <run_address>0x19b9</run_address>
         <size>0x8b</size>
         <input_file_ref idref="fl-2"/>
      </object_component>
      <object_component id="oc-1aa">
         <name>.debug_info</name>
         <load_address>0x1a44</load_address>
         <run_address>0x1a44</run_address>
         <size>0x46</size>
         <input_file_ref idref="fl-2"/>
      </object_component>
      <object_component id="oc-94">
         <name>.debug_info</name>
         <load_address>0x1a8a</load_address>
         <run_address>0x1a8a</run_address>
         <size>0x2c</size>
         <input_file_ref idref="fl-2"/>
      </object_component>
      <object_component id="oc-1d3">
         <name>.debug_info</name>
         <load_address>0x1ab6</load_address>
         <run_address>0x1ab6</run_address>
         <size>0x297</size>
         <input_file_ref idref="fl-2"/>
      </object_component>
      <object_component id="oc-1b6">
         <name>.debug_info</name>
         <load_address>0x1d4d</load_address>
         <run_address>0x1d4d</run_address>
         <size>0xef</size>
         <input_file_ref idref="fl-2"/>
      </object_component>
      <object_component id="oc-c8">
         <name>.debug_info</name>
         <load_address>0x1e3c</load_address>
         <run_address>0x1e3c</run_address>
         <size>0xbb</size>
         <input_file_ref idref="fl-2"/>
      </object_component>
      <object_component id="oc-99">
         <name>.debug_info</name>
         <load_address>0x1ef7</load_address>
         <run_address>0x1ef7</run_address>
         <size>0x53</size>
         <input_file_ref idref="fl-2"/>
      </object_component>
      <object_component id="oc-d3">
         <name>.debug_info</name>
         <load_address>0x1f4a</load_address>
         <run_address>0x1f4a</run_address>
         <size>0x2c</size>
         <input_file_ref idref="fl-2"/>
      </object_component>
      <object_component id="oc-245">
         <name>.debug_info</name>
         <load_address>0x1f76</load_address>
         <run_address>0x1f76</run_address>
         <size>0x35</size>
         <input_file_ref idref="fl-2"/>
      </object_component>
      <object_component id="oc-19c">
         <name>.debug_info</name>
         <load_address>0x1fab</load_address>
         <run_address>0x1fab</run_address>
         <size>0x14c</size>
         <input_file_ref idref="fl-2"/>
      </object_component>
      <object_component id="oc-f2">
         <name>.debug_info</name>
         <load_address>0x20f7</load_address>
         <run_address>0x20f7</run_address>
         <size>0xfbc</size>
         <input_file_ref idref="fl-3"/>
      </object_component>
      <object_component id="oc-4a">
         <name>.debug_info</name>
         <load_address>0x30b3</load_address>
         <run_address>0x30b3</run_address>
         <size>0x84</size>
         <input_file_ref idref="fl-3"/>
      </object_component>
      <object_component id="oc-260">
         <name>.debug_info</name>
         <load_address>0x3137</load_address>
         <run_address>0x3137</run_address>
         <size>0x68c</size>
         <input_file_ref idref="fl-4"/>
      </object_component>
      <object_component id="oc-25d">
         <name>.debug_info</name>
         <load_address>0x37c3</load_address>
         <run_address>0x37c3</run_address>
         <size>0xd4</size>
         <input_file_ref idref="fl-4"/>
      </object_component>
      <object_component id="oc-10a">
         <name>.debug_info</name>
         <load_address>0x3897</load_address>
         <run_address>0x3897</run_address>
         <size>0x894</size>
         <input_file_ref idref="fl-4"/>
      </object_component>
      <object_component id="oc-35b">
         <name>.debug_info</name>
         <load_address>0x412b</load_address>
         <run_address>0x412b</run_address>
         <size>0x7f</size>
         <input_file_ref idref="fl-4"/>
      </object_component>
      <object_component id="oc-360">
         <name>.debug_info</name>
         <load_address>0x41aa</load_address>
         <run_address>0x41aa</run_address>
         <size>0xcc</size>
         <input_file_ref idref="fl-4"/>
      </object_component>
      <object_component id="oc-43">
         <name>.debug_info</name>
         <load_address>0x4276</load_address>
         <run_address>0x4276</run_address>
         <size>0x39d</size>
         <input_file_ref idref="fl-5"/>
      </object_component>
      <object_component id="oc-10">
         <name>.debug_info</name>
         <load_address>0x4613</load_address>
         <run_address>0x4613</run_address>
         <size>0xe4</size>
         <input_file_ref idref="fl-5"/>
      </object_component>
      <object_component id="oc-27">
         <name>.debug_info</name>
         <load_address>0x46f7</load_address>
         <run_address>0x46f7</run_address>
         <size>0x26c</size>
         <input_file_ref idref="fl-5"/>
      </object_component>
      <object_component id="oc-2f5">
         <name>.debug_info</name>
         <load_address>0x4963</load_address>
         <run_address>0x4963</run_address>
         <size>0x5f8</size>
         <input_file_ref idref="fl-9"/>
      </object_component>
      <object_component id="oc-193">
         <name>.debug_info</name>
         <load_address>0x4f5b</load_address>
         <run_address>0x4f5b</run_address>
         <size>0x110</size>
         <input_file_ref idref="fl-9"/>
      </object_component>
      <object_component id="oc-3e2">
         <name>.debug_info</name>
         <load_address>0x506b</load_address>
         <run_address>0x506b</run_address>
         <size>0x39</size>
         <input_file_ref idref="fl-9"/>
      </object_component>
      <object_component id="oc-2b1">
         <name>.debug_info</name>
         <load_address>0x50a4</load_address>
         <run_address>0x50a4</run_address>
         <size>0x46</size>
         <input_file_ref idref="fl-9"/>
      </object_component>
      <object_component id="oc-3e7">
         <name>.debug_info</name>
         <load_address>0x50ea</load_address>
         <run_address>0x50ea</run_address>
         <size>0x76</size>
         <input_file_ref idref="fl-9"/>
      </object_component>
      <object_component id="oc-2c7">
         <name>.debug_info</name>
         <load_address>0x5160</load_address>
         <run_address>0x5160</run_address>
         <size>0x348</size>
         <input_file_ref idref="fl-a"/>
      </object_component>
      <object_component id="oc-15a">
         <name>.debug_info</name>
         <load_address>0x54a8</load_address>
         <run_address>0x54a8</run_address>
         <size>0x4ed</size>
         <input_file_ref idref="fl-a"/>
      </object_component>
      <object_component id="oc-1a7">
         <name>.debug_info</name>
         <load_address>0x5995</load_address>
         <run_address>0x5995</run_address>
         <size>0x68d</size>
         <input_file_ref idref="fl-b"/>
      </object_component>
      <object_component id="oc-a0">
         <name>.debug_info</name>
         <load_address>0x6022</load_address>
         <run_address>0x6022</run_address>
         <size>0x26a3</size>
         <input_file_ref idref="fl-b"/>
      </object_component>
      <object_component id="oc-2f8">
         <name>.debug_info</name>
         <load_address>0x86c5</load_address>
         <run_address>0x86c5</run_address>
         <size>0x1cd</size>
         <input_file_ref idref="fl-b"/>
      </object_component>
      <object_component id="oc-14a">
         <name>.debug_info</name>
         <load_address>0x8892</load_address>
         <run_address>0x8892</run_address>
         <size>0x8a1</size>
         <input_file_ref idref="fl-c"/>
      </object_component>
      <object_component id="oc-83">
         <name>.debug_info</name>
         <load_address>0x9133</load_address>
         <run_address>0x9133</run_address>
         <size>0x3aa</size>
         <input_file_ref idref="fl-c"/>
      </object_component>
      <object_component id="oc-15f">
         <name>.debug_info</name>
         <load_address>0x94dd</load_address>
         <run_address>0x94dd</run_address>
         <size>0xeb</size>
         <input_file_ref idref="fl-c"/>
      </object_component>
      <object_component id="oc-17b">
         <name>.debug_info</name>
         <load_address>0x95c8</load_address>
         <run_address>0x95c8</run_address>
         <size>0xeb</size>
         <input_file_ref idref="fl-c"/>
      </object_component>
      <object_component id="oc-17e">
         <name>.debug_info</name>
         <load_address>0x96b3</load_address>
         <run_address>0x96b3</run_address>
         <size>0xeb</size>
         <input_file_ref idref="fl-c"/>
      </object_component>
      <object_component id="oc-165">
         <name>.debug_info</name>
         <load_address>0x979e</load_address>
         <run_address>0x979e</run_address>
         <size>0x12e</size>
         <input_file_ref idref="fl-c"/>
      </object_component>
      <object_component id="oc-171">
         <name>.debug_info</name>
         <load_address>0x98cc</load_address>
         <run_address>0x98cc</run_address>
         <size>0xeb</size>
         <input_file_ref idref="fl-c"/>
      </object_component>
      <object_component id="oc-162">
         <name>.debug_info</name>
         <load_address>0x99b7</load_address>
         <run_address>0x99b7</run_address>
         <size>0xf9</size>
         <input_file_ref idref="fl-c"/>
      </object_component>
      <object_component id="oc-168">
         <name>.debug_info</name>
         <load_address>0x9ab0</load_address>
         <run_address>0x9ab0</run_address>
         <size>0xed</size>
         <input_file_ref idref="fl-c"/>
      </object_component>
      <object_component id="oc-8a">
         <name>.debug_info</name>
         <load_address>0x9b9d</load_address>
         <run_address>0x9b9d</run_address>
         <size>0x4a64</size>
         <input_file_ref idref="fl-c"/>
      </object_component>
      <object_component id="oc-2b6">
         <name>.debug_info</name>
         <load_address>0xe601</load_address>
         <run_address>0xe601</run_address>
         <size>0x131</size>
         <input_file_ref idref="fl-c"/>
      </object_component>
      <object_component id="oc-93">
         <name>.debug_info</name>
         <load_address>0xe732</load_address>
         <run_address>0xe732</run_address>
         <size>0x3dd</size>
         <input_file_ref idref="fl-e"/>
      </object_component>
      <object_component id="oc-86">
         <name>.debug_info</name>
         <load_address>0xeb0f</load_address>
         <run_address>0xeb0f</run_address>
         <size>0x118</size>
         <input_file_ref idref="fl-e"/>
      </object_component>
      <object_component id="oc-90">
         <name>.debug_info</name>
         <load_address>0xec27</load_address>
         <run_address>0xec27</run_address>
         <size>0xff</size>
         <input_file_ref idref="fl-e"/>
      </object_component>
      <object_component id="oc-30">
         <name>.debug_info</name>
         <load_address>0xed26</load_address>
         <run_address>0xed26</run_address>
         <size>0x722</size>
         <input_file_ref idref="fl-e"/>
      </object_component>
      <object_component id="oc-2c">
         <name>.debug_info</name>
         <load_address>0xf448</load_address>
         <run_address>0xf448</run_address>
         <size>0x250</size>
         <input_file_ref idref="fl-f"/>
      </object_component>
      <object_component id="oc-2c5">
         <name>.debug_info</name>
         <load_address>0xf698</load_address>
         <run_address>0xf698</run_address>
         <size>0x3ec</size>
         <input_file_ref idref="fl-10"/>
      </object_component>
      <object_component id="oc-2c2">
         <name>.debug_info</name>
         <load_address>0xfa84</load_address>
         <run_address>0xfa84</run_address>
         <size>0xe6</size>
         <input_file_ref idref="fl-10"/>
      </object_component>
      <object_component id="oc-2bf">
         <name>.debug_info</name>
         <load_address>0xfb6a</load_address>
         <run_address>0xfb6a</run_address>
         <size>0xe6</size>
         <input_file_ref idref="fl-10"/>
      </object_component>
      <object_component id="oc-2bc">
         <name>.debug_info</name>
         <load_address>0xfc50</load_address>
         <run_address>0xfc50</run_address>
         <size>0x19a</size>
         <input_file_ref idref="fl-10"/>
      </object_component>
      <object_component id="oc-155">
         <name>.debug_info</name>
         <load_address>0xfdea</load_address>
         <run_address>0xfdea</run_address>
         <size>0x7fb</size>
         <input_file_ref idref="fl-10"/>
      </object_component>
      <object_component id="oc-389">
         <name>.debug_info</name>
         <load_address>0x105e5</load_address>
         <run_address>0x105e5</run_address>
         <size>0x62</size>
         <input_file_ref idref="fl-10"/>
      </object_component>
      <object_component id="oc-214">
         <name>.debug_info</name>
         <load_address>0x10647</load_address>
         <run_address>0x10647</run_address>
         <size>0x266</size>
         <input_file_ref idref="fl-13"/>
      </object_component>
      <object_component id="oc-211">
         <name>.debug_info</name>
         <load_address>0x108ad</load_address>
         <run_address>0x108ad</run_address>
         <size>0xe6</size>
         <input_file_ref idref="fl-13"/>
      </object_component>
      <object_component id="oc-ec">
         <name>.debug_info</name>
         <load_address>0x10993</load_address>
         <run_address>0x10993</run_address>
         <size>0x2b3</size>
         <input_file_ref idref="fl-13"/>
      </object_component>
      <object_component id="oc-1e9">
         <name>.debug_info</name>
         <load_address>0x10c46</load_address>
         <run_address>0x10c46</run_address>
         <size>0x331</size>
         <input_file_ref idref="fl-16"/>
      </object_component>
      <object_component id="oc-23e">
         <name>.debug_info</name>
         <load_address>0x10f77</load_address>
         <run_address>0x10f77</run_address>
         <size>0x355</size>
         <input_file_ref idref="fl-1f"/>
      </object_component>
      <object_component id="oc-235">
         <name>.debug_info</name>
         <load_address>0x112cc</load_address>
         <run_address>0x112cc</run_address>
         <size>0xf5</size>
         <input_file_ref idref="fl-1f"/>
      </object_component>
      <object_component id="oc-238">
         <name>.debug_info</name>
         <load_address>0x113c1</load_address>
         <run_address>0x113c1</run_address>
         <size>0xf7</size>
         <input_file_ref idref="fl-1f"/>
      </object_component>
      <object_component id="oc-23b">
         <name>.debug_info</name>
         <load_address>0x114b8</load_address>
         <run_address>0x114b8</run_address>
         <size>0xe9</size>
         <input_file_ref idref="fl-1f"/>
      </object_component>
      <object_component id="oc-f9">
         <name>.debug_info</name>
         <load_address>0x115a1</load_address>
         <run_address>0x115a1</run_address>
         <size>0x3118</size>
         <input_file_ref idref="fl-1f"/>
      </object_component>
      <object_component id="oc-20f">
         <name>.debug_info</name>
         <load_address>0x146b9</load_address>
         <run_address>0x146b9</run_address>
         <size>0x332</size>
         <input_file_ref idref="fl-22"/>
      </object_component>
      <object_component id="oc-1fd">
         <name>.debug_info</name>
         <load_address>0x149eb</load_address>
         <run_address>0x149eb</run_address>
         <size>0xe4</size>
[...]
         <object_component_ref idref="oc-a4"/>
      </symbol>
      <symbol id="sm-9fd">
         <name>UARTDMAEnable</name>
         <value>0x6ec5</value>
         <object_component_ref idref="oc-a4"/>
      </symbol>
      <symbol id="sm-9fe">
         <name>UARTTxIntModeSet</name>
         <value>0x6d01</value>
         <object_component_ref idref="oc-a4"/>
      </symbol>
      <symbol id="sm-9ff">
         <name>UARTFIFODisable</name>
         <value>0x6baf</value>
         <object_component_ref idref="oc-a4"/>
      </symbol>
      <symbol id="sm-a00">
         <name>UARTIntUnregister</name>
         <value>0x6e45</value>
         <object_component_ref idref="oc-a4"/>
      </symbol>
      <symbol id="sm-a01">
         <name>UARTRxErrorClear</name>
         <value>0x6f07</value>
         <object_component_ref idref="oc-a4"/>
      </symbol>
      <symbol id="sm-a02">
         <name>UARTModemControlSet</name>
         <value>0x6c51</value>
         <object_component_ref idref="oc-a4"/>
      </symbol>
      <symbol id="sm-a03">
         <name>UARTFlowControlSet</name>
         <value>0x6cd3</value>
         <object_component_ref idref="oc-a4"/>
      </symbol>
      <symbol id="sm-a04">
         <name>UARTConfigSetExpClk</name>
         <value>0x6a89</value>
         <object_component_ref idref="oc-a4"/>
      </symbol>
      <symbol id="sm-a05">
         <name>UARTSmartCardDisable</name>
         <value>0x6c3b</value>
         <object_component_ref idref="oc-a4"/>
      </symbol>
      <symbol id="sm-a06">
         <name>UARTDisable</name>
         <value>0x6b6f</value>
         <object_component_ref idref="oc-a4"/>
      </symbol>
      <symbol id="sm-a07">
         <name>UART9BitDisable</name>
         <value>0x6f51</value>
         <object_component_ref idref="oc-a4"/>
      </symbol>
      <symbol id="sm-a08">
         <name>UARTFIFOLevelGet</name>
         <value>0x6a61</value>
         <object_component_ref idref="oc-a4"/>
      </symbol>
      <symbol id="sm-a09">
         <name>UARTBusy</name>
         <value>0x6e09</value>
         <object_component_ref idref="oc-a4"/>
      </symbol>
      <symbol id="sm-a0a">
         <name>UARTDisableSIR</name>
         <value>0x6bf3</value>
         <object_component_ref idref="oc-a4"/>
      </symbol>
      <symbol id="sm-a0b">
         <name>UARTLoopbackEnable</name>
         <value>0x6fd5</value>
         <object_component_ref idref="oc-a4"/>
      </symbol>
      <symbol id="sm-a0c">
         <name>UARTIntEnable</name>
         <value>0x6e65</value>
         <object_component_ref idref="oc-a4"/>
      </symbol>
      <symbol id="sm-a0d">
         <name>UARTCharsAvail</name>
         <value>0x6d2f</value>
         <object_component_ref idref="oc-a4"/>
      </symbol>
      <symbol id="sm-a0e">
         <name>UARTCharGetNonBlocking</name>
         <value>0x6d6b</value>
         <object_component_ref idref="oc-a4"/>
      </symbol>
      <symbol id="sm-a0f">
         <name>UARTClockSourceSet</name>
         <value>0x6f17</value>
         <object_component_ref idref="oc-a4"/>
      </symbol>
      <symbol id="sm-a10">
         <name>UARTTxIntModeGet</name>
         <value>0x6d1d</value>
         <object_component_ref idref="oc-a4"/>
      </symbol>
      <symbol id="sm-a11">
         <name>UARTModemStatusGet</name>
         <value>0x6cbf</value>
         <object_component_ref idref="oc-a4"/>
      </symbol>
      <symbol id="sm-a12">
         <name>UARTIntDisable</name>
         <value>0x6e7d</value>
         <object_component_ref idref="oc-a4"/>
      </symbol>
      <symbol id="sm-a13">
         <name>UARTCharPut</name>
         <value>0x6dc1</value>
         <object_component_ref idref="oc-a4"/>
      </symbol>
      <symbol id="sm-a14">
         <name>UARTParityModeSet</name>
         <value>0x6a1b</value>
         <object_component_ref idref="oc-a4"/>
      </symbol>
      <symbol id="sm-a15">
         <name>UARTRxErrorGet</name>
         <value>0x6ef5</value>
         <object_component_ref idref="oc-a4"/>
      </symbol>
      <symbol id="sm-a16">
         <name>UARTConfigGetExpClk</name>
         <value>0x6aff</value>
         <object_component_ref idref="oc-a4"/>
      </symbol>
      <symbol id="sm-a17">
         <name>UARTEnableSIR</name>
         <value>0x6bc5</value>
         <object_component_ref idref="oc-a4"/>
      </symbol>
      <symbol id="sm-a18">
         <name>UARTEnable</name>
         <value>0x6b4b</value>
         <object_component_ref idref="oc-a4"/>
      </symbol>
      <symbol id="sm-a19">
         <name>UART9BitAddrSend</name>
         <value>0x6f8d</value>
         <object_component_ref idref="oc-a4"/>
      </symbol>
      <symbol id="sm-a1a">
         <name>UARTModemControlGet</name>
         <value>0x6cad</value>
         <object_component_ref idref="oc-a4"/>
      </symbol>
      <symbol id="sm-a1b">
         <name>UARTSmartCardEnable</name>
         <value>0x6c09</value>
         <object_component_ref idref="oc-a4"/>
      </symbol>
      <symbol id="sm-a1c">
         <name>UARTFlowControlGet</name>
         <value>0x6cef</value>
         <object_component_ref idref="oc-a4"/>
      </symbol>
      <symbol id="sm-a1d">
         <name>UARTFIFOEnable</name>
         <value>0x6b99</value>
         <object_component_ref idref="oc-a4"/>
      </symbol>
      <symbol id="sm-a1e">
         <name>UARTIntClear</name>
         <value>0x6eb3</value>
         <object_component_ref idref="oc-a4"/>
      </symbol>
      <symbol id="sm-a1f">
         <name>UARTIntStatus</name>
         <value>0x6e95</value>
         <object_component_ref idref="oc-a4"/>
      </symbol>
      <symbol id="sm-a20">
         <name>UARTDMADisable</name>
         <value>0x6edd</value>
         <object_component_ref idref="oc-a4"/>
      </symbol>
      <symbol id="sm-a21">
         <name>UART9BitEnable</name>
         <value>0x6f3b</value>
         <object_component_ref idref="oc-a4"/>
      </symbol>
      <symbol id="sm-a22">
         <name>UARTSpaceAvail</name>
         <value>0x6d4d</value>
         <object_component_ref idref="oc-a4"/>
      </symbol>
      <symbol id="sm-a23">
         <name>UARTCharGet</name>
         <value>0x6d87</value>
         <object_component_ref idref="oc-a4"/>
      </symbol>
      <symbol id="sm-a24">
         <name>UARTFIFOLevelSet</name>
         <value>0x6a49</value>
         <object_component_ref idref="oc-a4"/>
      </symbol>
      <symbol id="sm-a25">
         <name>UARTModemControlClear</name>
         <value>0x6c89</value>
         <object_component_ref idref="oc-a4"/>
      </symbol>
      <symbol id="sm-a26">
         <name>UARTParityModeGet</name>
         <value>0x6a37</value>
         <object_component_ref idref="oc-a4"/>
      </symbol>
      <symbol id="sm-a27">
         <name>UARTIntRegister</name>
         <value>0x6e27</value>
         <object_component_ref idref="oc-a4"/>
      </symbol>
      <symbol id="sm-a28">
         <name>UARTBreakCtl</name>
         <value>0x6ddf</value>
         <object_component_ref idref="oc-a4"/>
      </symbol>
      <symbol id="sm-a29">
         <name>UART9BitAddrSet</name>
         <value>0x6f67</value>
         <object_component_ref idref="oc-a4"/>
      </symbol>
      <symbol id="sm-a64">
         <name>GetOverflowCounts</name>
         <value>0x990d</value>
         <object_component_ref idref="oc-173"/>
      </symbol>
      <symbol id="sm-a65">
         <name>vConfigureTimerForRunTimeStats</name>
         <value>0x9449</value>
         <object_component_ref idref="oc-16a"/>
      </symbol>
      <symbol id="sm-a8a">
         <name>CmdLineProcess</name>
         <value>0x9075</value>
         <object_component_ref idref="oc-256"/>
      </symbol>
      <symbol id="sm-ab6">
         <name>CPUUsageInit</name>
         <value>0x8e3b</value>
         <object_component_ref idref="oc-d8"/>
      </symbol>
      <symbol id="sm-ab7">
         <name>CPUUsageTick</name>
         <value>0x8dfd</value>
         <object_component_ref idref="oc-d8"/>
      </symbol>
      <symbol id="sm-bac">
         <name>UARTTxBytesFree</name>
         <value>0x3f4f</value>
         <object_component_ref idref="oc-35"/>
      </symbol>
      <symbol id="sm-bad">
         <name>UARTFlushRx</name>
         <value>0x3f5b</value>
         <object_component_ref idref="oc-35"/>
      </symbol>
      <symbol id="sm-bae">
         <name>UARTgetc</name>
         <value>0x3bfd</value>
         <object_component_ref idref="oc-35"/>
      </symbol>
      <symbol id="sm-baf">
         <name>UARTgets</name>
         <value>0x37e1</value>
         <object_component_ref idref="oc-35"/>
      </symbol>
      <symbol id="sm-bb0">
         <name>UARTFlushTx</name>
         <value>0x3f69</value>
         <object_component_ref idref="oc-35"/>
      </symbol>
      <symbol id="sm-bb1">
         <name>UARTStdioConfig</name>
         <value>0x3669</value>
         <object_component_ref idref="oc-35"/>
      </symbol>
      <symbol id="sm-bb2">
         <name>UARTStdioIntHandler</name>
         <value>0x3fb7</value>
         <object_component_ref idref="oc-35"/>
      </symbol>
      <symbol id="sm-bb3">
         <name>UARTRxBytesAvail</name>
         <value>0x3f43</value>
         <object_component_ref idref="oc-35"/>
      </symbol>
      <symbol id="sm-bb4">
         <name>UARTwrite</name>
         <value>0x374f</value>
         <object_component_ref idref="oc-35"/>
      </symbol>
      <symbol id="sm-bb5">
         <name>UARTEchoSet</name>
         <value>0x3f8f</value>
         <object_component_ref idref="oc-35"/>
      </symbol>
      <symbol id="sm-bb6">
         <name>UARTprintf</name>
         <value>0x3f1f</value>
         <object_component_ref idref="oc-35"/>
      </symbol>
      <symbol id="sm-bb7">
         <name>UARTvprintf</name>
         <value>0x3c25</value>
         <object_component_ref idref="oc-35"/>
      </symbol>
      <symbol id="sm-bc6">
         <name>__aeabi_memset</name>
         <value>0x9361</value>
         <object_component_ref idref="oc-130"/>
      </symbol>
      <symbol id="sm-bc7">
         <name>memset</name>
         <value>0x9367</value>
         <object_component_ref idref="oc-130"/>
      </symbol>
      <symbol id="sm-bc8">
         <name>__aeabi_memset8</name>
         <value>0x9361</value>
         <object_component_ref idref="oc-130"/>
      </symbol>
      <symbol id="sm-bc9">
         <name>__aeabi_memset4</name>
         <value>0x9361</value>
         <object_component_ref idref="oc-130"/>
      </symbol>
      <symbol id="sm-bca">
         <name>__aeabi_memclr8</name>
         <value>0x935f</value>
         <object_component_ref idref="oc-130"/>
      </symbol>
      <symbol id="sm-bcb">
         <name>__aeabi_memclr4</name>
         <value>0x935f</value>
         <object_component_ref idref="oc-130"/>
      </symbol>
      <symbol id="sm-bcc">
         <name>__aeabi_memclr</name>
         <value>0x935f</value>
         <object_component_ref idref="oc-130"/>
      </symbol>
      <symbol id="sm-bdb">
         <name>__aeabi_uidivmod</name>
         <value>0x9751</value>
         <object_component_ref idref="oc-bf"/>
      </symbol>
      <symbol id="sm-bdc">
         <name>__aeabi_uidiv</name>
         <value>0x9751</value>
         <object_component_ref idref="oc-bf"/>
      </symbol>
      <symbol id="sm-bf3">
         <name>__aeabi_dsub</name>
         <value>0x8215</value>
         <object_component_ref idref="oc-21f"/>
      </symbol>
      <symbol id="sm-bf4">
         <name>__aeabi_dadd</name>
         <value>0x821f</value>
         <object_component_ref idref="oc-21f"/>
      </symbol>
      <symbol id="sm-c16">
         <name>__aeabi_cdcmpeq</name>
         <value>0x9253</value>
         <object_component_ref idref="oc-229"/>
      </symbol>
      <symbol id="sm-c17">
         <name>__aeabi_cdcmple</name>
         <value>0x9253</value>
         <object_component_ref idref="oc-229"/>
      </symbol>
      <symbol id="sm-c18">
         <name>__aeabi_cdrcmple</name>
         <value>0x92d9</value>
         <object_component_ref idref="oc-22e"/>
      </symbol>
      <symbol id="sm-c2c">
         <name>__aeabi_ddiv</name>
         <value>0x8509</value>
         <object_component_ref idref="oc-21a"/>
      </symbol>
      <symbol id="sm-c36">
         <name>__aeabi_d2iz</name>
         <value>0x96c5</value>
         <object_component_ref idref="oc-224"/>
      </symbol>
      <symbol id="sm-c51">
         <name>memcpy</name>
         <value>0x9121</value>
         <object_component_ref idref="oc-4f"/>
      </symbol>
      <symbol id="sm-c52">
         <name>__aeabi_memcpy</name>
         <value>0x9121</value>
         <object_component_ref idref="oc-4f"/>
      </symbol>
      <symbol id="sm-c53">
         <name>__aeabi_memcpy8</name>
         <value>0x9121</value>
         <object_component_ref idref="oc-4f"/>
      </symbol>
      <symbol id="sm-c54">
         <name>__aeabi_memcpy4</name>
         <value>0x9121</value>
         <object_component_ref idref="oc-4f"/>
      </symbol>
      <symbol id="sm-c5e">
         <name>__aeabi_ui2d</name>
         <value>0x9931</value>
         <object_component_ref idref="oc-215"/>
      </symbol>
      <symbol id="sm-c70">
         <name>__TI_zero_init</name>
         <value>0x9a0f</value>
         <object_component_ref idref="oc-61"/>
      </symbol>
      <symbol id="sm-c87">
         <name>__TI_decompress_none</name>
         <value>0x9a01</value>
         <object_component_ref idref="oc-18"/>
      </symbol>
      <symbol id="sm-caa">
         <name>__TI_decompress_lzss</name>
         <value>0x94b1</value>
         <object_component_ref idref="oc-12"/>
      </symbol>
      <symbol id="sm-cd1">
         <name>sprintf</name>
         <value>0x9791</value>
         <object_component_ref idref="oc-18c"/>
      </symbol>
      <symbol id="sm-ce0">
         <name>strcmp</name>
         <value>0x9985</value>
         <object_component_ref idref="oc-34b"/>
      </symbol>
      <symbol id="sm-cee">
         <name>strcpy</name>
         <value>0x99c7</value>
         <object_component_ref idref="oc-180"/>
      </symbol>
      <symbol id="sm-cfc">
         <name>strlen</name>
         <value>0x99db</value>
         <object_component_ref idref="oc-186"/>
      </symbol>
      <symbol id="sm-d0c">
         <name>strncmp</name>
         <value>0x98b3</value>
         <object_component_ref idref="oc-250"/>
      </symbol>
      <symbol id="sm-d2c">
         <name>strtoul</name>
         <value>0x8bf1</value>
         <object_component_ref idref="oc-24a"/>
      </symbol>
      <symbol id="sm-d42">
         <name>__aeabi_errno_addr</name>
         <value>0x9a25</value>
         <object_component_ref idref="oc-33e"/>
      </symbol>
      <symbol id="sm-d43">
         <name>errno</name>
         <value>0x20005a00</value>
         <object_component_ref idref="oc-3ee"/>
      </symbol>
      <symbol id="sm-d56">
         <name>__stack</name>
         <value>0x200056e8</value>
         <object_component_ref idref="oc-21"/>
      </symbol>
      <symbol id="sm-d57">
         <name>_c_int00_noargs</name>
         <value>0x984d</value>
         <object_component_ref idref="oc-6d"/>
      </symbol>
      <symbol id="sm-d61">
         <name>__aeabi_idiv0</name>
         <value>0x4b1f</value>
         <object_component_ref idref="oc-1ca"/>
      </symbol>
      <symbol id="sm-d62">
         <name>__aeabi_ldiv0</name>
         <value>0x4b1f</value>
         <object_component_ref idref="oc-1ca"/>
      </symbol>
      <symbol id="sm-d8a">
         <name>__TI_auto_init_nobinit_nopinit</name>
         <value>0x970d</value>
         <object_component_ref idref="oc-27d"/>
      </symbol>
      <symbol id="sm-d94">
         <name>_system_pre_init</name>
         <value>0x9a33</value>
         <object_component_ref idref="oc-136"/>
      </symbol>
      <symbol id="sm-da0">
         <name>C$$EXIT</name>
         <value>0x9a37</value>
         <object_component_ref idref="oc-271"/>
      </symbol>
      <symbol id="sm-da1">
         <name>abort</name>
         <value>0x9a37</value>
         <object_component_ref idref="oc-271"/>
      </symbol>
      <symbol id="sm-f07">
         <name>__TI_printfi</name>
         <value>0x40c1</value>
         <object_component_ref idref="oc-2e1"/>
      </symbol>
      <symbol id="sm-f1e">
         <name>atoi</name>
         <value>0x9679</value>
         <object_component_ref idref="oc-3a0"/>
      </symbol>
      <symbol id="sm-f29">
         <name>_ctypes_</name>
         <value>0x9da4</value>
         <object_component_ref idref="oc-344"/>
      </symbol>
      <symbol id="sm-f38">
         <name>ltoa</name>
         <value>0x95d3</value>
         <object_component_ref idref="oc-434"/>
      </symbol>
      <symbol id="sm-f48">
         <name>memccpy</name>
         <value>0x9951</value>
         <object_component_ref idref="oc-3c4"/>
      </symbol>
      <symbol id="sm-f58">
         <name>strchr</name>
         <value>0x999d</value>
         <object_component_ref idref="oc-466"/>
      </symbol>
      <symbol id="sm-f78">
         <name>frexpl</name>
         <value>0x9519</value>
         <object_component_ref idref="oc-45a"/>
      </symbol>
      <symbol id="sm-f79">
         <name>frexp</name>
         <value>0x9519</value>
         <object_component_ref idref="oc-45a"/>
      </symbol>
      <symbol id="sm-f96">
         <name>scalbn</name>
         <value>0x8ae1</value>
         <object_component_ref idref="oc-460"/>
      </symbol>
      <symbol id="sm-f97">
         <name>scalbnl</name>
         <value>0x8ae1</value>
         <object_component_ref idref="oc-460"/>
      </symbol>
      <symbol id="sm-f98">
         <name>ldexpl</name>
         <value>0x8ae1</value>
         <object_component_ref idref="oc-460"/>
      </symbol>
      <symbol id="sm-f99">
         <name>ldexp</name>
         <value>0x8ae1</value>
         <object_component_ref idref="oc-460"/>
      </symbol>
      <symbol id="sm-fb2">
         <name>wcslen</name>
         <value>0x99ef</value>
         <object_component_ref idref="oc-3ca"/>
      </symbol>
      <symbol id="sm-fbc">
         <name>copysign</name>
         <value>0x99b3</value>
         <object_component_ref idref="oc-4b0"/>
      </symbol>
      <symbol id="sm-fbd">
         <name>copysignl</name>
         <value>0x99b3</value>
         <object_component_ref idref="oc-4b0"/>
      </symbol>
      <symbol id="sm-fca">
         <name>__aeabi_uldivmod</name>
         <value>0x91bd</value>
         <object_component_ref idref="oc-429"/>
      </symbol>
      <symbol id="sm-fd5">
         <name>__aeabi_dmul</name>
         <value>0x8d01</value>
         <object_component_ref idref="oc-42f"/>
      </symbol>
      <symbol id="sm-fdf">
         <name>__aeabi_i2d</name>
         <value>0x9885</value>
         <object_component_ref idref="oc-43a"/>
      </symbol>
      <symbol id="sm-fe0">
         <name>__TI_static_base__</name>
         <value>0x0</value>
      </symbol>
      <symbol id="sm-fe3">
         <name>__mpu_init</name>
         <value>0x0</value>
      </symbol>
      <symbol id="sm-fe4">
         <name>_system_post_cinit</name>
         <value>0x0</value>
      </symbol>
   </symbol_table>
   <title>Link successful</title>
</link_info>
