******************************************************************************
                  TI ARM Linker Unix v16.9.1                   
******************************************************************************
>> Linked Thu Oct 18 15:46:57 2018

OUTPUT FILE NAME:   <Tutorial3PWM.out>
ENTRY POINT SYMBOL: "_c_int00"  address: 00002a25


MEMORY CONFIGURATION

         name            origin    length      used     unused   attr    fill
----------------------  --------  ---------  --------  --------  ----  --------
  FLASH                 00000000   00040000  00003224  0003cddc  R  X
  SRAM                  20000000   00008000  00000484  00007b7c  RW X


SEGMENT ALLOCATION MAP

run origin  load origin   length   init length attrs members
----------  ----------- ---------- ----------- ----- -------
00000000    00000000    00003228   00003228    r-x
  00000000    00000000    0000026c   0000026c    r-- .intvecs
  0000026c    0000026c    00002948   00002948    r-x .text
  00002bb4    00002bb4    00000638   00000638    r-- .const
  000031f0    000031f0    00000038   00000038    r-- .cinit
20000000    20000000    00000484   00000000    rw-
  20000000    20000000    0000026c   00000000    rw- .vtable
  2000026c    2000026c    00000200   00000000    rw- .stack
  2000046c    2000046c    00000018   00000000    rw- .data


SECTION ALLOCATION MAP

 output                                  attributes/
section   page    origin      length       input sections
--------  ----  ----------  ----------   ----------------
.intvecs   0    00000000    0000026c     
                  00000000    0000026c     tm4c123gh6pm_startup_ccs.obj (.intvecs)

.text      0    0000026c    00002948     
                  0000026c    00000f88     sysctl.obj (.text)
                  000011f4    00000ba0     gpio.obj (.text)
                  00001d94    00000656     timer.obj (.text)
                  000023ea    00000002     rtsv7M4_T_le_v4SPD16_eabi.lib : mpu_init.obj (.text)
                  000023ec    000003c0     interrupt.obj (.text)
                  000027ac    0000009c     rtsv7M4_T_le_v4SPD16_eabi.lib : memcpy_t2.obj (.text)
                  00002848    00000088     Tutorial3PWM.obj (.text)
                  000028d0    0000007a     rtsv7M4_T_le_v4SPD16_eabi.lib : memset_t2.obj (.text)
                  0000294a    00000002                                   : startup.obj (.text)
                  0000294c    00000070                                   : autoinit.obj (.text)
                  000029bc    00000068                                   : copy_decompress_lzss.obj (.text:decompress:lzss)
                  00002a24    00000054                                   : boot.obj (.text)
                  00002a78    00000054                                   : exit.obj (.text)
                  00002acc    0000004c                                   : cpy_tbl.obj (.text)
                  00002b18    0000003e     cpu.obj (.text)
                  00002b56    00000002     --HOLE-- [fill = 0]
                  00002b58    00000018     rtsv7M4_T_le_v4SPD16_eabi.lib : args_main.obj (.text)
                  00002b70    00000014                                   : _lock.obj (.text)
                  00002b84    0000000e                                   : copy_decompress_none.obj (.text:decompress:none)
                  00002b92    0000000c                                   : copy_zero_init.obj (.text:decompress:ZI)
                  00002b9e    0000000c     tm4c123gh6pm_startup_ccs.obj (.text)
                  00002baa    00000006     sysctl.obj (.text:SysCtlDelay)
                  00002bb0    00000004     rtsv7M4_T_le_v4SPD16_eabi.lib : pre_init.obj (.text)

.const     0    00002bb4    00000638     
                  00002bb4    000001b0     sysctl.obj (.const:g_pppui32XTALtoVCO)
                  00002d64    000000d8     gpio.obj (.const:g_ppui32GPIOIntMapSnowflake)
                  00002e3c    000000c0     gpio.obj (.const:g_ppui32GPIOIntMapBlizzard)
                  00002efc    0000009c     interrupt.obj (.const:g_pui32Regs)
                  00002f98    00000090     gpio.obj (.const:g_pui32GPIOBaseAddrs)
                  00003028    0000006c     sysctl.obj (.const:g_pui32Xtals)
                  00003094    00000060     timer.obj (.const:g_ppui32TimerIntMap)
                  000030f4    00000040     timer.obj (.const:g_ppui32TimerIntMapSnowflake)
                  00003134    00000030     sysctl.obj (.const:g_sXTALtoMEMTIM)
                  00003164    00000020     interrupt.obj (.const:g_pui32Priority)
                  00003184    00000014     interrupt.obj (.const:g_pui32Dii16Regs)
                  00003198    00000014     interrupt.obj (.const:g_pui32EnRegs)
                  000031ac    00000014     interrupt.obj (.const:g_pui32PendRegs)
                  000031c0    00000014     interrupt.obj (.const:g_pui32UnpendRegs)
                  000031d4    00000008     sysctl.obj (.const:g_pui32VCOFrequencies)
                  000031dc    00000008     gpio.obj (.const)
                  000031e4    00000008     timer.obj (.const)

.cinit     0    000031f0    00000038     
                  000031f0    00000011     (.cinit..data.load) [load image, compression = lzss]
                  00003201    00000003     --HOLE-- [fill = 0]
                  00003204    0000000c     (__TI_handler_table)
                  00003210    00000008     (.cinit..vtable.load) [load image, compression = zero_init]
                  00003218    00000010     (__TI_cinit_table)

.init_array 
*          0    00000000    00000000     UNINITIALIZED

.vtable    0    20000000    0000026c     UNINITIALIZED
                  20000000    0000026c     interrupt.obj (.vtable)

.data      0    2000046c    00000018     UNINITIALIZED
                  2000046c    0000000c     rtsv7M4_T_le_v4SPD16_eabi.lib : exit.obj (.data:$O1$$)
                  20000478    00000008                                   : _lock.obj (.data:$O1$$)
                  20000480    00000004                                   : stkdepth_vars.obj (.data)

.stack     0    2000026c    00000200     UNINITIALIZED
                  2000026c    00000200     --HOLE--

MODULE SUMMARY

       Module                         code    ro data   rw data
       ------                         ----    -------   -------
    ./
       tm4c123gh6pm_startup_ccs.obj   12      620       0      
       Tutorial3PWM.obj               136     0         0      
    +--+------------------------------+-------+---------+---------+
       Total:                         148     620       0      
                                                               
    ./driverlib/
       sysctl.obj                     3982    596       0      
       gpio.obj                       2976    560       0      
       interrupt.obj                  960     268       620    
       timer.obj                      1622    168       0      
       cpu.obj                        62      0         0      
    +--+------------------------------+-------+---------+---------+
       Total:                         9602    1592      620    
                                                               
    /opt/ti/ccs7/ccsv7/tools/compiler/ti-cgt-arm_16.9.1.LTS/lib/rtsv7M4_T_le_v4SPD16_eabi.lib
       memcpy_t2.obj                  156     0         0      
       memset_t2.obj                  122     0         0      
       autoinit.obj                   112     0         0      
       copy_decompress_lzss.obj       104     0         0      
       exit.obj                       84      0         12     
       boot.obj                       84      0         0      
       cpy_tbl.obj                    76      0         0      
       _lock.obj                      20      0         8      
       args_main.obj                  24      0         0      
       copy_decompress_none.obj       14      0         0      
       copy_zero_init.obj             12      0         0      
       pre_init.obj                   4       0         0      
       stkdepth_vars.obj              0       0         4      
       mpu_init.obj                   2       0         0      
       startup.obj                    2       0         0      
    +--+------------------------------+-------+---------+---------+
       Total:                         816     0         24     
                                                               
       Stack:                         0       0         512    
       Linker Generated:              0       53        0      
    +--+------------------------------+-------+---------+---------+
       Grand Total:                   10566   2265      1156   


LINKER GENERATED COPY TABLES

__TI_cinit_table @ 00003218 records: 2, size/record: 8, table size: 16
	.data: load addr=000031f0, load size=00000011 bytes, run addr=2000046c, run size=00000018 bytes, compression=lzss
	.vtable: load addr=00003210, load size=00000008 bytes, run addr=20000000, run size=0000026c bytes, compression=zero_init


LINKER GENERATED HANDLER TABLE

__TI_handler_table @ 00003204 records: 3, size/record: 4, table size: 12
	index: 0, handler: __TI_zero_init
	index: 1, handler: __TI_decompress_lzss
	index: 2, handler: __TI_decompress_none


GLOBAL SYMBOLS: SORTED ALPHABETICALLY BY Name 

address   name                            
-------   ----                            
00002a79  C$$EXIT                         
00002b4d  CPUbasepriGet                   
00002b3f  CPUbasepriSet                   
00002b19  CPUcpsid                        
00002b2f  CPUcpsie                        
00002b25  CPUprimask                      
00002b3b  CPUwfi                          
00001d6d  GPIOADCTriggerDisable           
00001d4f  GPIOADCTriggerEnable            
00001d31  GPIODMATriggerDisable           
00001d13  GPIODMATriggerEnable            
000012b3  GPIODirModeGet                  
00001257  GPIODirModeSet                  
00001823  GPIOIntClear                    
000017e7  GPIOIntDisable                  
000017cd  GPIOIntEnable                   
00001837  GPIOIntRegister                 
0000186f  GPIOIntRegisterPin              
00001801  GPIOIntStatus                   
000013a3  GPIOIntTypeGet                  
000012ff  GPIOIntTypeSet                  
00001855  GPIOIntUnregister               
0000189d  GPIOIntUnregisterPin            
0000167b  GPIOPadConfigGet                
00001441  GPIOPadConfigSet                
00001cb5  GPIOPinConfigure                
000018c1  GPIOPinRead                     
000018f9  GPIOPinTypeADC                  
0000191d  GPIOPinTypeCAN                  
00001941  GPIOPinTypeComparator           
00001965  GPIOPinTypeComparatorOutput     
00001989  GPIOPinTypeDIVSCLK              
000019ad  GPIOPinTypeEPI                  
000019d1  GPIOPinTypeEthernetLED          
000019f5  GPIOPinTypeEthernetMII          
00001a19  GPIOPinTypeGPIOInput            
00001a3d  GPIOPinTypeGPIOOutput           
00001a61  GPIOPinTypeGPIOOutputOD         
00001a85  GPIOPinTypeHibernateRTCCLK      
00001aa9  GPIOPinTypeI2C                  
00001acd  GPIOPinTypeI2CSCL               
00001af1  GPIOPinTypeLCD                  
00001b15  GPIOPinTypeOneWire              
00001b39  GPIOPinTypePWM                  
00001b5d  GPIOPinTypeQEI                  
00001b81  GPIOPinTypeSSI                  
00001ba5  GPIOPinTypeTimer                
00001bc9  GPIOPinTypeTrace                
00001bed  GPIOPinTypeUART                 
00001c11  GPIOPinTypeUSBAnalog            
00001c35  GPIOPinTypeUSBDigital           
00001c59  GPIOPinTypeWakeHigh             
00001c7f  GPIOPinTypeWakeLow              
00001ca5  GPIOPinWakeStatus               
000018d9  GPIOPinWrite                    
000025ad  IntDisable                      
0000253b  IntEnable                       
0000261f  IntIsEnabled                    
000023ff  IntMasterDisable                
000023ef  IntMasterEnable                 
00002715  IntPendClear                    
000026a5  IntPendSet                      
00002517  IntPriorityGet                  
0000248f  IntPriorityGroupingGet          
00002475  IntPriorityGroupingSet          
0000276f  IntPriorityMaskGet              
00002763  IntPriorityMaskSet              
000024c7  IntPrioritySet                  
0000240f  IntRegister                     
00002777  IntTrigger                      
00002461  IntUnregister                   
00002b9f  ResetISR                        
UNDEFED   SHT$$INIT_ARRAY$$Base           
UNDEFED   SHT$$INIT_ARRAY$$Limit          
000011b1  SysCtlAltClkConfig              
000008d5  SysCtlClockFreqSet              
00000d9d  SysCtlClockGet                  
00001195  SysCtlClockOutConfig            
00000bcd  SysCtlClockSet                  
000007d9  SysCtlDeepSleep                 
00000f65  SysCtlDeepSleepClockConfigSet   
00000f49  SysCtlDeepSleepClockSet         
000007b9  SysCtlDeepSleepPowerSet         
00002bab  SysCtlDelay                     
00000365  SysCtlFlashSectorSizeGet        
00000339  SysCtlFlashSizeGet              
0000103b  SysCtlGPIOAHBDisable            
0000101f  SysCtlGPIOAHBEnable             
0000074d  SysCtlIntClear                  
00000735  SysCtlIntDisable                
00000721  SysCtlIntEnable                 
000006f9  SysCtlIntRegister               
0000075d  SysCtlIntStatus                 
00000711  SysCtlIntUnregister             
0000079f  SysCtlLDODeepSleepGet           
0000078f  SysCtlLDODeepSleepSet           
00000789  SysCtlLDOSleepGet               
00000779  SysCtlLDOSleepSet               
0000080f  SysCtlMOSCConfigSet             
00001179  SysCtlNMIClear                  
00001169  SysCtlNMIStatus                 
00000825  SysCtlPIOSCCalibrate            
00001009  SysCtlPWMClockGet               
00000fef  SysCtlPWMClockSet               
000006a5  SysCtlPeripheralClockGating     
0000065d  SysCtlPeripheralDeepSleepDisable
0000060d  SysCtlPeripheralDeepSleepEnable 
00000549  SysCtlPeripheralDisable         
0000050d  SysCtlPeripheralEnable          
00000449  SysCtlPeripheralPowerOff        
0000040d  SysCtlPeripheralPowerOn         
0000038d  SysCtlPeripheralPresent         
000003cd  SysCtlPeripheralReady           
00000485  SysCtlPeripheralReset           
000005d1  SysCtlPeripheralSleepDisable    
0000058d  SysCtlPeripheralSleepEnable     
000007c9  SysCtlReset                     
00000885  SysCtlResetBehaviorGet          
00000875  SysCtlResetBehaviorSet          
000007fb  SysCtlResetCauseClear           
000007f5  SysCtlResetCauseGet             
0000032f  SysCtlSRAMSizeGet               
000007d1  SysCtlSleep                     
000007a5  SysCtlSleepPowerSet             
00001063  SysCtlUSBPLLDisable             
00001057  SysCtlUSBPLLEnable              
000010a9  SysCtlVCOGet                    
00001095  SysCtlVoltageEventClear         
00001075  SysCtlVoltageEventConfig        
00001089  SysCtlVoltageEventStatus        
00002369  TimerADCEventGet                
00002357  TimerADCEventSet                
00002085  TimerClockSourceGet             
00002069  TimerClockSourceSet             
00001e47  TimerConfigure                  
00001f67  TimerControlEvent               
00001ec3  TimerControlLevel               
00001f91  TimerControlStall               
00001ef9  TimerControlTrigger             
00001fc7  TimerControlWaitOnTrigger       
00002389  TimerDMAEventGet                
00002377  TimerDMAEventSet                
00001e29  TimerDisable                    
00001e0b  TimerEnable                     
00002333  TimerIntClear                   
000022fd  TimerIntDisable                 
000022e5  TimerIntEnable                  
0000229f  TimerIntRegister                
00002315  TimerIntStatus                  
000022c7  TimerIntUnregister              
0000214f  TimerLoadGet                    
00002189  TimerLoadGet64                  
00002125  TimerLoadSet                    
0000216b  TimerLoadSet64                  
00002233  TimerMatchGet                   
0000226d  TimerMatchGet64                 
00002209  TimerMatchSet                   
0000224f  TimerMatchSet64                 
000020bf  TimerPrescaleGet                
00002109  TimerPrescaleMatchGet           
000020db  TimerPrescaleMatchSet           
00002095  TimerPrescaleSet                
0000203d  TimerRTCDisable                 
00002027  TimerRTCEnable                  
00002345  TimerSynchronize                
00002397  TimerUpdateMode                 
000021bb  TimerValueGet                   
000021d7  TimerValueGet64                 
2000046c  __STACK_END                     
00000200  __STACK_SIZE                    
2000046c  __STACK_TOP                     
00003218  __TI_CINIT_Base                 
00003228  __TI_CINIT_Limit                
00003204  __TI_Handler_Table_Base         
00003210  __TI_Handler_Table_Limit        
0000294d  __TI_auto_init                  
2000046c  __TI_cleanup_ptr                
000029bd  __TI_decompress_lzss            
00002b85  __TI_decompress_none            
20000470  __TI_dtors_ptr                  
20000474  __TI_enable_exit_profile_output 
ffffffff  __TI_pprof_out_hndl             
ffffffff  __TI_prof_data_size             
ffffffff  __TI_prof_data_start            
00000000  __TI_static_base__              
00002b93  __TI_zero_init                  
000028d1  __aeabi_memclr                  
000028d1  __aeabi_memclr4                 
000028d1  __aeabi_memclr8                 
000027ad  __aeabi_memcpy                  
000027ad  __aeabi_memcpy4                 
000027ad  __aeabi_memcpy8                 
000028d3  __aeabi_memset                  
000028d3  __aeabi_memset4                 
000028d3  __aeabi_memset8                 
ffffffff  __binit__                       
ffffffff  __c_args__                      
000023eb  __mpu_init                      
2000026c  __stack                         
00002b59  _args_main                      
00002a25  _c_int00                        
20000478  _lock                           
00002b7f  _nop                            
00002b77  _register_lock                  
00002b71  _register_unlock                
0000294b  _system_post_cinit              
00002bb1  _system_pre_init                
2000047c  _unlock                         
00002a7d  abort                           
ffffffff  binit                           
00002acd  copy_in                         
00002a85  exit                            
20000000  g_pfnRAMVectors                 
00000000  g_pfnVectors                    
00002849  main                            
20000480  main_func_sp                    
000027ad  memcpy                          
000028d9  memset                          


GLOBAL SYMBOLS: SORTED BY Symbol Address 

address   name                            
-------   ----                            
00000000  __TI_static_base__              
00000000  g_pfnVectors                    
00000200  __STACK_SIZE                    
0000032f  SysCtlSRAMSizeGet               
00000339  SysCtlFlashSizeGet              
00000365  SysCtlFlashSectorSizeGet        
0000038d  SysCtlPeripheralPresent         
000003cd  SysCtlPeripheralReady           
0000040d  SysCtlPeripheralPowerOn         
00000449  SysCtlPeripheralPowerOff        
00000485  SysCtlPeripheralReset           
0000050d  SysCtlPeripheralEnable          
00000549  SysCtlPeripheralDisable         
0000058d  SysCtlPeripheralSleepEnable     
000005d1  SysCtlPeripheralSleepDisable    
0000060d  SysCtlPeripheralDeepSleepEnable 
0000065d  SysCtlPeripheralDeepSleepDisable
000006a5  SysCtlPeripheralClockGating     
000006f9  SysCtlIntRegister               
00000711  SysCtlIntUnregister             
00000721  SysCtlIntEnable                 
00000735  SysCtlIntDisable                
0000074d  SysCtlIntClear                  
0000075d  SysCtlIntStatus                 
00000779  SysCtlLDOSleepSet               
00000789  SysCtlLDOSleepGet               
0000078f  SysCtlLDODeepSleepSet           
0000079f  SysCtlLDODeepSleepGet           
000007a5  SysCtlSleepPowerSet             
000007b9  SysCtlDeepSleepPowerSet         
000007c9  SysCtlReset                     
000007d1  SysCtlSleep                     
000007d9  SysCtlDeepSleep                 
000007f5  SysCtlResetCauseGet             
000007fb  SysCtlResetCauseClear           
0000080f  SysCtlMOSCConfigSet             
00000825  SysCtlPIOSCCalibrate            
00000875  SysCtlResetBehaviorSet          
00000885  SysCtlResetBehaviorGet          
000008d5  SysCtlClockFreqSet              
00000bcd  SysCtlClockSet                  
00000d9d  SysCtlClockGet                  
00000f49  SysCtlDeepSleepClockSet         
00000f65  SysCtlDeepSleepClockConfigSet   
00000fef  SysCtlPWMClockSet               
00001009  SysCtlPWMClockGet               
0000101f  SysCtlGPIOAHBEnable             
0000103b  SysCtlGPIOAHBDisable            
00001057  SysCtlUSBPLLEnable              
00001063  SysCtlUSBPLLDisable             
00001075  SysCtlVoltageEventConfig        
00001089  SysCtlVoltageEventStatus        
00001095  SysCtlVoltageEventClear         
000010a9  SysCtlVCOGet                    
00001169  SysCtlNMIStatus                 
00001179  SysCtlNMIClear                  
00001195  SysCtlClockOutConfig            
000011b1  SysCtlAltClkConfig              
00001257  GPIODirModeSet                  
000012b3  GPIODirModeGet                  
000012ff  GPIOIntTypeSet                  
000013a3  GPIOIntTypeGet                  
00001441  GPIOPadConfigSet                
0000167b  GPIOPadConfigGet                
000017cd  GPIOIntEnable                   
000017e7  GPIOIntDisable                  
00001801  GPIOIntStatus                   
00001823  GPIOIntClear                    
00001837  GPIOIntRegister                 
00001855  GPIOIntUnregister               
0000186f  GPIOIntRegisterPin              
0000189d  GPIOIntUnregisterPin            
000018c1  GPIOPinRead                     
000018d9  GPIOPinWrite                    
000018f9  GPIOPinTypeADC                  
0000191d  GPIOPinTypeCAN                  
00001941  GPIOPinTypeComparator           
00001965  GPIOPinTypeComparatorOutput     
00001989  GPIOPinTypeDIVSCLK              
000019ad  GPIOPinTypeEPI                  
000019d1  GPIOPinTypeEthernetLED          
000019f5  GPIOPinTypeEthernetMII          
00001a19  GPIOPinTypeGPIOInput            
00001a3d  GPIOPinTypeGPIOOutput           
00001a61  GPIOPinTypeGPIOOutputOD         
00001a85  GPIOPinTypeHibernateRTCCLK      
00001aa9  GPIOPinTypeI2C                  
00001acd  GPIOPinTypeI2CSCL               
00001af1  GPIOPinTypeLCD                  
00001b15  GPIOPinTypeOneWire              
00001b39  GPIOPinTypePWM                  
00001b5d  GPIOPinTypeQEI                  
00001b81  GPIOPinTypeSSI                  
00001ba5  GPIOPinTypeTimer                
00001bc9  GPIOPinTypeTrace                
00001bed  GPIOPinTypeUART                 
00001c11  GPIOPinTypeUSBAnalog            
00001c35  GPIOPinTypeUSBDigital           
00001c59  GPIOPinTypeWakeHigh             
00001c7f  GPIOPinTypeWakeLow              
00001ca5  GPIOPinWakeStatus               
00001cb5  GPIOPinConfigure                
00001d13  GPIODMATriggerEnable            
00001d31  GPIODMATriggerDisable           
00001d4f  GPIOADCTriggerEnable            
00001d6d  GPIOADCTriggerDisable           
00001e0b  TimerEnable                     
00001e29  TimerDisable                    
00001e47  TimerConfigure                  
00001ec3  TimerControlLevel               
00001ef9  TimerControlTrigger             
00001f67  TimerControlEvent               
00001f91  TimerControlStall               
00001fc7  TimerControlWaitOnTrigger       
00002027  TimerRTCEnable                  
0000203d  TimerRTCDisable                 
00002069  TimerClockSourceSet             
00002085  TimerClockSourceGet             
00002095  TimerPrescaleSet                
000020bf  TimerPrescaleGet                
000020db  TimerPrescaleMatchSet           
00002109  TimerPrescaleMatchGet           
00002125  TimerLoadSet                    
0000214f  TimerLoadGet                    
0000216b  TimerLoadSet64                  
00002189  TimerLoadGet64                  
000021bb  TimerValueGet                   
000021d7  TimerValueGet64                 
00002209  TimerMatchSet                   
00002233  TimerMatchGet                   
0000224f  TimerMatchSet64                 
0000226d  TimerMatchGet64                 
0000229f  TimerIntRegister                
000022c7  TimerIntUnregister              
000022e5  TimerIntEnable                  
000022fd  TimerIntDisable                 
00002315  TimerIntStatus                  
00002333  TimerIntClear                   
00002345  TimerSynchronize                
00002357  TimerADCEventSet                
00002369  TimerADCEventGet                
00002377  TimerDMAEventSet                
00002389  TimerDMAEventGet                
00002397  TimerUpdateMode                 
000023eb  __mpu_init                      
000023ef  IntMasterEnable                 
000023ff  IntMasterDisable                
0000240f  IntRegister                     
00002461  IntUnregister                   
00002475  IntPriorityGroupingSet          
0000248f  IntPriorityGroupingGet          
000024c7  IntPrioritySet                  
00002517  IntPriorityGet                  
0000253b  IntEnable                       
000025ad  IntDisable                      
0000261f  IntIsEnabled                    
000026a5  IntPendSet                      
00002715  IntPendClear                    
00002763  IntPriorityMaskSet              
0000276f  IntPriorityMaskGet              
00002777  IntTrigger                      
000027ad  __aeabi_memcpy                  
000027ad  __aeabi_memcpy4                 
000027ad  __aeabi_memcpy8                 
000027ad  memcpy                          
00002849  main                            
000028d1  __aeabi_memclr                  
000028d1  __aeabi_memclr4                 
000028d1  __aeabi_memclr8                 
000028d3  __aeabi_memset                  
000028d3  __aeabi_memset4                 
000028d3  __aeabi_memset8                 
000028d9  memset                          
0000294b  _system_post_cinit              
0000294d  __TI_auto_init                  
000029bd  __TI_decompress_lzss            
00002a25  _c_int00                        
00002a79  C$$EXIT                         
00002a7d  abort                           
00002a85  exit                            
00002acd  copy_in                         
00002b19  CPUcpsid                        
00002b25  CPUprimask                      
00002b2f  CPUcpsie                        
00002b3b  CPUwfi                          
00002b3f  CPUbasepriSet                   
00002b4d  CPUbasepriGet                   
00002b59  _args_main                      
00002b71  _register_unlock                
00002b77  _register_lock                  
00002b7f  _nop                            
00002b85  __TI_decompress_none            
00002b93  __TI_zero_init                  
00002b9f  ResetISR                        
00002bab  SysCtlDelay                     
00002bb1  _system_pre_init                
00003204  __TI_Handler_Table_Base         
00003210  __TI_Handler_Table_Limit        
00003218  __TI_CINIT_Base                 
00003228  __TI_CINIT_Limit                
20000000  g_pfnRAMVectors                 
2000026c  __stack                         
2000046c  __STACK_END                     
2000046c  __STACK_TOP                     
2000046c  __TI_cleanup_ptr                
20000470  __TI_dtors_ptr                  
20000474  __TI_enable_exit_profile_output 
20000478  _lock                           
2000047c  _unlock                         
20000480  main_func_sp                    
ffffffff  __TI_pprof_out_hndl             
ffffffff  __TI_prof_data_size             
ffffffff  __TI_prof_data_start            
ffffffff  __binit__                       
ffffffff  __c_args__                      
ffffffff  binit                           
UNDEFED   SHT$$INIT_ARRAY$$Base           
UNDEFED   SHT$$INIT_ARRAY$$Limit          

[218 symbols]
